07-16 10:59:14.322  3242  3242 E ClassManager: 	at android.app.ActivityThread.main(ActivityThread.java:6121)
07-16 10:59:14.323  3242  3242 E ClassManager: 	at java.lang.reflect.Method.invoke(Native Method)
07-16 10:59:14.323  3242  3242 E ClassManager: 	at com.android.internal.os.ZygoteInit$MethodAndArgsCaller.run(ZygoteInit.java:905)
07-16 10:59:14.324  3242  3242 E ClassManager: 	at com.android.internal.os.ZygoteInit.main(ZygoteInit.java:795)
07-16 10:59:14.326  3242  3242 E ClassManager: Caused by: java.lang.ClassNotFoundException: Didn't find class "org.ejml.dense.row.FMatrixComponent" on path: DexPathList[[dex file "/storage/emulated/0/FIRST/java/build/jars/onBotJavaJar-2022-09-03+16.41.03--396237176/classes.dex"],nativeLibraryDirectories=[/system/lib, /vendor/lib]]
07-16 10:59:14.326  3242  3242 E ClassManager: 	at dalvik.system.BaseDexClassLoader.findClass(BaseDexClassLoader.java:56)
07-16 10:59:14.327  3242  3242 E ClassManager: 	at java.lang.ClassLoader.loadClass(ClassLoader.java:380)
07-16 10:59:14.327  3242  3242 E ClassManager: 	at java.lang.ClassLoader.loadClass(ClassLoader.java:312)
07-16 10:59:14.328  3242  3242 E ClassManager: 	... 18 more
07-16 10:59:17.846  3242  3242 V UpdateUI: Network: inactive, disconnected
07-16 10:59:17.847  3242  3242 V ServiceStarter: attempting to start service FtcRobotControllerWatchdogService
07-16 10:59:17.849  3242  3242 V ServiceStarter: started service FtcRobotControllerWatchdogService
07-16 10:59:17.889  3242  3242 I RobotCore: App info: version=8.1.1 appId=com.qualcomm.ftcrobotcontroller
07-16 10:59:17.889  3242  3242 I RobotCore: Android Device: maker=REV Robotics model=Control Hub v1.0 sdk=25 serial=59c153be559b0958
07-16 10:59:17.889  3242  3242 V AndroidBoard: REV Control Hub contains REV3328
07-16 10:59:17.889  3242  3242 V AndroidBoard: Communicating with embedded REV hub via /dev/ttyS1
07-16 10:59:19.014  3242  3242 I ReflectionConfig: Config class: org.firstinspires.ftc.teamcode.Autonomous.CollinMovement$CollinMoveDash
07-16 10:59:19.016  3242  3242 I ReflectionConfig: Config class: org.firstinspires.ftc.teamcode.Control.Movement$MovementDash
07-16 10:59:19.018  3242  3242 I ReflectionConfig: Config class: org.firstinspires.ftc.teamcode.DashConstants.PositionsAndSpeeds$SlidePositions
07-16 10:59:19.019  3242  3242 I ReflectionConfig: Config class: org.firstinspires.ftc.teamcode.DashConstants.PositionsAndSpeeds$V4BPositions
07-16 10:59:19.020  3242  3242 I ReflectionConfig: Config class: org.firstinspires.ftc.teamcode.DashConstants.PositionsAndSpeeds$grabberPositions
07-16 10:59:19.021  3242  3242 I ReflectionConfig: Config class: org.firstinspires.ftc.teamcode.DashConstants.PositionsAndSpeeds
07-16 10:59:19.023  3242  3242 I ReflectionConfig: Config class: org.firstinspires.ftc.teamcode.Hardware.LupineMecanumDrive
07-16 10:59:19.027  3242  3242 I ReflectionConfig: Config class: org.firstinspires.ftc.teamcode.Testing.ArmControl$ArmDash
07-16 10:59:19.028  3242  3242 I ReflectionConfig: Config class: org.firstinspires.ftc.teamcode.Testing.SlideControl$SlidesDash
07-16 10:59:19.029  3242  3242 I ReflectionConfig: Config class: org.firstinspires.ftc.teamcode.Utilities.ControllerWeights
07-16 10:59:19.094  3242  3242 V RCActivity: onStart()
07-16 10:59:19.098  3242  3242 V RCActivity: onResume()
07-16 10:59:19.118  3242  3242 V NetDiscover_prefremrc: onSharedPreferenceChanged(name=App Restrictions, value=AAAAAA==
07-16 10:59:19.118  3242  3242 V NetDiscover_prefremrc: )
07-16 10:59:19.133  3242  3242 V FtcRobotControllerWatchdogService: onCreate()
07-16 10:59:19.134  3242  3242 V FtcRobotControllerWatchdogService: onStartCommand() intent=Intent { cmp=com.qualcomm.ftcrobotcontroller/org.firstinspires.ftc.ftccommon.internal.FtcRobotControllerWatchdogService } flags=0x0 startId=1
07-16 10:59:19.135  3242  3242 V FtcRobotControllerWatchdogService: shouldAutoLauchRobotController() result=true
07-16 10:59:19.136  3242  3242 V FTCService: onCreate()
07-16 10:59:19.170  3242  3242 W art     : Before Android 4.1, method double java.util.concurrent.ThreadLocalRandom.internalNextDouble(double, double) would have incorrectly overridden the package-private method in java.util.Random
07-16 10:59:19.170  3242  3242 W art     : Before Android 4.1, method int java.util.concurrent.ThreadLocalRandom.internalNextInt(int, int) would have incorrectly overridden the package-private method in java.util.Random
07-16 10:59:19.170  3242  3242 W art     : Before Android 4.1, method long java.util.concurrent.ThreadLocalRandom.internalNextLong(long, long) would have incorrectly overridden the package-private method in java.util.Random
07-16 10:59:19.199  3242  3242 V FTCService: onBind()
07-16 10:59:19.239  3242  3242 V CoreRobotWebServer: creating NanoHTTPD(8080)
07-16 10:59:19.241  3242  3242 V WebSocketManager: Registered broadcast-only namespace progress
07-16 10:59:19.249  3242  3242 V WebSocketManager: Registered handler for namespace ControlHubUpdater
07-16 10:59:19.250  3242  3242 V RobotCore: Getting network assistant of type: RCWIRELESSAP
07-16 10:59:19.252  3242  3242 I RobotControllerAccessPointAssistant: Enabling network services
07-16 10:59:19.255  3242  3242 I RobotControllerAccessPointAssistant: Sending SSID and password to AP service
07-16 10:59:19.257  3242  3242 I RobotCore: caosrobotics
07-16 10:59:19.257  3242  3242 D RobotControllerAccessPointAssistant: setNetworkProperties(deviceName=14338-RC, password=caosrobotics, ApChannel=null) sendSettingsIndividually=false
07-16 10:59:19.257  3242  3242 I NetDiscover_ControlHubNameManager: Robot controller name: 14338-RC
07-16 10:59:19.258  3242  3242 I ControlHubPasswordManager: Robot controller password: caosrobotics
07-16 10:59:19.258  3242  3242 D RobotControllerAccessPointAssistant: Sending bulk settings broadcast intent
07-16 10:59:19.429  3242  3307 I OpenGLRenderer: Initialized EGL, version 1.4
07-16 10:59:19.429  3242  3307 D OpenGLRenderer: Swap behavior 1
07-16 10:59:19.458  3242  3242 I RobotControllerAccessPointAssistant: Wi-Fi state change:, wifiApState: 13
07-16 10:59:19.459  3242  3242 I FTCService: onNetworkConnectionEvent: CONNECTION_INFO_AVAILABLE
07-16 10:59:19.459  3242  3242 I RobotCore: caosrobotics
07-16 10:59:19.459  3242  3242 I FTCService: Network Connection Passphrase: caosrobotics
07-16 10:59:19.460  3242  3242 V CoreRobotWebServer: starting port=8080
07-16 10:59:19.472  3242  3242 V RobotCore: Getting network assistant of type: RCWIRELESSAP
07-16 10:59:19.472  3242  3242 V CoreRobotWebServer: started port=8080
07-16 10:59:19.473  3242  3242 V FTCService: RCActivity.controllerService=bound
07-16 10:59:19.473  3242  3242 V UpdateUI: Network: active, disconnected
07-16 10:59:19.475  3242  3242 V RobotCore: Robot Status: stopped
07-16 10:59:19.491  3242  3318 V RobotCore: thread: 'RobotSetupRunnable.run()' starting...
07-16 10:59:19.491  3242  3318 V FTCService: Processing robot setup
07-16 10:59:19.492  3242  3318 V RobotCore: Robot Status: stopped, scanning for USB devices
07-16 10:59:19.492  3242  3318 I AppAliveNotifier: Telling the OS to set the RC alive notification timeout to 10 seconds
07-16 10:59:19.496  3242  3312 V TooTallWebSocketServer: Started WebSocket server on port 8081
07-16 10:59:19.524  3242  3242 V WebSocketManager: Registered handler for namespace ONBOTJAVA
07-16 10:59:19.647  3242  3307 I [Gralloc]:  ion device open success! fd = 94
07-16 10:59:19.874  3242  3242 V AppUtil : rootActivity=PermissionValidatorWrapper destroyed
07-16 10:59:19.874  3242  3242 V AppUtil : rootActivity=FtcRobotControllerActivity
07-16 10:59:19.875  3242  3242 I PermissionValidatorActivity: Lifecycle onDestroy : a650e24
07-16 10:59:20.365  3364  3364 I ps      : type=1400 audit(0.0:417): avc: denied { getattr } for path="/proc/1" dev="proc" ino=6657 scontext=u:r:untrusted_app:s0:c512,c768 tcontext=u:r:init:s0 tclass=dir permissive=1
07-16 10:59:20.365  3364  3364 I ps      : type=1400 audit(0.0:418): avc: denied { search } for name="1" dev="proc" ino=6657 scontext=u:r:untrusted_app:s0:c512,c768 tcontext=u:r:init:s0 tclass=dir permissive=1
07-16 10:59:20.365  3364  3364 I ps      : type=1400 audit(0.0:419): avc: denied { read } for name="cmdline" dev="proc" ino=19840 scontext=u:r:untrusted_app:s0:c512,c768 tcontext=u:r:init:s0 tclass=file permissive=1
07-16 10:59:20.368  3364  3364 I ps      : type=1400 audit(0.0:420): avc: denied { open } for path="/proc/1/cmdline" dev="proc" ino=19840 scontext=u:r:untrusted_app:s0:c512,c768 tcontext=u:r:init:s0 tclass=file permissive=1
07-16 10:59:20.368  3364  3364 I ps      : type=1400 audit(0.0:421): avc: denied { getattr } for path="/proc/2" dev="proc" ino=8872 scontext=u:r:untrusted_app:s0:c512,c768 tcontext=u:r:kernel:s0 tclass=dir permissive=1
07-16 10:59:20.368  3364  3364 I ps      : type=1400 audit(0.0:422): avc: denied { search } for name="2" dev="proc" ino=8872 scontext=u:r:untrusted_app:s0:c512,c768 tcontext=u:r:kernel:s0 tclass=dir permissive=1
07-16 10:59:20.368  3364  3364 I ps      : type=1400 audit(0.0:423): avc: denied { read } for name="cmdline" dev="proc" ino=8971 scontext=u:r:untrusted_app:s0:c512,c768 tcontext=u:r:kernel:s0 tclass=file permissive=1
07-16 10:59:20.368  3364  3364 I ps      : type=1400 audit(0.0:424): avc: denied { open } for path="/proc/2/cmdline" dev="proc" ino=8971 scontext=u:r:untrusted_app:s0:c512,c768 tcontext=u:r:kernel:s0 tclass=file permissive=1
--------- beginning of main
07-16 10:59:22.141  3389  3389 D Uvc     : [jni.cpp:72] JNI_OnLoad()...
07-16 10:59:22.141  3389  3389 D Uvc     : [JniEnv.h:32] ScopedJniEnv::onJniLoad()...
07-16 10:59:22.141  3389  3389 D Uvc     : [JniEnv.h:32] ...ScopedJniEnv::onJniLoad()
07-16 10:59:22.141  3389  3389 D Uvc     : [jni.cpp:72] ...JNI_OnLoad()
07-16 10:59:22.148  3389  3389 V AppUtil : initializing: getExternalStorageDirectory()=/storage/emulated/0
07-16 10:59:22.153  3389  3389 I AppUtil : found usbFileSystemRoot: /dev/bus/usb
07-16 10:59:22.166  3389  3389 I AppAliveNotifier: Telling the OS to set the RC alive notification timeout to 20 seconds
07-16 10:59:22.175  3389  3412 V RobotCore: saving logcat to /storage/emulated/0/robotControllerLog.txt
07-16 10:59:22.175  3389  3412 V RobotCore: logging command line: exec logcat -f /storage/emulated/0/robotControllerLog.txt -r4096 -n4 -v threadtime UsbRequestJNI:S UsbRequest:S art:W ThreadPool:W System:W ExtendedExtractor:W OMXClient:W MediaPlayer:W dalvikvm:W  *:V
07-16 10:59:22.188  3389  3389 V AppUtil : rootActivity=PermissionValidatorWrapper
07-16 10:59:22.188  3389  3389 I PermissionValidatorActivity: Lifecycle onCreate : a650e24
07-16 10:59:22.208  3408  3408 I ps      : type=1400 audit(0.0:425): avc: denied { getattr } for path="/proc/1" dev="proc" ino=6657 scontext=u:r:untrusted_app:s0:c512,c768 tcontext=u:r:init:s0 tclass=dir permissive=1
07-16 10:59:22.222  3389  3412 I RobotCore: Done running ps
07-16 10:59:22.212  3408  3408 I ps      : type=1400 audit(0.0:426): avc: denied { search } for name="1" dev="proc" ino=6657 scontext=u:r:untrusted_app:s0:c512,c768 tcontext=u:r:init:s0 tclass=dir permissive=1
07-16 10:59:22.212  3408  3408 I ps      : type=1400 audit(0.0:427): avc: denied { read } for name="cmdline" dev="proc" ino=19840 scontext=u:r:untrusted_app:s0:c512,c768 tcontext=u:r:init:s0 tclass=file permissive=1
07-16 10:59:22.212  3408  3408 I ps      : type=1400 audit(0.0:428): avc: denied { open } for path="/proc/1/cmdline" dev="proc" ino=19840 scontext=u:r:untrusted_app:s0:c512,c768 tcontext=u:r:init:s0 tclass=file permissive=1
07-16 10:59:22.232  3415  3415 I sh      : type=1400 audit(0.0:429): avc: denied { read } for name="/" dev="rootfs" ino=1 scontext=u:r:untrusted_app:s0:c512,c768 tcontext=u:object_r:rootfs:s0 tclass=dir permissive=1
07-16 10:59:22.232  3415  3415 I sh      : type=1400 audit(0.0:430): avc: denied { open } for path="/" dev="rootfs" ino=1 scontext=u:r:untrusted_app:s0:c512,c768 tcontext=u:object_r:rootfs:s0 tclass=dir permissive=1
07-16 10:59:22.297  3389  3389 I PermissionValidatorActivity: Lifecycle onStart : a650e24
07-16 10:59:22.298  3389  3389 I PermissionValidator: Checking permission for android.permission.WRITE_EXTERNAL_STORAGE
07-16 10:59:22.301  3389  3389 I PermissionValidator:     Granted: android.permission.WRITE_EXTERNAL_STORAGE
07-16 10:59:22.301  3389  3389 I PermissionValidator: Checking permission for android.permission.READ_EXTERNAL_STORAGE
07-16 10:59:22.302  3389  3389 I PermissionValidator:     Granted: android.permission.READ_EXTERNAL_STORAGE
07-16 10:59:22.302  3389  3389 I PermissionValidator: Checking permission for android.permission.CAMERA
07-16 10:59:22.303  3389  3389 I PermissionValidator:     Granted: android.permission.CAMERA
07-16 10:59:22.303  3389  3389 I PermissionValidator: Checking permission for android.permission.ACCESS_COARSE_LOCATION
07-16 10:59:22.304  3389  3389 I PermissionValidator:     Granted: android.permission.ACCESS_COARSE_LOCATION
07-16 10:59:22.304  3389  3389 I PermissionValidator: Checking permission for android.permission.ACCESS_FINE_LOCATION
07-16 10:59:22.305  3389  3389 I PermissionValidator:     Granted: android.permission.ACCESS_FINE_LOCATION
07-16 10:59:22.305  3389  3389 I PermissionValidator: Checking permission for android.permission.READ_PHONE_STATE
07-16 10:59:22.306  3389  3389 I PermissionValidator:     Granted: android.permission.READ_PHONE_STATE
07-16 10:59:22.309  3389  3389 V ServiceStarter: attempting to start service MediaTransferProtocolMonitorService
07-16 10:59:22.311  3389  3389 V ServiceStarter: started service MediaTransferProtocolMonitorService
07-16 10:59:22.312  3389  3389 V ServiceStarter: attempting to start service OnBotJavaService
07-16 10:59:22.314  3389  3389 V ServiceStarter: started service OnBotJavaService
07-16 10:59:22.314  3389  3389 I PermissionValidatorActivity: All permissions validated.  Starting RobotController
07-16 10:59:22.327  3389  3389 V MTPMonitorService: onCreate()
07-16 10:59:22.328  3389  3389 V MTPMonitorService: onStartCommand() intent=Intent { cmp=com.qualcomm.ftcrobotcontroller/org.firstinspires.ftc.robotcore.internal.files.MediaTransferProtocolMonitorService } flags=0x0 startId=1
07-16 10:59:22.332  3389  3389 V MTPMonitor: observing: /storage/emulated/0
07-16 10:59:22.404  3389  3389 V OnBotJavaService: onCreate()
07-16 10:59:22.405  3389  3389 V OnBotJavaService: onStartCommand() intent=Intent { cmp=com.qualcomm.ftcrobotcontroller/org.firstinspires.ftc.onbotjava.OnBotJavaService } flags=0x0 startId=1
07-16 10:59:22.406  3389  3389 V OnBotJava: OnBotJavaManager::static
07-16 10:59:22.875  3389  3389 V OnBotJava: ctor()...
07-16 10:59:22.876  3389  3389 V OnBotJava: ...ctor()
07-16 10:59:22.881  3389  3389 V RCActivity: Permissions validated already
07-16 10:59:22.881  3389  3389 V RCActivity: onCreate()
07-16 10:59:22.883  3389  3389 V RCActivity: rootActivity is of class PermissionValidatorWrapper
07-16 10:59:22.885  3389  3389 I robotcontroller: type=1400 audit(0.0:431): avc: denied { read } for name="direction" dev="sysfs" ino=16601 scontext=u:r:untrusted_app:s0:c512,c768 tcontext=u:object_r:sysfs:s0 tclass=file permissive=1
07-16 10:59:22.886  3389  3389 V RCActivity: launchActivity is of class class org.firstinspires.ftc.robotcontroller.internal.PermissionValidatorWrapper
07-16 10:59:22.885  3389  3389 I robotcontroller: type=1400 audit(0.0:432): avc: denied { open } for path="/sys/devices/pinctrl.26/gpio/gpio50/direction" dev="sysfs" ino=16601 scontext=u:r:untrusted_app:s0:c512,c768 tcontext=u:object_r:sysfs:s0 tclass=file permissive=1
07-16 10:59:22.885  3389  3389 I robotcontroller: type=1400 audit(0.0:433): avc: denied { getattr } for path="/sys/devices/pinctrl.26/gpio/gpio50/direction" dev="sysfs" ino=16601 scontext=u:r:untrusted_app:s0:c512,c768 tcontext=u:object_r:sysfs:s0 tclass=file permissive=1
07-16 10:59:22.885  3389  3389 I robotcontroller: type=1400 audit(0.0:434): avc: denied { write } for name="value" dev="sysfs" ino=13327 scontext=u:r:untrusted_app:s0:c512,c768 tcontext=u:object_r:sysfs:s0 tclass=file permissive=1
07-16 10:59:22.895  3389  3423 V CallbackLooper: thread=72
07-16 10:59:22.898  3389  3389 V NetDiscover_wifiDirectAgent: doStart()...
07-16 10:59:22.903  3389  3389 V NetDiscover_wifiDirectAgent: ...doStart()
07-16 10:59:22.904  3389  3389 V NetDiscover_prefremrc: ----- all preferences -----
07-16 10:59:22.904  3389  3389 V NetDiscover_prefremrc: name='android.permission.READ_PHONE_STATE' value=false
07-16 10:59:22.904  3389  3389 V NetDiscover_prefremrc: name='pref_autostarted_robot_controller' value=true
07-16 10:59:22.904  3389  3389 V NetDiscover_prefremrc: name='pref_warn_about_obsolete_software' value=true
07-16 10:59:22.904  3389  3389 V NetDiscover_prefremrc: name='pref_has_independent_phone_battery' value=false
07-16 10:59:22.905  3389  3389 V NetDiscover_prefremrc: name='android.permission.CAMERA' value=false
07-16 10:59:22.905  3389  3389 V NetDiscover_prefremrc: name='pref_wifip2p_remote_channel_change_works' value=false
07-16 10:59:22.905  3389  3389 V NetDiscover_prefremrc: name='pref_hardware_config_filename' value={"isDirty":false,"location":"LOCAL_STORAGE","name":"just logi cam","resourceId":0}
07-16 10:59:22.905  3389  3389 V NetDiscover_prefremrc: name='pref_warn_about_mismatched_app_versions' value=true
07-16 10:59:22.905  3389  3389 V NetDiscover_prefremrc: name='pref_sound_on_off' value=false
07-16 10:59:22.905  3389  3389 V NetDiscover_prefremrc: name='pref_ftc_season_year_of_current_rc_new' value=2022
07-16 10:59:22.905  3389  3389 V NetDiscover_prefremrc: name='App Restrictions' value=AAAAAA==
07-16 10:59:22.905  3389  3389 V NetDiscover_prefremrc:     
07-16 10:59:22.905  3389  3389 V NetDiscover_prefremrc: name='pref_warn_about_incorrect_clocks' value=true
07-16 10:59:22.905  3389  3389 V NetDiscover_prefremrc: name='android.permission.ACCESS_COARSE_LOCATION' value=false
07-16 10:59:22.906  3389  3389 V NetDiscover_prefremrc: name='pref_ftc_season_year_of_current_rc' value=2021
07-16 10:59:22.906  3389  3389 V NetDiscover_prefremrc: name='pref_has_speaker' value=false
07-16 10:59:22.906  3389  3389 V NetDiscover_prefremrc: name='android.permission.WRITE_EXTERNAL_STORAGE' value=false
07-16 10:59:22.906  3389  3389 V NetDiscover_prefremrc: name='pref_connection_owner_password' value=caosrobotics
07-16 10:59:22.906  3389  3389 V NetDiscover_prefremrc: name='pref_pairing_kind' value=RCWIRELESSAP
07-16 10:59:22.906  3389  3389 V NetDiscover_prefremrc: name='pref_device_name_internal' value=14338-RC
07-16 10:59:22.906  3389  3389 V NetDiscover_prefremrc: name='android.permission.ACCESS_FINE_LOCATION' value=false
07-16 10:59:22.907  3389  3389 V NetDiscover_prefremrc: name='pref_app_theme' value=red
07-16 10:59:22.907  3389  3389 V NetDiscover_prefremrc: name='pref_device_name' value=14338-RC
07-16 10:59:22.907  3389  3389 V NetDiscover_prefremrc: name='pref_warn_about_2_4_ghz_band' value=true
07-16 10:59:22.907  3389  3389 V NetDiscover_prefremrc: name='android.permission.READ_EXTERNAL_STORAGE' value=false
07-16 10:59:22.907  3389  3389 V NetDiscover_prefremrc: name='pref_device_name_tracking' value=WIFIAP
07-16 10:59:22.907  3389  3389 V NetDiscover_prefremrc: name='pref_rc_connected' value=true
07-16 10:59:22.912  3389  3389 V Robocol : SendOnceRunnable created
07-16 10:59:22.914  3389  3389 V NetDiscover_prefremrc: doStart()...
07-16 10:59:22.914  3389  3389 V NetDiscover_prefremrc: ...doStart()
07-16 10:59:22.944  3389  3389 W System  : ClassLoader referenced unknown path: /system/app/webview/lib/arm
07-16 10:59:22.945  3389  3389 D ApplicationLoaders: ignored Vulkan layer search path /system/app/webview/lib/arm:/system/app/webview/webview.apk!/lib/armeabi-v7a:/system/lib:/vendor/lib for namespace 0xf0146090
07-16 10:59:22.948  3389  3389 I WebViewFactory: Loading com.android.webview version 52.0.2743.100 (code 275610050)
07-16 10:59:22.978  3389  3389 I cr_LibraryLoader: Time to load native libraries: 3 ms (timestamps 2831-2834)
07-16 10:59:22.978  3389  3389 I cr_LibraryLoader: Expected native library version number "52.0.2743.100", actual native library version number "52.0.2743.100"
07-16 10:59:22.991  3389  3389 V WebViewChromiumFactoryProvider: Binding Chromium to main looper Looper (main, tid 1) {7b7ef7b}
07-16 10:59:22.991  3389  3389 I cr_LibraryLoader: Expected native library version number "52.0.2743.100", actual native library version number "52.0.2743.100"
07-16 10:59:22.991  3389  3389 I chromium: [INFO:library_loader_hooks.cc(143)] Chromium logging enabled: level = 0, default verbosity = 0
07-16 10:59:23.009  3389  3389 I cr_BrowserStartup: Initializing chromium process, singleProcess=true
07-16 10:59:23.033  3389  3389 I mali_so : [File] : hardware/rockchip/driver/./src/base/arch/arch_011_udd/base_arch_main.c; [Line] : 565; [Func] : deal_with_version_affairs_rk_ext;
07-16 10:59:23.033  3389  3389 I mali_so : arm_release_ver of this mali_so is 'r7p0-00rel1', rk_so_ver is '1@2' for 3328h_android_7.1, built at '15:47:49', on 'Jun 28 2017'.
07-16 10:59:23.033  3389  3389 I mali_so : [File] : hardware/rockchip/driver/./src/base/arch/arch_011_udd/base_arch_main.c; [Line] : 578; [Func] : deal_with_version_affairs_rk_ext;
07-16 10:59:23.033  3389  3389 I mali_so : mali_ver_property has been set to 'r7p0-00rel1-5-1@2', to return.
07-16 10:59:23.095  3389  3389 I cr_DRP  : No DRP key due to exception:java.lang.ClassNotFoundException: com.android.webview.chromium.Drp
07-16 10:59:23.141  3389  3389 W cr_AwContents: onDetachedFromWindow called when already detached. Ignoring
07-16 10:59:24.284  3389  3389 W ClassManager: org.ejml.dense.row.DMatrixComponent java.lang.ClassNotFoundException: org.ejml.dense.row.DMatrixComponent
07-16 10:59:24.288  3389  3389 E ClassManager: java.lang.ClassNotFoundException: org.ejml.dense.row.DMatrixComponent
07-16 10:59:24.289  3389  3389 E ClassManager: 	at java.lang.Class.classForName(Native Method)
07-16 10:59:24.291  3389  3389 E ClassManager: 	at java.lang.Class.forName(Class.java:400)
07-16 10:59:24.294  3389  3389 E ClassManager: 	at org.firstinspires.ftc.robotcore.internal.opmode.ClassManager.classNamesToClasses(ClassManager.java:229)
07-16 10:59:24.296  3389  3389 E ClassManager: 	at org.firstinspires.ftc.robotcore.internal.opmode.ClassManager.processAllClasses(ClassManager.java:279)
07-16 10:59:24.296  3389  3389 E ClassManager: 	at com.qualcomm.ftccommon.ClassManagerFactory.processAllClasses(ClassManagerFactory.java:102)
07-16 10:59:24.297  3389  3389 E ClassManager: 	at org.firstinspires.ftc.robotcontroller.internal.FtcRobotControllerActivity.onCreate(FtcRobotControllerActivity.java:356)
07-16 10:59:24.298  3389  3389 E ClassManager: 	at android.app.Activity.performCreate(Activity.java:6709)
07-16 10:59:24.298  3389  3389 E ClassManager: 	at android.app.Instrumentation.callActivityOnCreate(Instrumentation.java:1118)
07-16 10:59:24.299  3389  3389 E ClassManager: 	at android.app.ActivityThread.performLaunchActivity(ActivityThread.java:2619)
07-16 10:59:24.299  3389  3389 E ClassManager: 	at android.app.ActivityThread.handleLaunchActivity(ActivityThread.java:2727)
07-16 10:59:24.300  3389  3389 E ClassManager: 	at android.app.ActivityThread.-wrap12(ActivityThread.java)
07-16 10:59:24.300  3389  3389 E ClassManager: 	at android.app.ActivityThread$H.handleMessage(ActivityThread.java:1478)
07-16 10:59:24.301  3389  3389 E ClassManager: 	at android.os.Handler.dispatchMessage(Handler.java:102)
07-16 10:59:24.301  3389  3389 E ClassManager: 	at android.os.Looper.loop(Looper.java:154)
07-16 10:59:24.302  3389  3389 E ClassManager: 	at android.app.ActivityThread.main(ActivityThread.java:6121)
07-16 10:59:24.302  3389  3389 E ClassManager: 	at java.lang.reflect.Method.invoke(Native Method)
07-16 10:59:24.302  3389  3389 E ClassManager: 	at com.android.internal.os.ZygoteInit$MethodAndArgsCaller.run(ZygoteInit.java:905)
07-16 10:59:24.303  3389  3389 E ClassManager: 	at com.android.internal.os.ZygoteInit.main(ZygoteInit.java:795)
07-16 10:59:24.307  3389  3389 E ClassManager: Caused by: java.lang.ClassNotFoundException: Didn't find class "org.ejml.dense.row.DMatrixComponent" on path: DexPathList[[dex file "/storage/emulated/0/FIRST/java/build/jars/onBotJavaJar-2022-09-03+16.41.03--396237176/classes.dex"],nativeLibraryDirectories=[/system/lib, /vendor/lib]]
07-16 10:59:24.308  3389  3389 E ClassManager: 	at dalvik.system.BaseDexClassLoader.findClass(BaseDexClassLoader.java:56)
07-16 10:59:24.308  3389  3389 E ClassManager: 	at java.lang.ClassLoader.loadClass(ClassLoader.java:380)
07-16 10:59:24.309  3389  3389 E ClassManager: 	at java.lang.ClassLoader.loadClass(ClassLoader.java:312)
07-16 10:59:24.309  3389  3389 E ClassManager: 	... 18 more
07-16 10:59:24.314  3389  3389 W ClassManager: org.ejml.dense.row.FMatrixComponent java.lang.ClassNotFoundException: org.ejml.dense.row.FMatrixComponent
07-16 10:59:24.315  3389  3389 E ClassManager: java.lang.ClassNotFoundException: org.ejml.dense.row.FMatrixComponent
07-16 10:59:24.316  3389  3389 E ClassManager: 	at java.lang.Class.classForName(Native Method)
07-16 10:59:24.317  3389  3389 E ClassManager: 	at java.lang.Class.forName(Class.java:400)
07-16 10:59:24.317  3389  3389 E ClassManager: 	at org.firstinspires.ftc.robotcore.internal.opmode.ClassManager.classNamesToClasses(ClassManager.java:229)
07-16 10:59:24.318  3389  3389 E ClassManager: 	at org.firstinspires.ftc.robotcore.internal.opmode.ClassManager.processAllClasses(ClassManager.java:279)
07-16 10:59:24.318  3389  3389 E ClassManager: 	at com.qualcomm.ftccommon.ClassManagerFactory.processAllClasses(ClassManagerFactory.java:102)
07-16 10:59:24.319  3389  3389 E ClassManager: 	at org.firstinspires.ftc.robotcontroller.internal.FtcRobotControllerActivity.onCreate(FtcRobotControllerActivity.java:356)
07-16 10:59:24.319  3389  3389 E ClassManager: 	at android.app.Activity.performCreate(Activity.java:6709)
07-16 10:59:24.320  3389  3389 E ClassManager: 	at android.app.Instrumentation.callActivityOnCreate(Instrumentation.java:1118)
07-16 10:59:24.320  3389  3389 E ClassManager: 	at android.app.ActivityThread.performLaunchActivity(ActivityThread.java:2619)
07-16 10:59:24.321  3389  3389 E ClassManager: 	at android.app.ActivityThread.handleLaunchActivity(ActivityThread.java:2727)
07-16 10:59:24.321  3389  3389 E ClassManager: 	at android.app.ActivityThread.-wrap12(ActivityThread.java)
07-16 10:59:24.322  3389  3389 E ClassManager: 	at android.app.ActivityThread$H.handleMessage(ActivityThread.java:1478)
07-16 10:59:24.322  3389  3389 E ClassManager: 	at android.os.Handler.dispatchMessage(Handler.java:102)
07-16 10:59:24.323  3389  3389 E ClassManager: 	at android.os.Looper.loop(Looper.java:154)
07-16 10:59:24.324  3389  3389 E ClassManager: 	at android.app.ActivityThread.main(ActivityThread.java:6121)
07-16 10:59:24.324  3389  3389 E ClassManager: 	at java.lang.reflect.Method.invoke(Native Method)
07-16 10:59:24.325  3389  3389 E ClassManager: 	at com.android.internal.os.ZygoteInit$MethodAndArgsCaller.run(ZygoteInit.java:905)
07-16 10:59:24.325  3389  3389 E ClassManager: 	at com.android.internal.os.ZygoteInit.main(ZygoteInit.java:795)
07-16 10:59:24.326  3389  3389 E ClassManager: Caused by: java.lang.ClassNotFoundException: Didn't find class "org.ejml.dense.row.FMatrixComponent" on path: DexPathList[[dex file "/storage/emulated/0/FIRST/java/build/jars/onBotJavaJar-2022-09-03+16.41.03--396237176/classes.dex"],nativeLibraryDirectories=[/system/lib, /vendor/lib]]
07-16 10:59:24.327  3389  3389 E ClassManager: 	at dalvik.system.BaseDexClassLoader.findClass(BaseDexClassLoader.java:56)
07-16 10:59:24.327  3389  3389 E ClassManager: 	at java.lang.ClassLoader.loadClass(ClassLoader.java:380)
07-16 10:59:24.328  3389  3389 E ClassManager: 	at java.lang.ClassLoader.loadClass(ClassLoader.java:312)
07-16 10:59:24.328  3389  3389 E ClassManager: 	... 18 more
07-16 10:59:27.370  3389  3389 V UpdateUI: Network: inactive, disconnected
07-16 10:59:27.371  3389  3389 V ServiceStarter: attempting to start service FtcRobotControllerWatchdogService
07-16 10:59:27.373  3389  3389 V ServiceStarter: started service FtcRobotControllerWatchdogService
07-16 10:59:27.394  3389  3389 I RobotCore: App info: version=8.1.1 appId=com.qualcomm.ftcrobotcontroller
07-16 10:59:27.394  3389  3389 I RobotCore: Android Device: maker=REV Robotics model=Control Hub v1.0 sdk=25 serial=59c153be559b0958
07-16 10:59:27.394  3389  3389 V AndroidBoard: REV Control Hub contains REV3328
07-16 10:59:27.394  3389  3389 V AndroidBoard: Communicating with embedded REV hub via /dev/ttyS1
07-16 10:59:28.517  3389  3389 I ReflectionConfig: Config class: org.firstinspires.ftc.teamcode.Autonomous.CollinMovement$CollinMoveDash
07-16 10:59:28.519  3389  3389 I ReflectionConfig: Config class: org.firstinspires.ftc.teamcode.Control.Movement$MovementDash
07-16 10:59:28.520  3389  3389 I ReflectionConfig: Config class: org.firstinspires.ftc.teamcode.DashConstants.PositionsAndSpeeds$SlidePositions
07-16 10:59:28.522  3389  3389 I ReflectionConfig: Config class: org.firstinspires.ftc.teamcode.DashConstants.PositionsAndSpeeds$V4BPositions
07-16 10:59:28.523  3389  3389 I ReflectionConfig: Config class: org.firstinspires.ftc.teamcode.DashConstants.PositionsAndSpeeds$grabberPositions
07-16 10:59:28.524  3389  3389 I ReflectionConfig: Config class: org.firstinspires.ftc.teamcode.DashConstants.PositionsAndSpeeds
07-16 10:59:28.525  3389  3389 I ReflectionConfig: Config class: org.firstinspires.ftc.teamcode.Hardware.LupineMecanumDrive
07-16 10:59:28.529  3389  3389 I ReflectionConfig: Config class: org.firstinspires.ftc.teamcode.Testing.ArmControl$ArmDash
07-16 10:59:28.530  3389  3389 I ReflectionConfig: Config class: org.firstinspires.ftc.teamcode.Testing.SlideControl$SlidesDash
07-16 10:59:28.531  3389  3389 I ReflectionConfig: Config class: org.firstinspires.ftc.teamcode.Utilities.ControllerWeights
07-16 10:59:28.595  3389  3389 V RCActivity: onStart()
07-16 10:59:28.599  3389  3389 V RCActivity: onResume()
07-16 10:59:28.619  3389  3389 V NetDiscover_prefremrc: onSharedPreferenceChanged(name=App Restrictions, value=AAAAAA==
07-16 10:59:28.619  3389  3389 V NetDiscover_prefremrc: )
07-16 10:59:28.635  3389  3389 V FtcRobotControllerWatchdogService: onCreate()
07-16 10:59:28.636  3389  3389 V FtcRobotControllerWatchdogService: onStartCommand() intent=Intent { cmp=com.qualcomm.ftcrobotcontroller/org.firstinspires.ftc.ftccommon.internal.FtcRobotControllerWatchdogService } flags=0x0 startId=1
07-16 10:59:28.637  3389  3389 V FtcRobotControllerWatchdogService: shouldAutoLauchRobotController() result=true
07-16 10:59:28.638  3389  3389 V FTCService: onCreate()
07-16 10:59:28.681  3389  3389 W art     : Before Android 4.1, method double java.util.concurrent.ThreadLocalRandom.internalNextDouble(double, double) would have incorrectly overridden the package-private method in java.util.Random
07-16 10:59:28.681  3389  3389 W art     : Before Android 4.1, method int java.util.concurrent.ThreadLocalRandom.internalNextInt(int, int) would have incorrectly overridden the package-private method in java.util.Random
07-16 10:59:28.681  3389  3389 W art     : Before Android 4.1, method long java.util.concurrent.ThreadLocalRandom.internalNextLong(long, long) would have incorrectly overridden the package-private method in java.util.Random
07-16 10:59:28.715  3389  3389 V FTCService: onBind()
07-16 10:59:28.747  3389  3389 V CoreRobotWebServer: creating NanoHTTPD(8080)
07-16 10:59:28.750  3389  3389 V WebSocketManager: Registered broadcast-only namespace progress
07-16 10:59:28.755  3389  3389 V WebSocketManager: Registered handler for namespace ControlHubUpdater
07-16 10:59:28.757  3389  3389 V RobotCore: Getting network assistant of type: RCWIRELESSAP
07-16 10:59:28.758  3389  3389 I RobotControllerAccessPointAssistant: Enabling network services
07-16 10:59:28.760  3389  3389 I RobotControllerAccessPointAssistant: Sending SSID and password to AP service
07-16 10:59:28.761  3389  3389 I RobotCore: caosrobotics
07-16 10:59:28.761  3389  3389 D RobotControllerAccessPointAssistant: setNetworkProperties(deviceName=14338-RC, password=caosrobotics, ApChannel=null) sendSettingsIndividually=false
07-16 10:59:28.761  3389  3389 I NetDiscover_ControlHubNameManager: Robot controller name: 14338-RC
07-16 10:59:28.762  3389  3389 I ControlHubPasswordManager: Robot controller password: caosrobotics
07-16 10:59:28.762  3389  3389 D RobotControllerAccessPointAssistant: Sending bulk settings broadcast intent
07-16 10:59:28.821  3389  3453 I OpenGLRenderer: Initialized EGL, version 1.4
07-16 10:59:28.821  3389  3453 D OpenGLRenderer: Swap behavior 1
07-16 10:59:28.827  3389  3389 I RobotControllerAccessPointAssistant: Wi-Fi state change:, wifiApState: 13
07-16 10:59:28.827  3389  3389 I FTCService: onNetworkConnectionEvent: CONNECTION_INFO_AVAILABLE
07-16 10:59:28.827  3389  3389 I RobotCore: caosrobotics
07-16 10:59:28.827  3389  3389 I FTCService: Network Connection Passphrase: caosrobotics
07-16 10:59:28.828  3389  3389 V CoreRobotWebServer: starting port=8080
07-16 10:59:28.839  3389  3389 V RobotCore: Getting network assistant of type: RCWIRELESSAP
07-16 10:59:28.840  3389  3389 V CoreRobotWebServer: started port=8080
07-16 10:59:28.841  3389  3389 V FTCService: RCActivity.controllerService=bound
07-16 10:59:28.841  3389  3389 V UpdateUI: Network: active, disconnected
07-16 10:59:28.842  3389  3389 V RobotCore: Robot Status: stopped
07-16 10:59:28.848  3389  3458 V TooTallWebSocketServer: Started WebSocket server on port 8081
07-16 10:59:28.852  3389  3461 V RobotCore: thread: 'RobotSetupRunnable.run()' starting...
07-16 10:59:28.853  3389  3461 V FTCService: Processing robot setup
07-16 10:59:28.853  3389  3461 V RobotCore: Robot Status: stopped, scanning for USB devices
07-16 10:59:28.854  3389  3461 I AppAliveNotifier: Telling the OS to set the RC alive notification timeout to 10 seconds
07-16 10:59:28.877  3389  3389 V WebSocketManager: Registered handler for namespace ONBOTJAVA
07-16 10:59:28.925  3389  3453 I [Gralloc]:  ion device open success! fd = 93
07-16 10:59:28.997  3389  3389 V AppUtil : rootActivity=PermissionValidatorWrapper destroyed
07-16 10:59:28.997  3389  3389 V AppUtil : rootActivity=FtcRobotControllerActivity
07-16 10:59:28.997  3389  3389 I PermissionValidatorActivity: Lifecycle onDestroy : a650e24
07-16 10:59:33.861  3389  3461 V RobotCore: EventLoopManager state is NOT_STARTED
07-16 10:59:33.861  3389  3461 V FTCService: Waiting for a connection to a Wi-Fi service
07-16 10:59:33.862  3389  3461 V RobotCore: Robot Status: stopped, waiting for network to become active
07-16 10:59:33.864  3389  3461 I RobotControllerAccessPointAssistant: Wi-Fi AP is enabled
07-16 10:59:33.865  3389  3461 V CoreRobotWebServer: Asked an already running WebServer to start
07-16 10:59:33.865  3389  3461 V RobotCore: Robot Status: stopped, starting robot
07-16 10:59:33.865  3389  3461 V Robocol : EventLoopManager.start()
07-16 10:59:33.865  3389  3461 V RobotCore: Getting network assistant of type: RCWIRELESSAP
07-16 10:59:33.866  3389  3461 I RobotControllerAccessPointAssistant: Wi-Fi AP is enabled
07-16 10:59:33.867  3389  3461 V Robocol : Spoofing a Network Connection event...
07-16 10:59:33.867  3389  3461 I EventLoopManager: onNetworkConnectionEvent: CONNECTION_INFO_AVAILABLE
07-16 10:59:33.867  3389  3461 I Robocol : Received network connection event
07-16 10:59:33.868  3389  3461 I RobotControllerAccessPointAssistant: Wi-Fi AP is enabled
07-16 10:59:33.868  3389  3461 I NetworkConnectionHandler: Handling new network connection infomation, connected: true setup needed: true
07-16 10:59:33.869  3389  3461 I RobotControllerAccessPointAssistant: Wi-Fi AP is enabled
07-16 10:59:36.905  3389  3468 V RobotCore: thread: 'SetupRunnable.run()' starting...
07-16 10:59:36.905  3389  3461 V RobotCore: EventLoopManager state is STOPPED
07-16 10:59:36.907  3389  3461 V Robocol : eventLoop=FtcEventLoop
07-16 10:59:36.907  3389  3461 V RobotCore: EventLoopManager state is INIT
07-16 10:59:36.907  3389  3461 V RobotCore: Robot Status: initializing, starting robot
07-16 10:59:36.907  3389  3461 I FtcEventLoop: ======= INIT START =======
07-16 10:59:36.908  3389  3461 V OpmodeRegistration: registered {DefaultOpMode} as {$Stop$Robot$}
07-16 10:59:36.910  3389  3468 D Robocol : RobocolDatagramSocket listening addr=/192.168.43.1:20884 cbRec=65520 cbSend=106496 msRecTO=300
07-16 10:59:36.911  3389  3468 V Robocol : RecvLoopRunnable created
07-16 10:59:36.912  3389  3469 V Robocol : PacketProcessor started
07-16 10:59:36.912  3389  3461 V OpmodeRegistration: registered instance as {Enable/Disable Dashboard}
07-16 10:59:36.912  3389  3461 D OpmodeRegistration: registered instance {com.acmerobotics.dashboard.FtcDashboard$7@bdb8142} as {Enable/Disable Dashboard}
07-16 10:59:36.914  3389  3470 V Robocol : CommandProcessor started
07-16 10:59:36.918  3389  3461 E OpenFTC-OpenCV-Repackaged-Loader: libOpenCvAndroid453.so was not found, any OpenCV-enabled OpModes will crash. Please copy it to the FIRST folder on the internal storage
07-16 10:59:36.919  3389  3471 V RobotCore: thread: 'RecvLoopRunnable.run()' starting...
07-16 10:59:36.919  3389  3461 E OpenFTC-OpenCV-Repackaged-Loader: org.openftc.opencvrepackaged.OpenCvNativeLibNotFoundException
07-16 10:59:36.920  3389  3468 V PeerDiscovery: Starting peer discovery remote: /192.168.43.1 local: /192.168.43.1
07-16 10:59:36.920  3389  3468 V PeerDiscovery: No need for initiating peer discovery, we are the Robot Controller
07-16 10:59:36.920  3389  3468 V RobotCore: Setup complete
07-16 10:59:36.920  3389  3468 V RobotCore: thread: ...terminating 'SetupRunnable.run()'
07-16 10:59:36.921  3389  3461 E OpenFTC-OpenCV-Repackaged-Loader: 	at org.openftc.opencvrepackaged.DynamicOpenCvNativeLibLoader.setupOpenCvFiles(DynamicOpenCvNativeLibLoader.java:248)
07-16 10:59:36.922  3389  3461 E OpenFTC-OpenCV-Repackaged-Loader: 	at org.openftc.opencvrepackaged.DynamicOpenCvNativeLibLoader.setupOpenCVNativeLib(DynamicOpenCvNativeLibLoader.java:140)
07-16 10:59:36.923  3389  3461 E OpenFTC-OpenCV-Repackaged-Loader: 	at org.openftc.opencvrepackaged.DynamicOpenCvNativeLibLoader.loadNativeLibOnStartRobot(DynamicOpenCvNativeLibLoader.java:107)
07-16 10:59:36.923  3389  3461 E OpenFTC-OpenCV-Repackaged-Loader: 	at java.lang.reflect.Method.invoke(Native Method)
07-16 10:59:36.924  3389  3461 E OpenFTC-OpenCV-Repackaged-Loader: 	at org.firstinspires.ftc.robotcore.internal.opmode.AnnotatedOpModeClassFilter.callOpModeRegistrarMethods(AnnotatedOpModeClassFilter.java:516)
07-16 10:59:36.925  3389  3461 E OpenFTC-OpenCV-Repackaged-Loader: 	at org.firstinspires.ftc.robotcore.internal.opmode.AnnotatedOpModeClassFilter.registerAllClasses(AnnotatedOpModeClassFilter.java:120)
07-16 10:59:36.925  3389  3461 E OpenFTC-OpenCV-Repackaged-Loader: 	at org.firstinspires.ftc.robotcore.internal.opmode.RegisteredOpModes$3.run(RegisteredOpModes.java:199)
07-16 10:59:36.926  3389  3461 E OpenFTC-OpenCV-Repackaged-Loader: 	at org.firstinspires.ftc.robotcore.internal.opmode.RegisteredOpModes.lockOpModesWhile(RegisteredOpModes.java:320)
07-16 10:59:36.926  3389  3461 E OpenFTC-OpenCV-Repackaged-Loader: 	at org.firstinspires.ftc.robotcore.internal.opmode.RegisteredOpModes.registerAllOpModes(RegisteredOpModes.java:183)
07-16 10:59:36.927  3389  3461 E OpenFTC-OpenCV-Repackaged-Loader: 	at com.qualcomm.ftccommon.FtcEventLoop.init(FtcEventLoop.java:197)
07-16 10:59:36.927  3389  3461 E OpenFTC-OpenCV-Repackaged-Loader: 	at com.qualcomm.robotcore.eventloop.EventLoopManager.startEventLoop(EventLoopManager.java:584)
07-16 10:59:36.928  3389  3461 E OpenFTC-OpenCV-Repackaged-Loader: 	at com.qualcomm.robotcore.eventloop.EventLoopManager.setEventLoop(EventLoopManager.java:558)
07-16 10:59:36.928  3389  3461 E OpenFTC-OpenCV-Repackaged-Loader: 	at com.qualcomm.robotcore.eventloop.EventLoopManager.start(EventLoopManager.java:500)
07-16 10:59:36.928  3389  3461 E OpenFTC-OpenCV-Repackaged-Loader: 	at com.qualcomm.robotcore.robot.Robot.start(Robot.java:59)
07-16 10:59:36.929  3389  3461 E OpenFTC-OpenCV-Repackaged-Loader: 	at com.qualcomm.ftccommon.FtcRobotControllerService$RobotSetupRunnable.startRobot(FtcRobotControllerService.java:281)
07-16 10:59:36.929  3389  3461 E OpenFTC-OpenCV-Repackaged-Loader: 	at com.qualcomm.ftccommon.FtcRobotControllerService$RobotSetupRunnable$1.run(FtcRobotControllerService.java:300)
07-16 10:59:36.930  3389  3461 E OpenFTC-OpenCV-Repackaged-Loader: 	at com.qualcomm.robotcore.util.ThreadPool.logThreadLifeCycle(ThreadPool.java:737)
07-16 10:59:36.930  3389  3461 E OpenFTC-OpenCV-Repackaged-Loader: 	at com.qualcomm.ftccommon.FtcRobotControllerService$RobotSetupRunnable.run(FtcRobotControllerService.java:291)
07-16 10:59:36.931  3389  3461 E OpenFTC-OpenCV-Repackaged-Loader: 	at java.util.concurrent.Executors$RunnableAdapter.call(Executors.java:428)
07-16 10:59:36.931  3389  3461 E OpenFTC-OpenCV-Repackaged-Loader: 	at java.util.concurrent.FutureTask.run(FutureTask.java:237)
07-16 10:59:36.932  3389  3461 E OpenFTC-OpenCV-Repackaged-Loader: 	at java.util.concurrent.ThreadPoolExecutor.runWorker(ThreadPoolExecutor.java:1133)
07-16 10:59:36.932  3389  3461 E OpenFTC-OpenCV-Repackaged-Loader: 	at java.util.concurrent.ThreadPoolExecutor$Worker.run(ThreadPoolExecutor.java:607)
07-16 10:59:36.932  3389  3461 E OpenFTC-OpenCV-Repackaged-Loader: 	at com.qualcomm.robotcore.util.ThreadPool$ThreadFactoryImpl$1.run(ThreadPool.java:793)
07-16 10:59:36.933  3389  3461 E OpenFTC-OpenCV-Repackaged-Loader: 	at java.lang.Thread.run(Thread.java:761)
07-16 10:59:36.937  3389  3461 V OpmodeRegistration: registered {TestTeleOp} as {Test TeleOp}
07-16 10:59:36.937  3389  3461 V OpmodeRegistration: registered {TestingOpMode} as {Testing}
07-16 10:59:36.938  3389  3461 V OpmodeRegistration: registered {MovementTest} as {Movement Test}
07-16 10:59:36.938  3389  3461 V OpmodeRegistration: registered {CadenLeft} as {Left 1+4}
07-16 10:59:36.938  3389  3461 V OpmodeRegistration: registered {LocalizationTest} as {LocalizationTest}
07-16 10:59:36.939  3389  3461 V OpmodeRegistration: registered {ParkOnlyLeft} as {Park Only Left}
07-16 10:59:36.939  3389  3461 V OpmodeRegistration: registered {ConceptTensorFlowObjectDetection} as {Concept: TensorFlow Object Detection}
07-16 10:59:36.939  3389  3461 V OpmodeRegistration: registered {ConceptTensorFlowObjectDetectionWebcam} as {Concept: TensorFlow Object Detection Webcam}
07-16 10:59:36.940  3389  3461 V OpmodeRegistration: registered {FullRegularTeleOp} as {Regular TeleOp}
07-16 10:59:36.940  3389  3461 V OpmodeRegistration: registered {SlidesTestingOpMode} as {Slides Testing}
07-16 10:59:36.941  3389  3461 V OpmodeRegistration: registered {OdometryTest} as {Odometer Test}
07-16 10:59:36.942  3389  3461 V OpmodeRegistration: registered {BreakBeamTest} as {Beam Test}
07-16 10:59:36.942  3389  3461 V OpmodeRegistration: registered {ParkOnlyRight} as {Park Only Right}
07-16 10:59:36.999  3389  3461 V FtcEventLoop: Ensuring that the embedded Control Hub module is set up correctly
07-16 10:59:37.004  3389  3461 V RobotCore: Creating REV Robotics USB Expansion Hub Portal [(embedded)]
07-16 10:59:37.004  3389  3461 V LynxUsb : creating new [(embedded)]: 0x00dfc798
07-16 10:59:37.005  3389  3389 I pRunnable.run(): type=1400 audit(0.0:438): avc: denied { read } for name="ttyS1" dev="tmpfs" ino=1220 scontext=u:r:untrusted_app:s0:c512,c768 tcontext=u:object_r:serial_device:s0 tclass=chr_file permissive=1
07-16 10:59:37.008  3389  3461 V FtDeviceManager: createDeviceInfoList(): 0 USB devices
07-16 10:59:37.008  3389  3461 V RobotUsbManagerCombining: FTDI driver failed to open USB device with serial number (embedded) (returned null device)
07-16 10:59:37.005  3389  3389 I pRunnable.run(): type=1400 audit(0.0:439): avc: denied { write } for name="ttyS1" dev="tmpfs" ino=1220 scontext=u:r:untrusted_app:s0:c512,c768 tcontext=u:object_r:serial_device:s0 tclass=chr_file permissive=1
07-16 10:59:37.008  3389  3389 I pRunnable.run(): type=1400 audit(0.0:440): avc: denied { open } for path="/dev/ttyS1" dev="tmpfs" ino=1220 scontext=u:r:untrusted_app:s0:c512,c768 tcontext=u:object_r:serial_device:s0 tclass=chr_file permissive=1
07-16 10:59:37.008  3389  3389 I pRunnable.run(): type=1400 audit(0.0:441): avc: denied { ioctl } for path="/dev/ttyS1" dev="tmpfs" ino=1220 ioctlcmd=5401 scontext=u:r:untrusted_app:s0:c512,c768 tcontext=u:object_r:serial_device:s0 tclass=chr_file permissive=1
07-16 10:59:37.010  3389  3461 V SerialPortNative: [SerialPort.cpp:150] opened(/dev/ttyS1): fd=99
07-16 10:59:37.010  3389  3461 V RobotUsbDeviceTTY: opening serial=(embedded) file=/dev/ttyS1
07-16 10:59:37.011  3389  3461 V LynxUsb : armDevice() serial=(embedded)...
07-16 10:59:37.011  3389  3461 V LynxUsb : resetDevice() serial=(embedded)
07-16 10:59:37.012  3389  3461 V LynxModule: resetting embedded usb device: isPresent: was=true
07-16 10:59:37.222  3389  3471 E Robocol : exception SocketTimeoutException(Receive timed out): no packet received [java.net.PlainDatagramSocketImpl.receive0(Native Method)]
07-16 10:59:37.368  3389  3461 V LynxUsb : ...done armDevice()
07-16 10:59:37.369  3389  3473 V RobotCore: thread: 'lynx incoming datagrams' starting...
07-16 10:59:37.369  3389  3461 V LynxUsb : 0x0107e657 on 0x00dfc798: new delegate to [(embedded)]
07-16 10:59:37.377  3389  3461 V LynxUsb : addConfiguredModule() module#=173
07-16 10:59:37.378  3389  3461 V LynxModule: pingAndQueryKnownInterfaces mod=173
07-16 10:59:37.381  3389  3473 V LynxUsb : synchronization gained: serial=(embedded)
07-16 10:59:37.400  3389  3461 V LynxModule: mod#=173 queryInterface(DEKA)=54 commands starting at 4096
07-16 10:59:37.413  3389  3461 V LynxModule: sending LynxFtdiResetControlCommand(true) wasInterrupted=false
07-16 10:59:37.419  3389  3461 V LynxModule: sendLEDPatternSteps(): steps=[Step(color=65280, msDuration=1000)]
07-16 10:59:37.424  3389  3461 V LynxModule: setAsControlHubEmbeddedModule(mod=173)
07-16 10:59:37.425  3389  3461 V EmbeddedControlHubModule: setting embedded module
07-16 10:59:37.425  3389  3461 V LynxModule: sending LynxFtdiResetControlCommand(false) wasInterrupted=false
07-16 10:59:37.427  3389  3461 V LynxModule: close(#173)
07-16 10:59:37.428  3389  3461 V LynxUsb : Verified that the embedded Control Hub module has the correct address
07-16 10:59:37.430  3389  3461 V LynxUsb : addConfiguredModule() module#=173
07-16 10:59:37.430  3389  3461 V LynxModule: pingAndQueryKnownInterfaces mod=173
07-16 10:59:37.444  3389  3461 V LynxModule: mod#=173 queryInterface(DEKA)=54 commands starting at 4096
07-16 10:59:37.455  3389  3461 V LynxModule: sending LynxFtdiResetControlCommand(true) wasInterrupted=false
07-16 10:59:37.459  3389  3461 V LynxModule: sendLEDPatternSteps(): steps=[Step(color=65280, msDuration=1000)]
07-16 10:59:37.464  3389  3461 V LynxModule: setAsControlHubEmbeddedModule(mod=173)
07-16 10:59:37.464  3389  3461 V EmbeddedControlHubModule: setting embedded module
07-16 10:59:37.464  3389  3461 I RobotCore: LynxFirmwareVersionManager: LynxI2cDeviceSynchV2
07-16 10:59:37.465  3389  3461 V LynxI2cDeviceSynch: initializeHardware() mod#=173
07-16 10:59:37.465  3389  3461 V BHI260IMU: Suppressing I2C warnings while we check for a BHI260AP IMU
07-16 10:59:37.470  3389  3461 V BHI260IMU: No BHI260AP IMU found
07-16 10:59:37.471  3389  3461 V BNO055  : Suppressing I2C warnings while we check for a BNO055 IMU
07-16 10:59:37.476  3389  3461 V BNO055  : Found BNO055 IMU
07-16 10:59:37.476  3389  3461 V LynxModule: sending LynxFtdiResetControlCommand(false) wasInterrupted=false
07-16 10:59:37.478  3389  3461 V LynxModule: close(#173)
07-16 10:59:37.479  3389  3461 V HardwareFactory: createHardwareMap()
07-16 10:59:37.479  3389  3461 V EmbeddedControlHubModule: clearing embedded module
07-16 10:59:37.488  3389  3461 V ReadXMLFileHandler: embedded lynx USB device is already present
07-16 10:59:37.488  3389  3461 V RobotCore: Creating REV Robotics USB Expansion Hub Portal [(embedded)]
07-16 10:59:37.488  3389  3461 V LynxUsb : using existing [(embedded)]: 0x00dfc798
07-16 10:59:37.489  3389  3461 V LynxUsb : 0x0bbb2664 on 0x00dfc798: new delegate to [(embedded)]
07-16 10:59:37.489  3389  3461 V RobotCore: Creating Lynx Module - mod=173 parent=true
07-16 10:59:37.491  3389  3461 V LynxUsb : addConfiguredModule() module#=173
07-16 10:59:37.491  3389  3461 V LynxModule: pingAndQueryKnownInterfaces mod=173
07-16 10:59:37.503  3389  3461 V LynxModule: mod#=173 queryInterface(DEKA)=54 commands starting at 4096
07-16 10:59:37.511  3389  3461 V LynxModule: sending LynxFtdiResetControlCommand(true) wasInterrupted=false
07-16 10:59:37.516  3389  3461 V LynxModule: sendLEDPatternSteps(): steps=[Step(color=65280, msDuration=1000)]
07-16 10:59:37.518  3389  3476 V LynxModule: received status: LynxGetModuleStatusResponse(status=0x02 alerts=0x00: Reset)
07-16 10:59:37.519  3389  3476 W HubPowerCycle: Expansion Hub 173 regained power after a complete power loss. No user Op Mode was running.
07-16 10:59:37.519  3389  3476 V LynxModule: resendCurrentPattern()
07-16 10:59:37.519  3389  3476 V LynxModule: sendLEDPatternSteps(): steps=[Step(color=65280, msDuration=1000)]
07-16 10:59:37.521  3389  3461 V LynxModule: setAsControlHubEmbeddedModule(mod=173)
07-16 10:59:37.521  3389  3461 V EmbeddedControlHubModule: setting embedded module
07-16 10:59:37.523  3389  3461 V LynxMotor: initializeHardware() mod#=173
07-16 10:59:37.566  3389  3461 V LynxServoController: initializeHardware() mod#=173
07-16 10:59:37.589  3389  3461 V LynxVoltageSensor: initializeHardware() mod#=173
07-16 10:59:37.590  3389  3461 V LynxAnalogInputController: initializeHardware() mod#=173
07-16 10:59:37.591  3389  3461 V LynxDigitalChannelController: initializeHardware() mod#=173
07-16 10:59:37.607  3389  3461 V RobotCore: Creating user sensor REV internal IMU (BNO055) - on Lynx module=173 bus=0
