07-16 11:04:55.123  3900  4070 D Uvc     : [libuvc/libuvc_internal.h:783] claimInterface(1) succeeded
07-16 11:04:55.123  3900  4070 D Uvc     : [libuvc/libuvc_internal.h:770] ...uvc_device_handle::claimInterface() rc=0
07-16 11:04:55.123  3900  4070 D UvcStream: [stream.cpp:412] 640x480 30fps
07-16 11:04:55.123  3900  4070 D Uvc     : [stream.cpp:162] uvc_query_stream_ctrl()...
07-16 11:04:55.127  3900  4070 D Uvc     : [stream.cpp:162] ...uvc_query_stream_ctrl() rc=0
07-16 11:04:55.127  3900  4070 D Uvc     : [libuvc/libuvc_internal.h:793] uvc_device_handle::releaseInterface()...
07-16 11:04:55.127  3900  4070 D UvcDevice: releaseInterface(1)
07-16 11:04:55.127  3900  4070 D UvcDevice: releaseInterface(1) succeeded
07-16 11:04:55.128  3900  4070 D Uvc     : [libuvc/libuvc_internal.h:793] ...uvc_device_handle::releaseInterface() rc=0
07-16 11:04:55.128  3900  4070 D Uvc     : [stream.cpp:523] uvc_probe_stream_ctrl()...
07-16 11:04:55.128  3900  4070 D Uvc     : [libuvc/libuvc_internal.h:770] uvc_device_handle::claimInterface(idx=1)...
07-16 11:04:55.128  3900  4070 D UvcDevice: claimInterface(1)
07-16 11:04:55.128  3900  4070 D UvcDevice: claimInterface(1) succeeded
07-16 11:04:55.128  3900  4070 D Uvc     : [libuvc/libuvc_internal.h:783] claimInterface(1) succeeded
07-16 11:04:55.128  3900  4070 D Uvc     : [libuvc/libuvc_internal.h:770] ...uvc_device_handle::claimInterface() rc=0
07-16 11:04:55.128  3900  4070 D Uvc     : [stream.cpp:162] uvc_query_stream_ctrl()...
07-16 11:04:55.134  3900  4070 D Uvc     : [stream.cpp:162] ...uvc_query_stream_ctrl() rc=0
07-16 11:04:55.134  3900  4070 D Uvc     : [stream.cpp:162] uvc_query_stream_ctrl()...
07-16 11:04:55.138  3900  4070 D Uvc     : [stream.cpp:162] ...uvc_query_stream_ctrl() rc=0
07-16 11:04:55.138  3900  4070 D Uvc     : [stream.cpp:523] ...uvc_probe_stream_ctrl() rc=0
07-16 11:04:55.138  3900  4070 D Uvc     : [stream.cpp:373] ...uvc_get_stream_ctrl_format_size() rc=0
07-16 11:04:55.139  3900  4070 V Uvc     : API: Java_org_firstinspires_ftc_robotcore_internal_camera_libuvc_nativeobject_UvcDeviceHandle_nativeGetStreamControlFormatSize: ...exit
07-16 11:04:55.139  3900  4070 D Uvc     : [jni_devicehandle.cpp:115] ...Java_org_firstinspires_ftc_robotcore_internal_camera_libuvc_nativeobject_UvcDeviceHandle_nativeGetStreamControlFormatSize()
07-16 11:04:55.139  3900  4070 D UvcDeviceHandle: ...getStreamControl(640x480 30)
07-16 11:04:55.139  3900  4070 D Uvc     : [jni_streamcontrol.cpp:101] Java_org_firstinspires_ftc_robotcore_internal_camera_libuvc_nativeobject_UvcStreamCtrl_nativeOpen()...
07-16 11:04:55.139  3900  4070 V Uvc     : API: Java_org_firstinspires_ftc_robotcore_internal_camera_libuvc_nativeobject_UvcStreamCtrl_nativeOpen: enter...
07-16 11:04:55.139  3900  4070 D Uvc     : [devicehandle.cpp:46] uvc_device_handle::openStreamControl()...
07-16 11:04:55.139  3900  4070 D Uvc     : [streamhandle.cpp:58] uvc_stream_handle::claimInterface()...
07-16 11:04:55.139  3900  4070 D Uvc     : [libuvc/libuvc_internal.h:770] uvc_device_handle::claimInterface(idx=1)...
07-16 11:04:55.139  3900  4070 D UvcDevice: claimInterface(1)
07-16 11:04:55.140  3900  4070 D UvcDevice: claimInterface(1) succeeded
07-16 11:04:55.140  3900  4070 D Uvc     : [libuvc/libuvc_internal.h:783] claimInterface(1) succeeded
07-16 11:04:55.140  3900  4070 D Uvc     : [libuvc/libuvc_internal.h:770] ...uvc_device_handle::claimInterface() rc=0
07-16 11:04:55.140  3900  4070 D Uvc     : [streamhandle.cpp:58] ...uvc_stream_handle::claimInterface() rc=0
07-16 11:04:55.140  3900  4070 D Uvc     : [stream.cpp:162] uvc_query_stream_ctrl()...
07-16 11:04:55.149  3900  4070 D Uvc     : [stream.cpp:162] ...uvc_query_stream_ctrl() rc=0
07-16 11:04:55.149  3900  4070 D Uvc     : [devicehandle.cpp:46] ...uvc_device_handle::openStreamControl() rc=0
07-16 11:04:55.149  3900  4070 V Uvc     : API: Java_org_firstinspires_ftc_robotcore_internal_camera_libuvc_nativeobject_UvcStreamCtrl_nativeOpen: ...exit
07-16 11:04:55.149  3900  4070 D Uvc     : [jni_streamcontrol.cpp:101] ...Java_org_firstinspires_ftc_robotcore_internal_camera_libuvc_nativeobject_UvcStreamCtrl_nativeOpen()
07-16 11:04:55.149  3900  4070 V UvcStreamHandle: construct(pointer=0xc8603d20)
07-16 11:04:55.149  3900  4070 D Uvc     : [jni_streamhandle.cpp:184] Java_org_firstinspires_ftc_robotcore_internal_camera_libuvc_nativeobject_UvcStreamHandle_nativeStopStreaming()...
07-16 11:04:55.150  3900  4070 V Uvc     : API: Java_org_firstinspires_ftc_robotcore_internal_camera_libuvc_nativeobject_UvcStreamHandle_nativeStopStreaming: enter...
07-16 11:04:55.150  3900  4070 D Uvc     : [stream.cpp:1514] uvc_stream_stop()...
07-16 11:04:55.150  3900  4070 D Uvc     : [stream.cpp:1514] ...uvc_stream_stop() rc=0
07-16 11:04:55.150  3900  4070 V Uvc     : API: Java_org_firstinspires_ftc_robotcore_internal_camera_libuvc_nativeobject_UvcStreamHandle_nativeStopStreaming: ...exit
07-16 11:04:55.150  3900  4070 D Uvc     : [jni_streamhandle.cpp:184] ...Java_org_firstinspires_ftc_robotcore_internal_camera_libuvc_nativeobject_UvcStreamHandle_nativeStopStreaming()
07-16 11:04:55.150  3900  4070 V UvcFrameCallback: construct(0x010ff6aa)
07-16 11:04:55.150  3900  4070 V UvcFrameCallbackData: construct(pointer=0xc8511d80)
07-16 11:04:55.150  3900  4070 V Uvc     : API: Java_org_firstinspires_ftc_robotcore_internal_camera_libuvc_nativeobject_UvcStreamHandle_nativeStartStreaming: enter...
07-16 11:04:55.151  3900  4070 D Uvc     : [stream.cpp:970] uvc_stream_start_bandwidth()...
07-16 11:04:55.151  3900  4070 D Uvc     : [stream.cpp:1173] uvc_stream_handle::startIsochronousStreaming()...
07-16 11:04:55.151  3900  4070 D Uvc     : [libuvc/libuvc_internal.h:825] uvc_device_handle::setInterfaceAltSetting(setInterfaceAltSetting(intf=1 alt=11))...
07-16 11:04:55.151  3900  4070 D UvcDevice: setInterfaceAltSetting(1,11)
07-16 11:04:55.151  3900  4070 D UvcDevice: setInterfaceAltSetting(1,11) succeeded
07-16 11:04:55.151  3900  4070 D Uvc     : [libuvc/libuvc_internal.h:825] ...uvc_device_handle::setInterfaceAltSetting() rc=0
07-16 11:04:55.152  3900  4070 D Uvc     : [stream.cpp:1173] ...uvc_stream_handle::startIsochronousStreaming() rc=0
07-16 11:04:55.152  3900  4070 D Uvc     : [stream.cpp:1201] uvc_stream_handle::startUserCallbackThread()...
07-16 11:04:55.152  3900  4071 D UvcStream: [stream.cpp:1265] User Callback thread started
07-16 11:04:55.152  3900  4070 D Uvc     : [stream.cpp:1201] ...uvc_stream_handle::startUserCallbackThread() rc=0
07-16 11:04:55.152  3900  4070 D Uvc     : [stream.cpp:1221] uvc_stream_handle::submitTransfers()...
07-16 11:04:55.153  3900  4070 D Uvc     : [stream.cpp:1221] ...uvc_stream_handle::submitTransfers() rc=0
07-16 11:04:55.153  3900  4070 D Uvc     : [stream.cpp:970] ...uvc_stream_start_bandwidth() rc=0
07-16 11:04:55.153  3900  4070 D UvcStreamHandle: [jni_streamhandle.cpp:150] successfully started streaming
07-16 11:04:55.153  3900  4070 V Uvc     : API: Java_org_firstinspires_ftc_robotcore_internal_camera_libuvc_nativeobject_UvcStreamHandle_nativeStartStreaming: ...exit
07-16 11:04:55.154  3900  4070 V UvcStreamCtrl: destroy(pointer=0xc28ff700)
07-16 11:04:55.154  3900  4070 D UsbResiliantWebcam|DelCaptureSequence: ...doStreaming()
07-16 11:04:55.154  3900  4070 D UsbResiliantWebcam|DelCaptureSequence: ...startStreaming(Stopped)
07-16 11:04:55.154  3900  4070 D UsbResiliantWebcam|DelCaptureSession: ...startCapture()
07-16 11:04:55.154  3900  4070 D ContinuationSynchronizer: finish("onConfigured": DelegatingCaptureSession(1))...
07-16 11:04:55.155  3900  4042 D ContinuationSynchronizer: ...awaiting(camera start)
07-16 11:04:55.155  3900  4042 D VuforiaWebcam: ...start(CameraMode(format=YUYV:1 w=640 h=480 fps=30))
07-16 11:04:55.155  3900  4042 D VuforiaWebcam: ...nativeCallbackStart()
07-16 11:04:55.155  3900  4042 D Uvc     : [NativeVuforiaWebcam.h:322] ...NativeVuforiaWebcam::start()
07-16 11:04:55.156  3900  4042 D Uvc     : [NativeVuforiaWebcam.h:568] NativeVuforiaWebcam::setFocusMode()...
07-16 11:04:55.156  3900  4042 D Uvc     : [NativeVuforiaWebcam.h:568] ...NativeVuforiaWebcam::setFocusMode()
07-16 11:04:55.158  3900  4070 D ContinuationSynchronizer: ...finish("onConfigured": DelegatingCaptureSession(1))
07-16 11:04:55.161  3900  4005 D UvcStream: [stream.cpp:729] this is the UVC processTransfer() stream processing thread
07-16 11:04:55.170  3900  3984 V Robocol : sending CMD_STREAM_CHANGE(1769), attempt: 0
07-16 11:04:55.210  3900  3984 V Robocol : sending CMD_STREAM_CHANGE(1771), attempt: 0
07-16 11:04:56.127  3900  4075 I tflite  : Initialized TensorFlow Lite runtime.
07-16 11:04:56.138  3900  3980 V Robocol : received command: CMD_REQUEST_FRAME(11727) 
--------- beginning of crash
07-16 11:04:56.218  3900  4075 E AndroidRuntime: FATAL EXCEPTION: VuforiaFrameGenerator
07-16 11:04:56.218  3900  4075 E AndroidRuntime: Process: com.qualcomm.ftcrobotcontroller, PID: 3900
07-16 11:04:56.218  3900  4075 E AndroidRuntime: java.lang.AssertionError: Error occurred when initializing ObjectDetector: Input tensor has type kTfLiteFloat32: it requires specifying NormalizationOptions metadata to preprocess input images.
07-16 11:04:56.218  3900  4075 E AndroidRuntime: 	at org.tensorflow.lite.task.vision.detector.ObjectDetector.initJniWithByteBuffer(Native Method)
07-16 11:04:56.218  3900  4075 E AndroidRuntime: 	at org.tensorflow.lite.task.vision.detector.ObjectDetector.access$100(ObjectDetector.java:86)
07-16 11:04:56.218  3900  4075 E AndroidRuntime: 	at org.tensorflow.lite.task.vision.detector.ObjectDetector$3.createHandle(ObjectDetector.java:211)
07-16 11:04:56.218  3900  4075 E AndroidRuntime: 	at org.tensorflow.lite.task.core.TaskJniUtils.createHandleFromLibrary(TaskJniUtils.java:91)
07-16 11:04:56.218  3900  4075 E AndroidRuntime: 	at org.tensorflow.lite.task.vision.detector.ObjectDetector.createFromBufferAndOptions(ObjectDetector.java:207)
07-16 11:04:56.218  3900  4075 E AndroidRuntime: 	at org.firstinspires.ftc.robotcore.internal.tfod.TfodFrameManager2$RecognizerPipeline2.<init>(TfodFrameManager2.java:66)
07-16 11:04:56.218  3900  4075 E AndroidRuntime: 	at org.firstinspires.ftc.robotcore.internal.tfod.TfodFrameManager2$RecognizerPipeline2.<init>(TfodFrameManager2.java:55)
07-16 11:04:56.218  3900  4075 E AndroidRuntime: 	at org.firstinspires.ftc.robotcore.internal.tfod.TfodFrameManager2.createRecognizerPipeline(TfodFrameManager2.java:52)
07-16 11:04:56.218  3900  4075 E AndroidRuntime: 	at org.firstinspires.ftc.robotcore.internal.tfod.TfodFrameManager$MainPipeline.init(TfodFrameManager.java:227)
07-16 11:04:56.218  3900  4075 E AndroidRuntime: 	at org.firstinspires.ftc.robotcore.internal.tfod.VuforiaFrameGenerator.run(VuforiaFrameGenerator.java:147)
07-16 11:04:56.218  3900  4075 E AndroidRuntime: 	at java.lang.Thread.run(Thread.java:761)
07-16 11:04:56.242  3900  3981 V LynxModule: retransmitting: mod=173 cmd=0x1007 msg#=210 ref#=0 
07-16 11:04:56.250  3900  3999 E LynxModule: unable to find originating command for packetid=0x9007 msg#=228 ref#=210
07-16 11:04:56.317  3900  3900 D Uvc     : [NativeVuforiaWebcam.h:347] NativeVuforiaWebcam::stop()...
07-16 11:04:56.317  3900  3900 D VuforiaWebcam: nativeCallbackStop()...
07-16 11:04:56.317  3900  3900 D VuforiaWebcam: stop()...
07-16 11:04:56.318  3900  3900 D UsbResiliantWebcam|DelCaptureSession: stopCapture()...
07-16 11:04:56.318  3900  3900 D UsbResiliantWebcam|DelCaptureSequence: undoStreaming()...
07-16 11:04:56.318  3900  3900 D UvcApiCaptureSession: stopCapture()...
07-16 11:04:56.319  3900  3900 D Uvc     : [jni_streamhandle.cpp:184] Java_org_firstinspires_ftc_robotcore_internal_camera_libuvc_nativeobject_UvcStreamHandle_nativeStopStreaming()...
07-16 11:04:56.319  3900  3900 V Uvc     : API: Java_org_firstinspires_ftc_robotcore_internal_camera_libuvc_nativeobject_UvcStreamHandle_nativeStopStreaming: enter...
07-16 11:04:56.319  3900  3900 D Uvc     : [stream.cpp:1514] uvc_stream_stop()...
07-16 11:04:56.319  3900  3900 D UvcStream: [stream.cpp:1542] cancelling extant transfers
07-16 11:04:56.320  3900  4071 D UvcStream: [stream.cpp:1329] user callback thread stopped
07-16 11:04:56.357  3900  3900 D Uvc     : [stream.cpp:1471] (waitForAllTransfers(waiting for cancelled transfers))...
07-16 11:04:56.358  3900  3900 D UvcStream: [stream.cpp:1485] no extant active transfers: continuing
07-16 11:04:56.358  3900  3900 D Uvc     : [stream.cpp:1471] ...()
07-16 11:04:56.358  3900  3900 D Uvc     : [stream.cpp:1189] uvc_stream_handle::stopIsochronousStreaming()...
07-16 11:04:56.358  3900  3900 D Uvc     : [libuvc/libuvc_internal.h:825] uvc_device_handle::setInterfaceAltSetting(setInterfaceAltSetting(intf=1 alt=0))...
07-16 11:04:56.359  3900  3900 D UvcDevice: setInterfaceAltSetting(1,0)
07-16 11:04:56.420  3900  3900 D UvcDevice: setInterfaceAltSetting(1,0) succeeded
07-16 11:04:56.420  3900  3900 D Uvc     : [libuvc/libuvc_internal.h:825] ...uvc_device_handle::setInterfaceAltSetting() rc=0
07-16 11:04:56.420  3900  3900 D Uvc     : [stream.cpp:1189] ...uvc_stream_handle::stopIsochronousStreaming() rc=0
07-16 11:04:56.420  3900  3900 D UvcStream: [stream.cpp:1558] awakening user thread
07-16 11:04:56.420  3900  3900 D UvcStream: [stream.cpp:1567] waiting for user callback thread to finish
07-16 11:04:56.420  3900  3900 D Uvc     : [stream.cpp:1514] ...uvc_stream_stop() rc=0
07-16 11:04:56.420  3900  3900 V Uvc     : API: Java_org_firstinspires_ftc_robotcore_internal_camera_libuvc_nativeobject_UvcStreamHandle_nativeStopStreaming: ...exit
07-16 11:04:56.420  3900  3900 D Uvc     : [jni_streamhandle.cpp:184] ...Java_org_firstinspires_ftc_robotcore_internal_camera_libuvc_nativeobject_UvcStreamHandle_nativeStopStreaming()
07-16 11:04:56.421  3900  3900 V UvcFrameCallback: destroy(hash=0x010ff6aa)
07-16 11:04:56.421  3900  3900 V UvcFrameCallbackData: destroy(pointer=0xc8511d80)
07-16 11:04:56.421  3900  3900 V Uvc     : API: Java_org_firstinspires_ftc_robotcore_internal_camera_libuvc_nativeobject_UvcFrameCallback_nativeReleaseCallbackState: enter...
07-16 11:04:56.421  3900  3900 V Uvc     : API: Java_org_firstinspires_ftc_robotcore_internal_camera_libuvc_nativeobject_UvcFrameCallback_nativeReleaseCallbackState: ...exit
07-16 11:04:56.422  3900  3900 V UvcStreamHandle: destroy(pointer=0xc8603d20)
07-16 11:04:56.422  3900  3900 D Uvc     : [jni_streamhandle.cpp:184] Java_org_firstinspires_ftc_robotcore_internal_camera_libuvc_nativeobject_UvcStreamHandle_nativeStopStreaming()...
07-16 11:04:56.422  3900  3900 V Uvc     : API: Java_org_firstinspires_ftc_robotcore_internal_camera_libuvc_nativeobject_UvcStreamHandle_nativeStopStreaming: enter...
07-16 11:04:56.422  3900  3900 D Uvc     : [stream.cpp:1514] uvc_stream_stop()...
07-16 11:04:56.422  3900  3900 D Uvc     : [stream.cpp:1514] ...uvc_stream_stop() rc=0
07-16 11:04:56.422  3900  3900 V Uvc     : API: Java_org_firstinspires_ftc_robotcore_internal_camera_libuvc_nativeobject_UvcStreamHandle_nativeStopStreaming: ...exit
07-16 11:04:56.422  3900  3900 D Uvc     : [jni_streamhandle.cpp:184] ...Java_org_firstinspires_ftc_robotcore_internal_camera_libuvc_nativeobject_UvcStreamHandle_nativeStopStreaming()
07-16 11:04:56.422  3900  3900 D Uvc     : [jni_streamhandle.cpp:200] Java_org_firstinspires_ftc_robotcore_internal_camera_libuvc_nativeobject_UvcStreamHandle_nativeCloseStreamHandle()...
07-16 11:04:56.422  3900  3900 V Uvc     : API: Java_org_firstinspires_ftc_robotcore_internal_camera_libuvc_nativeobject_UvcStreamHandle_nativeCloseStreamHandle: enter...
07-16 11:04:56.422  3900  3900 D Uvc     : [stream.cpp:1584] uvc_stream_close()...
07-16 11:04:56.422  3900  3900 D Uvc     : [streamhandle.cpp:45] uvc_stream_handle::~uvc_stream_handle()...
07-16 11:04:56.422  3900  3900 D Uvc     : [streamhandle.cpp:66] uvc_stream_handle::releaseInterface()...
07-16 11:04:56.422  3900  3900 D Uvc     : [libuvc/libuvc_internal.h:793] uvc_device_handle::releaseInterface()...
07-16 11:04:56.423  3900  3900 D UvcDevice: releaseInterface(1)
07-16 11:04:56.426  3900  3900 D UvcDevice: releaseInterface(1) succeeded
07-16 11:04:56.426  3900  3900 D Uvc     : [libuvc/libuvc_internal.h:793] ...uvc_device_handle::releaseInterface() rc=0
07-16 11:04:56.426  3900  3900 D Uvc     : [streamhandle.cpp:66] ...uvc_stream_handle::releaseInterface()
07-16 11:04:56.426  3900  3900 D Uvc     : [streamhandle.cpp:45] ...uvc_stream_handle::~uvc_stream_handle()
07-16 11:04:56.426  3900  3900 D Uvc     : [stream.cpp:1584] ...uvc_stream_close()
07-16 11:04:56.426  3900  3900 V Uvc     : API: Java_org_firstinspires_ftc_robotcore_internal_camera_libuvc_nativeobject_UvcStreamHandle_nativeCloseStreamHandle: ...exit
07-16 11:04:56.426  3900  3900 D Uvc     : [jni_streamhandle.cpp:200] ...Java_org_firstinspires_ftc_robotcore_internal_camera_libuvc_nativeobject_UvcStreamHandle_nativeCloseStreamHandle()
07-16 11:04:56.427  3900  3900 V UvcApiCameraCaptureSequence: destroy(hash=0x0502a14c)
07-16 11:04:56.427  3900  3900 D UvcApiCaptureSession: ...stopCapture()
07-16 11:04:56.427  3900  4070 D VuforiaWebcam: capture sequence DelegatingCaptureSequenceId(1) reports completed: lastFrame=11
07-16 11:04:56.428  3900  3900 D UvcApiCaptureSession: doClose()...
07-16 11:04:56.428  3900  3900 D UvcApiCaptureSession: ...doClose()
07-16 11:04:56.428  3900  3900 D UsbResiliantWebcam|DelCaptureSequence: ...undoStreaming()
07-16 11:04:56.428  3900  4069 D UsbResiliantWebcam|DelCaptureSession: camera session is closed: Webcam(90684B40)
07-16 11:04:56.429  3900  4069 V UvcApiCaptureSession: destroy(hash=0x087e0d7f)
07-16 11:04:56.429  3900  4069 D UvcApiCaptureSession: destructor...
07-16 11:04:56.429  3900  4070 D VuforiaWebcam: capture sequence DelegatingCaptureSequenceId(1) reports completed: lastFrame=11
07-16 11:04:56.429  3900  4069 D UvcApiCaptureSession: ...destructor
07-16 11:04:56.429  3900  3900 V UsbResiliantWebcam|DelCaptureSequence: destroy(hash=0x0f5d8e9e)
07-16 11:04:56.430  3900  3900 D UsbResiliantWebcam|DelCaptureSession: ...stopCapture()
07-16 11:04:56.430  3900  3900 D UsbResiliantWebcam|DelCaptureSession: doClose()...
07-16 11:04:56.431  3900  4070 D VuforiaWebcam: capture session reports closed: DelegatingCaptureSession(1)
07-16 11:04:56.431  3900  4070 V CameraCallback: destroy(pointer=0xc859d988)
07-16 11:04:56.432  3900  3900 D UsbResiliantWebcam|DelCaptureSession: ...doClose()
07-16 11:04:56.433  3900  3900 V UsbResiliantWebcam|DelCaptureSession: destroy(hash=0x09297320)
07-16 11:04:56.433  3900  3900 D UsbResiliantWebcam|DelCaptureSession: destructor()...
07-16 11:04:56.433  3900  3900 D UsbResiliantWebcam|DelCaptureSession: ...destructor()
07-16 11:04:56.434  3900  3900 D VuforiaWebcam: ...stop()
07-16 11:04:56.434  3900  3900 D VuforiaWebcam: ...nativeCallbackStop()
07-16 11:04:56.434  3900  3900 D Uvc     : [NativeVuforiaWebcam.h:347] ...NativeVuforiaWebcam::stop()
07-16 11:04:56.476  3900  3900 D AR      : RenderManager: Could not retrieve a valid GLSurfaceView in view hierarchy, therefore cannot set any render mode
07-16 11:04:56.716  3900  3900 V RCActivity: onPause()
07-16 11:04:57.146  3900  3980 V Robocol : received command: CMD_REQUEST_FRAME(11741) 
07-16 11:04:57.442  3900  3900 V MTPMonitorService: onTrimMemory()
07-16 11:04:57.456  3900  3900 V OnBotJavaService: onTrimMemory()
07-16 11:04:57.458  3900  3900 V RCActivity: onStop()
07-16 11:04:57.471  3900  3900 V AppUtil : rootActivity=FtcRobotControllerActivity destroyed
07-16 11:04:57.471  3900  3900 V AppUtil : rootActivity=FtcRobotControllerActivity
07-16 11:04:57.496  3900  3900 D Uvc     : [NativeVuforiaWebcam.cpp:241] Java_org_firstinspires_ftc_robotcore_internal_vuforia_externalprovider_VuforiaWebcam_nativePreVuforiaDeinit()...
07-16 11:04:57.496  3900  3900 D Uvc     : [NativeVuforiaWebcam.h:246] NativeVuforiaWebcam::preVuforiaDeinit()...
07-16 11:04:57.496  3900  3900 D Uvc     : [NativeVuforiaWebcam.h:246] ...NativeVuforiaWebcam::preVuforiaDeinit()
07-16 11:04:57.496  3900  3900 D Uvc     : [NativeVuforiaWebcam.cpp:241] ...Java_org_firstinspires_ftc_robotcore_internal_vuforia_externalprovider_VuforiaWebcam_nativePreVuforiaDeinit()
07-16 11:04:57.497  3900  3900 D Vuforia : Vuforia.deinit()...
07-16 11:04:57.500  3900  3900 D Uvc     : [NativeVuforiaWebcam.h:305] NativeVuforiaWebcam::close()...
07-16 11:04:57.500  3900  3900 D VuforiaWebcam: nativeCallbackClose()...
07-16 11:04:57.501  3900  3900 D VuforiaWebcam: closeCamera()...
07-16 11:04:57.502  3900  3900 V CameraImpl: destroy(hash=0x0964b7dd)
07-16 11:04:57.502  3900  3900 D UsbResiliantWebcam: CameraImpl.destructor()...
07-16 11:04:57.503  3900  3900 D UsbResiliantWebcam: externalDestructor()...
07-16 11:04:57.504  3900  4069 D CameraManager: camera reports closed: CameraImpl(UsbResiliantWebcam(Webcam(90684B40)))
07-16 11:04:57.505  3900  3900 V CameraImpl: destroy(hash=0x0fc59633)
07-16 11:04:57.505  3900  3900 D UvcDeviceHandle: CameraImpl.destructor()...
07-16 11:04:57.506  3900  3900 D UvcDeviceHandle: externalDestructor()...
07-16 11:04:57.507  3900  3900 D UsbResiliantWebcam: changeDelegatedCamera(CameraImpl(UvcDeviceHandle(pointer=0xc8545b70|UvcDevice(/dev/bus/usb/003/004)))->null)...
07-16 11:04:57.508  3900  3900 D CachingExposureControl: onCameraChanged(CameraImpl(UvcDeviceHandle(pointer=0xc8545b70|UvcDevice(/dev/bus/usb/003/004)))->null)...
07-16 11:04:57.509  3900  3900 D CachingExposureControl: ...onCameraChanged(CameraImpl(UvcDeviceHandle(pointer=0xc8545b70|UvcDevice(/dev/bus/usb/003/004)))->null)
07-16 11:04:57.509  3900  3900 D UsbResiliantWebcam: ...changeDelegatedCamera(CameraImpl(UvcDeviceHandle(pointer=0xc8545b70|UvcDevice(/dev/bus/usb/003/004)))->null)
07-16 11:04:57.510  3900  3900 D UvcDeviceHandle: ...externalDestructor()
07-16 11:04:57.511  3900  3900 V UvcDeviceHandle: destroy(pointer=0xc8545b70)
07-16 11:04:57.511  3900  3900 D UvcDeviceHandle: destructor...
07-16 11:04:57.512  3900  3900 D Uvc     : [jni_devicehandle.cpp:87] Java_org_firstinspires_ftc_robotcore_internal_camera_libuvc_nativeobject_UvcDeviceHandle_nativeReleaseRefDeviceHandle()...
07-16 11:04:57.512  3900  3900 V Uvc     : API: Java_org_firstinspires_ftc_robotcore_internal_camera_libuvc_nativeobject_UvcDeviceHandle_nativeReleaseRefDeviceHandle: enter...
07-16 11:04:57.512  3900  3900 D Uvc     : [libuvc/libuvc_internal.h:872] uvc_device_handle::~uvc_device_handle()...
07-16 11:04:57.512  3900  3900 D Uvc     : [libuvc/libuvc_internal.h:840] uvc_device_handle::deconstruct()...
07-16 11:04:57.512  3900  3900 D Uvc     : [libuvc/libuvc_internal.h:751] uvc_device_handle::stop()...
07-16 11:04:57.512  3900  3900 D Uvc     : [libuvc/libuvc_internal.h:751] ...uvc_device_handle::stop()
07-16 11:04:57.512  3900  3900 D Uvc     : [libuvc/libuvc_internal.h:865] uvc_device_handle::close()...
07-16 11:04:57.513  3900  3900 E libusb  : [125.271397] [00000f3c] libusb: error [do_close] Device handle closed while transfer was still being processed, but the device is still connected as far as we know
07-16 11:04:57.513  3900  3900 E libusb  : [125.271497] [00000f3c] libusb: error [do_close] A cancellation hasn't even been scheduled on the transfer for which the device is closing
07-16 11:04:57.513  3900  3900 D Uvc     : [libuvc/libuvc_internal.h:865] ...uvc_device_handle::close()
07-16 11:04:57.513  3900  3900 D Uvc     : [libuvc/libuvc_internal.h:840] ...uvc_device_handle::deconstruct()
07-16 11:04:57.513  3900  3900 D Uvc     : [device.cpp:433] uvc_free_device_info()...
07-16 11:04:57.513  3900  3900 D Uvc     : [device.cpp:433] ...uvc_free_device_info()
07-16 11:04:57.513  3900  3900 D Uvc     : [libuvc/libuvc_internal.h:872] ...uvc_device_handle::~uvc_device_handle()
07-16 11:04:57.513  3900  3900 V Uvc     : API: Java_org_firstinspires_ftc_robotcore_internal_camera_libuvc_nativeobject_UvcDeviceHandle_nativeReleaseRefDeviceHandle: ...exit
07-16 11:04:57.513  3900  3900 D Uvc     : [jni_devicehandle.cpp:87] ...Java_org_firstinspires_ftc_robotcore_internal_camera_libuvc_nativeobject_UvcDeviceHandle_nativeReleaseRefDeviceHandle()
07-16 11:04:57.514  3900  3900 V UvcDevice: destroy(pointer=0xcd466a68|/dev/bus/usb/003/004)
07-16 11:04:57.526  3900  3900 D UsbDeviceConnectionJNI: close
07-16 11:04:57.527  3900  3900 D Uvc     : [jni_device.cpp:126] Java_org_firstinspires_ftc_robotcore_internal_camera_libuvc_nativeobject_UvcDevice_nativeReleaseRefDevice()...
07-16 11:04:57.527  3900  3900 V Uvc     : API: Java_org_firstinspires_ftc_robotcore_internal_camera_libuvc_nativeobject_UvcDevice_nativeReleaseRefDevice: enter...
07-16 11:04:57.527  3900  3900 D Uvc     : [device.cpp:882] uvc_unref_device()...
07-16 11:04:57.530  3900  3900 D Uvc     : [device.cpp:882] ...uvc_unref_device()
07-16 11:04:57.530  3900  3900 V Uvc     : API: Java_org_firstinspires_ftc_robotcore_internal_camera_libuvc_nativeobject_UvcDevice_nativeReleaseRefDevice: ...exit
07-16 11:04:57.530  3900  3900 D Uvc     : [jni_device.cpp:126] ...Java_org_firstinspires_ftc_robotcore_internal_camera_libuvc_nativeobject_UvcDevice_nativeReleaseRefDevice()
07-16 11:04:57.530  3900  3900 V LibUsbDevice: destroy(pointer=0xc85666c0)
07-16 11:04:57.530  3900  3900 D Uvc     : [jni_libusb_device.cpp:64] Java_org_firstinspires_ftc_robotcore_internal_camera_libuvc_nativeobject_LibUsbDevice_nativeReleaseRefDevice()...
07-16 11:04:57.530  3900  3900 D Uvc     : [jni_libusb_device.cpp:64] ...Java_org_firstinspires_ftc_robotcore_internal_camera_libuvc_nativeobject_LibUsbDevice_nativeReleaseRefDevice()
07-16 11:04:57.531  3900  3900 D UvcDeviceHandle: ...destructor
07-16 11:04:57.531  3900  3900 D UvcDeviceHandle: ...CameraImpl.destructor()
07-16 11:04:57.531  3900  3900 D UsbResiliantWebcam: ...externalDestructor()
07-16 11:04:57.532  3900  3900 V UsbResiliantWebcam: destroy(hash=0x0c9d996d)
07-16 11:04:57.533  3900  3900 D UsbResiliantWebcam: destructor()...
07-16 11:04:57.533  3900  3900 D UsbResiliantWebcam: ...destructor()
07-16 11:04:57.533  3900  3900 D UsbResiliantWebcam: ...CameraImpl.destructor()
07-16 11:04:57.534  3900  3900 D VuforiaWebcam: ...closeCamera()
07-16 11:04:57.534  3900  3900 D VuforiaWebcam: ...nativeCallbackClose()
07-16 11:04:57.534  3900  3900 D Uvc     : [NativeVuforiaWebcam.h:305] ...NativeVuforiaWebcam::close()
07-16 11:04:57.534  3900  3900 D Uvc     : [NativeVuforiaWebcam.cpp:141] vuforiaext_destroyExternalCamera()...
07-16 11:04:57.534  3900  3900 V Uvc     : API: vuforiaext_destroyExternalCamera: enter...
07-16 11:04:57.534  3900  3900 D UvcVuforiaWebcam: [NativeVuforiaWebcam.cpp:146] vuforiaext_destroyExternalCamera() provided null pointer: working around that bug
07-16 11:04:57.534  3900  3900 D Uvc     : [VuforiaExternalProviderDelegator.h:72] VuforiaExternalProviderDelegator::~VuforiaExternalProviderDelegator()...
07-16 11:04:57.534  3900  3900 D UvcVuforiaWebcam: [VuforiaExternalProviderDelegator.h:74] NativeVuforiaWebcam cref remaining=1
07-16 11:04:57.534  3900  3900 D Uvc     : [VuforiaExternalProviderDelegator.h:72] ...VuforiaExternalProviderDelegator::~VuforiaExternalProviderDelegator()
07-16 11:04:57.534  3900  3900 D UvcVuforiaWebcam: [NativeVuforiaWebcam.cpp:153] delegator cref remaining=0
07-16 11:04:57.534  3900  3900 V Uvc     : API: vuforiaext_destroyExternalCamera: ...exit
07-16 11:04:57.534  3900  3900 D Uvc     : [NativeVuforiaWebcam.cpp:141] ...vuforiaext_destroyExternalCamera()
07-16 11:04:57.535  3900  3900 D Vuforia : ...Vuforia.deinit()
07-16 11:04:57.535  3900  3900 D Uvc     : [NativeVuforiaWebcam.cpp:258] Java_org_firstinspires_ftc_robotcore_internal_vuforia_externalprovider_VuforiaWebcam_nativePostVuforiaDeinit()...
07-16 11:04:57.535  3900  3900 D Uvc     : [NativeVuforiaWebcam.cpp:258] ...Java_org_firstinspires_ftc_robotcore_internal_vuforia_externalprovider_VuforiaWebcam_nativePostVuforiaDeinit()
07-16 11:04:57.536  3900  3900 V NativeVuforiaWebcam: destroy(pointer=0xc8538d00)
07-16 11:04:57.536  3900  3900 D Uvc     : [NativeVuforiaWebcam.cpp:203] Java_org_firstinspires_ftc_robotcore_internal_vuforia_externalprovider_VuforiaWebcam_nativeReleaseVuforiaWebcam()...
07-16 11:04:57.536  3900  3900 D Uvc     : [NativeVuforiaWebcam.h:259] NativeVuforiaWebcam::~NativeVuforiaWebcam()...
07-16 11:04:57.536  3900  3900 D Uvc     : [NativeVuforiaWebcam.h:265] NativeVuforiaWebcam::free()...
07-16 11:04:57.536  3900  3900 D Uvc     : [NativeVuforiaWebcam.h:347] NativeVuforiaWebcam::stop()...
07-16 11:04:57.536  3900  3900 D VuforiaWebcam: nativeCallbackStop()...
07-16 11:04:57.536  3900  3900 D VuforiaWebcam: ...nativeCallbackStop()
07-16 11:04:57.536  3900  3900 D Uvc     : [NativeVuforiaWebcam.h:347] ...NativeVuforiaWebcam::stop()
07-16 11:04:57.536  3900  3900 D Uvc     : [NativeVuforiaWebcam.h:305] NativeVuforiaWebcam::close()...
07-16 11:04:57.536  3900  3900 D VuforiaWebcam: nativeCallbackClose()...
07-16 11:04:57.536  3900  3900 D VuforiaWebcam: closeCamera()...
07-16 11:04:57.537  3900  3900 D VuforiaWebcam: ...closeCamera()
07-16 11:04:57.537  3900  3900 D VuforiaWebcam: ...nativeCallbackClose()
07-16 11:04:57.537  3900  3900 D Uvc     : [NativeVuforiaWebcam.h:305] ...NativeVuforiaWebcam::close()
07-16 11:04:57.537  3900  3900 D Uvc     : [NativeVuforiaWebcam.h:273] NativeVuforiaWebcam::freeVuforiaWebcamNativeCallbacks()...
07-16 11:04:57.537  3900  3900 D Uvc     : [NativeVuforiaWebcam.h:273] ...NativeVuforiaWebcam::freeVuforiaWebcamNativeCallbacks()
07-16 11:04:57.537  3900  3900 D Uvc     : [NativeVuforiaWebcam.h:265] ...NativeVuforiaWebcam::free()
07-16 11:04:57.537  3900  3900 D Uvc     : [NativeVuforiaWebcam.h:259] ...NativeVuforiaWebcam::~NativeVuforiaWebcam()
07-16 11:04:57.537  3900  3900 D UvcVuforiaWebcam: [NativeVuforiaWebcam.cpp:206] NativeVuforiaWebcam cref remaining=0
07-16 11:04:57.537  3900  3900 D Uvc     : [NativeVuforiaWebcam.cpp:203] ...Java_org_firstinspires_ftc_robotcore_internal_vuforia_externalprovider_VuforiaWebcam_nativeReleaseVuforiaWebcam()
07-16 11:04:57.538  3900  3900 V RCActivity: onDestroy()
07-16 11:04:57.538  3900  3900 V Robocol : EventLoopManager.shutdown()
07-16 11:04:57.540  3900  4042 D RobotCore: User runOpModeMethod exited
07-16 11:04:57.540  3900  4042 V RobotCore: thread: ...terminating 'OpModeThread'
07-16 11:04:57.575  3900  4006 I FtcEventLoop: auto-stopping OpMode 'Concept: TensorFlow Object Detection Webcam'
07-16 11:05:00.623  3900  3980 V Robocol : received command: CMD_REQUEST_FRAME(11778) 
07-16 11:05:01.985  3900  3980 V Robocol : received command: CMD_INIT_OP_MODE(11793) $Stop$Robot$
07-16 11:05:02.751  3900  3909 W BaseTaskApi: Closing an already closed native lib
--------- beginning of main
07-16 11:05:08.537  4083  4083 D Uvc     : [jni.cpp:72] JNI_OnLoad()...
07-16 11:05:08.537  4083  4083 D Uvc     : [JniEnv.h:32] ScopedJniEnv::onJniLoad()...
07-16 11:05:08.537  4083  4083 D Uvc     : [JniEnv.h:32] ...ScopedJniEnv::onJniLoad()
07-16 11:05:08.537  4083  4083 D Uvc     : [jni.cpp:72] ...JNI_OnLoad()
07-16 11:05:08.545  4083  4083 V AppUtil : initializing: getExternalStorageDirectory()=/storage/emulated/0
07-16 11:05:08.552  4083  4083 I AppUtil : found usbFileSystemRoot: /dev/bus/usb
07-16 11:05:08.552  4083  4083 I robotcontroller: type=1400 audit(0.0:548): avc: denied { read } for name="direction" dev="sysfs" ino=16601 scontext=u:r:untrusted_app:s0:c512,c768 tcontext=u:object_r:sysfs:s0 tclass=file permissive=1
07-16 11:05:08.555  4083  4083 I robotcontroller: type=1400 audit(0.0:549): avc: denied { open } for path="/sys/devices/pinctrl.26/gpio/gpio50/direction" dev="sysfs" ino=16601 scontext=u:r:untrusted_app:s0:c512,c768 tcontext=u:object_r:sysfs:s0 tclass=file permissive=1
07-16 11:05:08.555  4083  4083 I robotcontroller: type=1400 audit(0.0:550): avc: denied { getattr } for path="/sys/devices/pinctrl.26/gpio/gpio50/direction" dev="sysfs" ino=16601 scontext=u:r:untrusted_app:s0:c512,c768 tcontext=u:object_r:sysfs:s0 tclass=file permissive=1
07-16 11:05:08.555  4083  4083 I robotcontroller: type=1400 audit(0.0:551): avc: denied { write } for name="value" dev="sysfs" ino=13327 scontext=u:r:untrusted_app:s0:c512,c768 tcontext=u:object_r:sysfs:s0 tclass=file permissive=1
07-16 11:05:08.567  4083  4083 I AppAliveNotifier: Telling the OS to set the RC alive notification timeout to 20 seconds
07-16 11:05:08.575  4083  4099 V RobotCore: saving logcat to /storage/emulated/0/robotControllerLog.txt
07-16 11:05:08.575  4083  4099 V RobotCore: logging command line: exec logcat -f /storage/emulated/0/robotControllerLog.txt -r4096 -n4 -v threadtime UsbRequestJNI:S UsbRequest:S art:W ThreadPool:W System:W ExtendedExtractor:W OMXClient:W MediaPlayer:W dalvikvm:W  *:V
07-16 11:05:08.589  4083  4083 V AppUtil : rootActivity=PermissionValidatorWrapper
07-16 11:05:08.589  4083  4083 I PermissionValidatorActivity: Lifecycle onCreate : a650e24
07-16 11:05:08.651  4083  4099 I RobotCore: Done running ps
07-16 11:05:08.658  4103  4103 I sh      : type=1400 audit(0.0:552): avc: denied { read } for name="/" dev="rootfs" ino=1 scontext=u:r:untrusted_app:s0:c512,c768 tcontext=u:object_r:rootfs:s0 tclass=dir permissive=1
07-16 11:05:08.662  4103  4103 I sh      : type=1400 audit(0.0:553): avc: denied { open } for path="/" dev="rootfs" ino=1 scontext=u:r:untrusted_app:s0:c512,c768 tcontext=u:object_r:rootfs:s0 tclass=dir permissive=1
07-16 11:05:08.709  4083  4083 I PermissionValidatorActivity: Lifecycle onStart : a650e24
07-16 11:05:08.710  4083  4083 I PermissionValidator: Checking permission for android.permission.WRITE_EXTERNAL_STORAGE
07-16 11:05:08.712  4083  4083 I PermissionValidator:     Granted: android.permission.WRITE_EXTERNAL_STORAGE
07-16 11:05:08.713  4083  4083 I PermissionValidator: Checking permission for android.permission.READ_EXTERNAL_STORAGE
07-16 11:05:08.713  4083  4083 I PermissionValidator:     Granted: android.permission.READ_EXTERNAL_STORAGE
07-16 11:05:08.714  4083  4083 I PermissionValidator: Checking permission for android.permission.CAMERA
07-16 11:05:08.714  4083  4083 I PermissionValidator:     Granted: android.permission.CAMERA
07-16 11:05:08.714  4083  4083 I PermissionValidator: Checking permission for android.permission.ACCESS_COARSE_LOCATION
07-16 11:05:08.715  4083  4083 I PermissionValidator:     Granted: android.permission.ACCESS_COARSE_LOCATION
07-16 11:05:08.715  4083  4083 I PermissionValidator: Checking permission for android.permission.ACCESS_FINE_LOCATION
07-16 11:05:08.716  4083  4083 I PermissionValidator:     Granted: android.permission.ACCESS_FINE_LOCATION
07-16 11:05:08.716  4083  4083 I PermissionValidator: Checking permission for android.permission.READ_PHONE_STATE
07-16 11:05:08.717  4083  4083 I PermissionValidator:     Granted: android.permission.READ_PHONE_STATE
07-16 11:05:08.720  4083  4083 V ServiceStarter: attempting to start service MediaTransferProtocolMonitorService
07-16 11:05:08.723  4083  4083 V ServiceStarter: started service MediaTransferProtocolMonitorService
07-16 11:05:08.723  4083  4083 V ServiceStarter: attempting to start service OnBotJavaService
07-16 11:05:08.725  4083  4083 V ServiceStarter: started service OnBotJavaService
07-16 11:05:08.725  4083  4083 I PermissionValidatorActivity: All permissions validated.  Starting RobotController
07-16 11:05:08.737  4083  4083 V MTPMonitorService: onCreate()
07-16 11:05:08.737  4083  4083 V MTPMonitorService: onStartCommand() intent=Intent { cmp=com.qualcomm.ftcrobotcontroller/org.firstinspires.ftc.robotcore.internal.files.MediaTransferProtocolMonitorService } flags=0x0 startId=1
07-16 11:05:08.741  4083  4083 V MTPMonitor: observing: /storage/emulated/0
07-16 11:05:08.829  4083  4083 V OnBotJavaService: onCreate()
07-16 11:05:08.829  4083  4083 V OnBotJavaService: onStartCommand() intent=Intent { cmp=com.qualcomm.ftcrobotcontroller/org.firstinspires.ftc.onbotjava.OnBotJavaService } flags=0x0 startId=1
07-16 11:05:08.830  4083  4083 V OnBotJava: OnBotJavaManager::static
07-16 11:05:09.298  4083  4083 V OnBotJava: ctor()...
07-16 11:05:09.300  4083  4083 V OnBotJava: ...ctor()
07-16 11:05:09.305  4083  4083 V RCActivity: Permissions validated already
07-16 11:05:09.305  4083  4083 V RCActivity: onCreate()
07-16 11:05:09.307  4083  4083 V RCActivity: rootActivity is of class PermissionValidatorWrapper
07-16 11:05:09.318  4083  4083 V RCActivity: launchActivity is of class class org.firstinspires.ftc.robotcontroller.internal.PermissionValidatorWrapper
07-16 11:05:09.326  4083  4108 V CallbackLooper: thread=89
07-16 11:05:09.375  4083  4083 V NetDiscover_wifiDirectAgent: doStart()...
07-16 11:05:09.383  4083  4083 V NetDiscover_wifiDirectAgent: ...doStart()
07-16 11:05:09.384  4083  4083 V NetDiscover_prefremrc: ----- all preferences -----
07-16 11:05:09.384  4083  4083 V NetDiscover_prefremrc: name='android.permission.READ_PHONE_STATE' value=false
07-16 11:05:09.384  4083  4083 V NetDiscover_prefremrc: name='pref_autostarted_robot_controller' value=true
07-16 11:05:09.385  4083  4083 V NetDiscover_prefremrc: name='pref_warn_about_obsolete_software' value=true
07-16 11:05:09.385  4083  4083 V NetDiscover_prefremrc: name='pref_has_independent_phone_battery' value=false
07-16 11:05:09.385  4083  4083 V NetDiscover_prefremrc: name='android.permission.CAMERA' value=false
07-16 11:05:09.386  4083  4083 V NetDiscover_prefremrc: name='pref_wifip2p_remote_channel_change_works' value=false
07-16 11:05:09.386  4083  4083 V NetDiscover_prefremrc: name='pref_hardware_config_filename' value={"isDirty":false,"location":"LOCAL_STORAGE","name":"just logi cam","resourceId":0}
07-16 11:05:09.386  4083  4083 V NetDiscover_prefremrc: name='pref_warn_about_mismatched_app_versions' value=true
07-16 11:05:09.386  4083  4083 V NetDiscover_prefremrc: name='pref_sound_on_off' value=false
07-16 11:05:09.387  4083  4083 V NetDiscover_prefremrc: name='pref_ftc_season_year_of_current_rc_new' value=2022
07-16 11:05:09.387  4083  4083 V NetDiscover_prefremrc: name='App Restrictions' value=AAAAAA==
07-16 11:05:09.387  4083  4083 V NetDiscover_prefremrc:     
07-16 11:05:09.387  4083  4083 V NetDiscover_prefremrc: name='pref_warn_about_incorrect_clocks' value=true
07-16 11:05:09.388  4083  4083 V NetDiscover_prefremrc: name='android.permission.ACCESS_COARSE_LOCATION' value=false
07-16 11:05:09.388  4083  4083 V NetDiscover_prefremrc: name='pref_ftc_season_year_of_current_rc' value=2021
07-16 11:05:09.388  4083  4083 V NetDiscover_prefremrc: name='pref_has_speaker' value=false
07-16 11:05:09.388  4083  4083 V NetDiscover_prefremrc: name='android.permission.WRITE_EXTERNAL_STORAGE' value=false
07-16 11:05:09.389  4083  4083 V NetDiscover_prefremrc: name='pref_connection_owner_password' value=caosrobotics
07-16 11:05:09.389  4083  4083 V NetDiscover_prefremrc: name='pref_pairing_kind' value=RCWIRELESSAP
07-16 11:05:09.389  4083  4083 V NetDiscover_prefremrc: name='pref_device_name_internal' value=14338-RC
07-16 11:05:09.389  4083  4083 V NetDiscover_prefremrc: name='android.permission.ACCESS_FINE_LOCATION' value=false
07-16 11:05:09.390  4083  4083 V NetDiscover_prefremrc: name='pref_app_theme' value=red
07-16 11:05:09.390  4083  4083 V NetDiscover_prefremrc: name='pref_device_name' value=14338-RC
07-16 11:05:09.390  4083  4083 V NetDiscover_prefremrc: name='pref_warn_about_2_4_ghz_band' value=true
07-16 11:05:09.390  4083  4083 V NetDiscover_prefremrc: name='android.permission.READ_EXTERNAL_STORAGE' value=false
07-16 11:05:09.391  4083  4083 V NetDiscover_prefremrc: name='pref_device_name_tracking' value=WIFIAP
07-16 11:05:09.391  4083  4083 V NetDiscover_prefremrc: name='pref_rc_connected' value=true
07-16 11:05:09.399  4083  4083 V Robocol : SendOnceRunnable created
07-16 11:05:09.403  4083  4083 V NetDiscover_prefremrc: doStart()...
07-16 11:05:09.403  4083  4083 V NetDiscover_prefremrc: ...doStart()
07-16 11:05:09.461  4083  4083 W System  : ClassLoader referenced unknown path: /system/app/webview/lib/arm
07-16 11:05:09.462  4083  4083 D ApplicationLoaders: ignored Vulkan layer search path /system/app/webview/lib/arm:/system/app/webview/webview.apk!/lib/armeabi-v7a:/system/lib:/vendor/lib for namespace 0xf0146090
07-16 11:05:09.472  4083  4083 I WebViewFactory: Loading com.android.webview version 52.0.2743.100 (code 275610050)
07-16 11:05:09.532  4083  4083 I cr_LibraryLoader: Time to load native libraries: 3 ms (timestamps 9427-9430)
07-16 11:05:09.533  4083  4083 I cr_LibraryLoader: Expected native library version number "52.0.2743.100", actual native library version number "52.0.2743.100"
07-16 11:05:09.546  4083  4083 V WebViewChromiumFactoryProvider: Binding Chromium to main looper Looper (main, tid 1) {7b7ef7b}
07-16 11:05:09.547  4083  4083 I cr_LibraryLoader: Expected native library version number "52.0.2743.100", actual native library version number "52.0.2743.100"
07-16 11:05:09.547  4083  4083 I chromium: [INFO:library_loader_hooks.cc(143)] Chromium logging enabled: level = 0, default verbosity = 0
07-16 11:05:09.568  4083  4083 I cr_BrowserStartup: Initializing chromium process, singleProcess=true
07-16 11:05:09.599  4083  4083 I mali_so : [File] : hardware/rockchip/driver/./src/base/arch/arch_011_udd/base_arch_main.c; [Line] : 565; [Func] : deal_with_version_affairs_rk_ext;
07-16 11:05:09.599  4083  4083 I mali_so : arm_release_ver of this mali_so is 'r7p0-00rel1', rk_so_ver is '1@2' for 3328h_android_7.1, built at '15:47:49', on 'Jun 28 2017'.
07-16 11:05:09.599  4083  4083 I mali_so : [File] : hardware/rockchip/driver/./src/base/arch/arch_011_udd/base_arch_main.c; [Line] : 578; [Func] : deal_with_version_affairs_rk_ext;
07-16 11:05:09.599  4083  4083 I mali_so : mali_ver_property has been set to 'r7p0-00rel1-5-1@2', to return.
07-16 11:05:09.669  4083  4083 I cr_DRP  : No DRP key due to exception:java.lang.ClassNotFoundException: com.android.webview.chromium.Drp
07-16 11:05:09.717  4083  4083 W cr_AwContents: onDetachedFromWindow called when already detached. Ignoring
07-16 11:05:10.813  4083  4083 W ClassManager: org.ejml.dense.row.DMatrixComponent java.lang.ClassNotFoundException: org.ejml.dense.row.DMatrixComponent
07-16 11:05:10.817  4083  4083 E ClassManager: java.lang.ClassNotFoundException: org.ejml.dense.row.DMatrixComponent
07-16 11:05:10.819  4083  4083 E ClassManager: 	at java.lang.Class.classForName(Native Method)
07-16 11:05:10.820  4083  4083 E ClassManager: 	at java.lang.Class.forName(Class.java:400)
07-16 11:05:10.824  4083  4083 E ClassManager: 	at org.firstinspires.ftc.robotcore.internal.opmode.ClassManager.classNamesToClasses(ClassManager.java:229)
07-16 11:05:10.825  4083  4083 E ClassManager: 	at org.firstinspires.ftc.robotcore.internal.opmode.ClassManager.processAllClasses(ClassManager.java:279)
07-16 11:05:10.825  4083  4083 E ClassManager: 	at com.qualcomm.ftccommon.ClassManagerFactory.processAllClasses(ClassManagerFactory.java:102)
07-16 11:05:10.827  4083  4083 E ClassManager: 	at org.firstinspires.ftc.robotcontroller.internal.FtcRobotControllerActivity.onCreate(FtcRobotControllerActivity.java:356)
07-16 11:05:10.827  4083  4083 E ClassManager: 	at android.app.Activity.performCreate(Activity.java:6709)
07-16 11:05:10.827  4083  4083 E ClassManager: 	at android.app.Instrumentation.callActivityOnCreate(Instrumentation.java:1118)
07-16 11:05:10.828  4083  4083 E ClassManager: 	at android.app.ActivityThread.performLaunchActivity(ActivityThread.java:2619)
07-16 11:05:10.828  4083  4083 E ClassManager: 	at android.app.ActivityThread.handleLaunchActivity(ActivityThread.java:2727)
07-16 11:05:10.829  4083  4083 E ClassManager: 	at android.app.ActivityThread.-wrap12(ActivityThread.java)
07-16 11:05:10.829  4083  4083 E ClassManager: 	at android.app.ActivityThread$H.handleMessage(ActivityThread.java:1478)
07-16 11:05:10.830  4083  4083 E ClassManager: 	at android.os.Handler.dispatchMessage(Handler.java:102)
07-16 11:05:10.830  4083  4083 E ClassManager: 	at android.os.Looper.loop(Looper.java:154)
07-16 11:05:10.830  4083  4083 E ClassManager: 	at android.app.ActivityThread.main(ActivityThread.java:6121)
07-16 11:05:10.831  4083  4083 E ClassManager: 	at java.lang.reflect.Method.invoke(Native Method)
07-16 11:05:10.831  4083  4083 E ClassManager: 	at com.android.internal.os.ZygoteInit$MethodAndArgsCaller.run(ZygoteInit.java:905)
07-16 11:05:10.832  4083  4083 E ClassManager: 	at com.android.internal.os.ZygoteInit.main(ZygoteInit.java:795)
07-16 11:05:10.836  4083  4083 E ClassManager: Caused by: java.lang.ClassNotFoundException: Didn't find class "org.ejml.dense.row.DMatrixComponent" on path: DexPathList[[dex file "/storage/emulated/0/FIRST/java/build/jars/onBotJavaJar-2022-09-03+16.41.03--396237176/classes.dex"],nativeLibraryDirectories=[/system/lib, /vendor/lib]]
07-16 11:05:10.837  4083  4083 E ClassManager: 	at dalvik.system.BaseDexClassLoader.findClass(BaseDexClassLoader.java:56)
07-16 11:05:10.837  4083  4083 E ClassManager: 	at java.lang.ClassLoader.loadClass(ClassLoader.java:380)
07-16 11:05:10.838  4083  4083 E ClassManager: 	at java.lang.ClassLoader.loadClass(ClassLoader.java:312)
07-16 11:05:10.838  4083  4083 E ClassManager: 	... 18 more
07-16 11:05:10.843  4083  4083 W ClassManager: org.ejml.dense.row.FMatrixComponent java.lang.ClassNotFoundException: org.ejml.dense.row.FMatrixComponent
07-16 11:05:10.844  4083  4083 E ClassManager: java.lang.ClassNotFoundException: org.ejml.dense.row.FMatrixComponent
07-16 11:05:10.844  4083  4083 E ClassManager: 	at java.lang.Class.classForName(Native Method)
07-16 11:05:10.845  4083  4083 E ClassManager: 	at java.lang.Class.forName(Class.java:400)
07-16 11:05:10.845  4083  4083 E ClassManager: 	at org.firstinspires.ftc.robotcore.internal.opmode.ClassManager.classNamesToClasses(ClassManager.java:229)
07-16 11:05:10.846  4083  4083 E ClassManager: 	at org.firstinspires.ftc.robotcore.internal.opmode.ClassManager.processAllClasses(ClassManager.java:279)
07-16 11:05:10.847  4083  4083 E ClassManager: 	at com.qualcomm.ftccommon.ClassManagerFactory.processAllClasses(ClassManagerFactory.java:102)
07-16 11:05:10.847  4083  4083 E ClassManager: 	at org.firstinspires.ftc.robotcontroller.internal.FtcRobotControllerActivity.onCreate(FtcRobotControllerActivity.java:356)
07-16 11:05:10.848  4083  4083 E ClassManager: 	at android.app.Activity.performCreate(Activity.java:6709)
07-16 11:05:10.848  4083  4083 E ClassManager: 	at android.app.Instrumentation.callActivityOnCreate(Instrumentation.java:1118)
07-16 11:05:10.849  4083  4083 E ClassManager: 	at android.app.ActivityThread.performLaunchActivity(ActivityThread.java:2619)
07-16 11:05:10.849  4083  4083 E ClassManager: 	at android.app.ActivityThread.handleLaunchActivity(ActivityThread.java:2727)
07-16 11:05:10.850  4083  4083 E ClassManager: 	at android.app.ActivityThread.-wrap12(ActivityThread.java)
07-16 11:05:10.850  4083  4083 E ClassManager: 	at android.app.ActivityThread$H.handleMessage(ActivityThread.java:1478)
07-16 11:05:10.851  4083  4083 E ClassManager: 	at android.os.Handler.dispatchMessage(Handler.java:102)
07-16 11:05:10.851  4083  4083 E ClassManager: 	at android.os.Looper.loop(Looper.java:154)
07-16 11:05:10.852  4083  4083 E ClassManager: 	at android.app.ActivityThread.main(ActivityThread.java:6121)
07-16 11:05:10.852  4083  4083 E ClassManager: 	at java.lang.reflect.Method.invoke(Native Method)
07-16 11:05:10.853  4083  4083 E ClassManager: 	at com.android.internal.os.ZygoteInit$MethodAndArgsCaller.run(ZygoteInit.java:905)
07-16 11:05:10.853  4083  4083 E ClassManager: 	at com.android.internal.os.ZygoteInit.main(ZygoteInit.java:795)
07-16 11:05:10.855  4083  4083 E ClassManager: Caused by: java.lang.ClassNotFoundException: Didn't find class "org.ejml.dense.row.FMatrixComponent" on path: DexPathList[[dex file "/storage/emulated/0/FIRST/java/build/jars/onBotJavaJar-2022-09-03+16.41.03--396237176/classes.dex"],nativeLibraryDirectories=[/system/lib, /vendor/lib]]
07-16 11:05:10.856  4083  4083 E ClassManager: 	at dalvik.system.BaseDexClassLoader.findClass(BaseDexClassLoader.java:56)
07-16 11:05:10.856  4083  4083 E ClassManager: 	at java.lang.ClassLoader.loadClass(ClassLoader.java:380)
07-16 11:05:10.856  4083  4083 E ClassManager: 	at java.lang.ClassLoader.loadClass(ClassLoader.java:312)
07-16 11:05:10.857  4083  4083 E ClassManager: 	... 18 more
07-16 11:05:12.345  4133  4133 I ps      : type=1400 audit(0.0:554): avc: denied { getattr } for path="/proc/1" dev="proc" ino=6657 scontext=u:r:untrusted_app:s0:c512,c768 tcontext=u:r:init:s0 tclass=dir permissive=1
07-16 11:05:12.345  4133  4133 I ps      : type=1400 audit(0.0:555): avc: denied { search } for name="1" dev="proc" ino=6657 scontext=u:r:untrusted_app:s0:c512,c768 tcontext=u:r:init:s0 tclass=dir permissive=1
07-16 11:05:12.345  4133  4133 I ps      : type=1400 audit(0.0:556): avc: denied { read } for name="cmdline" dev="proc" ino=19840 scontext=u:r:untrusted_app:s0:c512,c768 tcontext=u:r:init:s0 tclass=file permissive=1
07-16 11:05:12.345  4133  4133 I ps      : type=1400 audit(0.0:557): avc: denied { open } for path="/proc/1/cmdline" dev="proc" ino=19840 scontext=u:r:untrusted_app:s0:c512,c768 tcontext=u:r:init:s0 tclass=file permissive=1
07-16 11:05:12.348  4133  4133 I ps      : type=1400 audit(0.0:558): avc: denied { getattr } for path="/proc/2" dev="proc" ino=8872 scontext=u:r:untrusted_app:s0:c512,c768 tcontext=u:r:kernel:s0 tclass=dir permissive=1
07-16 11:05:12.348  4133  4133 I ps      : type=1400 audit(0.0:559): avc: denied { search } for name="2" dev="proc" ino=8872 scontext=u:r:untrusted_app:s0:c512,c768 tcontext=u:r:kernel:s0 tclass=dir permissive=1
07-16 11:05:13.979  4083  4083 V UpdateUI: Network: inactive, disconnected
07-16 11:05:13.980  4083  4083 V ServiceStarter: attempting to start service FtcRobotControllerWatchdogService
07-16 11:05:13.982  4083  4083 V ServiceStarter: started service FtcRobotControllerWatchdogService
07-16 11:05:14.036  4083  4083 I RobotCore: App info: version=8.1.1 appId=com.qualcomm.ftcrobotcontroller
