07-16 10:54:19.928  2942  3071 D CachingExposureControl: ...isModeSupported(Manual): true
07-16 10:54:19.928  2942  3071 D CachingExposureControl: isModeSupported(ShutterPriority)...
07-16 10:54:19.928  2942  3071 D CachingExposureControl: ...isModeSupported(ShutterPriority): false
07-16 10:54:19.928  2942  3071 D Uvc     : [NativeVuforiaWebcam.h:515] NativeVuforiaWebcam::supportsExposureValue()...
07-16 10:54:19.929  2942  3071 D Uvc     : [NativeVuforiaWebcam.h:515] ...NativeVuforiaWebcam::supportsExposureValue()
07-16 10:54:19.929  2942  3071 D Uvc     : [NativeVuforiaWebcam.h:579] NativeVuforiaWebcam::supportsFocusValue()...
07-16 10:54:19.929  2942  3071 D Uvc     : [NativeVuforiaWebcam.h:579] ...NativeVuforiaWebcam::supportsFocusValue()
07-16 10:54:19.932  2942  3071 I AR      : ObjectTracker: This device doesn't support model targets extended tracking, extended tracking will be turned off
07-16 10:54:19.939  2942  3071 D Uvc     : [NativeVuforiaWebcam.h:322] NativeVuforiaWebcam::start()...
07-16 10:54:19.940  2942  3071 D VuforiaWebcam: nativeCallbackStart()...
07-16 10:54:19.940  2942  3071 V CameraCallback: construct(pointer=0xc8da48b0)
07-16 10:54:19.941  2942  3071 D VuforiaWebcam: start(CameraMode(format=YUYV:1 w=640 h=480 fps=30))...
07-16 10:54:19.942  2942  3071 D UsbResiliantWebcam: createCaptureSession()...
07-16 10:54:19.942  2942  3071 V DelCaptureSession: construct(0x0395d9e0)
07-16 10:54:19.944  2942  3097 D VuforiaWebcam: capture session DelegatingCaptureSession(1) reports configured
07-16 10:54:19.944  2942  3071 D UsbResiliantWebcam|DelCaptureSession: onCameraChange(null->CameraImpl(UvcDeviceHandle(pointer=0xccc07ad0|UvcDevice(/dev/bus/usb/003/004))))...
07-16 10:54:19.944  2942  3071 D UsbResiliantWebcam|DelCaptureSession: ...onCameraChange(null->CameraImpl(UvcDeviceHandle(pointer=0xccc07ad0|UvcDevice(/dev/bus/usb/003/004))))
07-16 10:54:19.945  2942  3071 D CachingExposureControl: onCameraChanged(CameraImpl(UvcDeviceHandle(pointer=0xccc07ad0|UvcDevice(/dev/bus/usb/003/004)))->CameraImpl(UvcDeviceHandle(pointer=0xccc07ad0|UvcDevice(/dev/bus/usb/003/004))))...
07-16 10:54:19.946  2942  3071 D CachingExposureControl: ...onCameraChanged(CameraImpl(UvcDeviceHandle(pointer=0xccc07ad0|UvcDevice(/dev/bus/usb/003/004)))->CameraImpl(UvcDeviceHandle(pointer=0xccc07ad0|UvcDevice(/dev/bus/usb/003/004))))
07-16 10:54:19.946  2942  3071 D UsbResiliantWebcam: ...createCaptureSession()
07-16 10:54:19.946  2942  3071 D ContinuationSynchronizer: awaiting(camera start)...
07-16 10:54:19.947  2942  3097 D CameraCalibrationManager: CameraCalibration(VendorProductCalibrationIdentity(vid=0x046d,pid=0x0825) 640x480 f=822.317,822.317)
07-16 10:54:19.948  2942  3097 D CameraCalibrationManager: getCameraCalibration(): CameraCalibration(VendorProductCalibrationIdentity(vid=0x046d,pid=0x0825) 640x480 f=822.317,822.317)
07-16 10:54:19.948  2942  3097 D UsbResiliantWebcam|DelCaptureSession: startCapture()...
07-16 10:54:19.949  2942  3097 V DelCaptureSequence: construct(0x0123335e)
07-16 10:54:19.949  2942  3097 D UsbResiliantWebcam|DelCaptureSequence: onCameraChange(null->CameraImpl(UvcDeviceHandle(pointer=0xccc07ad0|UvcDevice(/dev/bus/usb/003/004))))...
07-16 10:54:19.950  2942  3097 D UsbResiliantWebcam|DelCaptureSequence: pauseStreaming(Stopped)...
07-16 10:54:19.950  2942  3097 D UsbResiliantWebcam|DelCaptureSequence: ...pauseStreaming(Stopped)
07-16 10:54:19.951  2942  3097 D UsbResiliantWebcam|DelCaptureSequence: resumeStreaming(Stopped)...
07-16 10:54:19.951  2942  3097 D UsbResiliantWebcam|DelCaptureSequence: ...resumeStreaming(Stopped)
07-16 10:54:19.951  2942  3097 D UsbResiliantWebcam|DelCaptureSequence: ...onCameraChange(null->CameraImpl(UvcDeviceHandle(pointer=0xccc07ad0|UvcDevice(/dev/bus/usb/003/004))))
07-16 10:54:19.951  2942  3097 D UsbResiliantWebcam|DelCaptureSequence: startStreaming(Stopped)...
07-16 10:54:19.951  2942  3097 D UsbResiliantWebcam|DelCaptureSequence: doStreaming()...
07-16 10:54:19.952  2942  3097 V UvcApiCaptureSession: construct(0x0e57b33f)
07-16 10:54:19.954  2942  3096 D UsbResiliantWebcam|DelCaptureSession: camera session is configured: Webcam(90684B40)
07-16 10:54:19.954  2942  3097 V UvcApiCameraCaptureSequence: construct(0x05aeb40c)
07-16 10:54:19.955  2942  3097 D UvcDeviceHandle: getStreamControl(640x480 30)...
07-16 10:54:19.955  2942  3097 V UvcStreamCtrl: construct(0x03868155)
07-16 10:54:19.956  2942  3097 D Uvc     : [jni_devicehandle.cpp:115] Java_org_firstinspires_ftc_robotcore_internal_camera_libuvc_nativeobject_UvcDeviceHandle_nativeGetStreamControlFormatSize()...
07-16 10:54:19.956  2942  3097 V Uvc     : API: Java_org_firstinspires_ftc_robotcore_internal_camera_libuvc_nativeobject_UvcDeviceHandle_nativeGetStreamControlFormatSize: enter...
07-16 10:54:19.956  2942  3097 D Uvc     : [stream.cpp:373] uvc_get_stream_ctrl_format_size()...
07-16 10:54:19.956  2942  3097 D Uvc     : [libuvc/libuvc_internal.h:770] uvc_device_handle::claimInterface(idx=1)...
07-16 10:54:19.956  2942  3097 D UvcDevice: claimInterface(1)
07-16 10:54:19.956  2942  3097 D UvcDevice: claimInterface(1) succeeded
07-16 10:54:19.957  2942  3097 D Uvc     : [libuvc/libuvc_internal.h:783] claimInterface(1) succeeded
07-16 10:54:19.957  2942  3097 D Uvc     : [libuvc/libuvc_internal.h:770] ...uvc_device_handle::claimInterface() rc=0
07-16 10:54:19.957  2942  3097 D UvcStream: [stream.cpp:412] 640x480 30fps
07-16 10:54:19.957  2942  3097 D Uvc     : [stream.cpp:162] uvc_query_stream_ctrl()...
07-16 10:54:19.961  2942  3097 D Uvc     : [stream.cpp:162] ...uvc_query_stream_ctrl() rc=0
07-16 10:54:19.961  2942  3097 D Uvc     : [libuvc/libuvc_internal.h:793] uvc_device_handle::releaseInterface()...
07-16 10:54:19.961  2942  3097 D UvcDevice: releaseInterface(1)
07-16 10:54:19.961  2942  3097 D UvcDevice: releaseInterface(1) succeeded
07-16 10:54:19.961  2942  3097 D Uvc     : [libuvc/libuvc_internal.h:793] ...uvc_device_handle::releaseInterface() rc=0
07-16 10:54:19.961  2942  3097 D Uvc     : [stream.cpp:523] uvc_probe_stream_ctrl()...
07-16 10:54:19.961  2942  3097 D Uvc     : [libuvc/libuvc_internal.h:770] uvc_device_handle::claimInterface(idx=1)...
07-16 10:54:19.962  2942  3097 D UvcDevice: claimInterface(1)
07-16 10:54:19.962  2942  3097 D UvcDevice: claimInterface(1) succeeded
07-16 10:54:19.962  2942  3097 D Uvc     : [libuvc/libuvc_internal.h:783] claimInterface(1) succeeded
07-16 10:54:19.962  2942  3097 D Uvc     : [libuvc/libuvc_internal.h:770] ...uvc_device_handle::claimInterface() rc=0
07-16 10:54:19.962  2942  3097 D Uvc     : [stream.cpp:162] uvc_query_stream_ctrl()...
07-16 10:54:19.968  2942  3097 D Uvc     : [stream.cpp:162] ...uvc_query_stream_ctrl() rc=0
07-16 10:54:19.968  2942  3097 D Uvc     : [stream.cpp:162] uvc_query_stream_ctrl()...
07-16 10:54:19.973  2942  3097 D Uvc     : [stream.cpp:162] ...uvc_query_stream_ctrl() rc=0
07-16 10:54:19.973  2942  3097 D Uvc     : [stream.cpp:523] ...uvc_probe_stream_ctrl() rc=0
07-16 10:54:19.973  2942  3097 D Uvc     : [stream.cpp:373] ...uvc_get_stream_ctrl_format_size() rc=0
07-16 10:54:19.973  2942  3097 V Uvc     : API: Java_org_firstinspires_ftc_robotcore_internal_camera_libuvc_nativeobject_UvcDeviceHandle_nativeGetStreamControlFormatSize: ...exit
07-16 10:54:19.973  2942  3097 D Uvc     : [jni_devicehandle.cpp:115] ...Java_org_firstinspires_ftc_robotcore_internal_camera_libuvc_nativeobject_UvcDeviceHandle_nativeGetStreamControlFormatSize()
07-16 10:54:19.973  2942  3097 D UvcDeviceHandle: ...getStreamControl(640x480 30)
07-16 10:54:19.973  2942  3097 D Uvc     : [jni_streamcontrol.cpp:101] Java_org_firstinspires_ftc_robotcore_internal_camera_libuvc_nativeobject_UvcStreamCtrl_nativeOpen()...
07-16 10:54:19.973  2942  3097 V Uvc     : API: Java_org_firstinspires_ftc_robotcore_internal_camera_libuvc_nativeobject_UvcStreamCtrl_nativeOpen: enter...
07-16 10:54:19.973  2942  3097 D Uvc     : [devicehandle.cpp:46] uvc_device_handle::openStreamControl()...
07-16 10:54:19.973  2942  3097 D Uvc     : [streamhandle.cpp:58] uvc_stream_handle::claimInterface()...
07-16 10:54:19.973  2942  3097 D Uvc     : [libuvc/libuvc_internal.h:770] uvc_device_handle::claimInterface(idx=1)...
07-16 10:54:19.974  2942  3097 D UvcDevice: claimInterface(1)
07-16 10:54:19.974  2942  3097 D UvcDevice: claimInterface(1) succeeded
07-16 10:54:19.974  2942  3097 D Uvc     : [libuvc/libuvc_internal.h:783] claimInterface(1) succeeded
07-16 10:54:19.974  2942  3097 D Uvc     : [libuvc/libuvc_internal.h:770] ...uvc_device_handle::claimInterface() rc=0
07-16 10:54:19.974  2942  3097 D Uvc     : [streamhandle.cpp:58] ...uvc_stream_handle::claimInterface() rc=0
07-16 10:54:19.974  2942  3097 D Uvc     : [stream.cpp:162] uvc_query_stream_ctrl()...
07-16 10:54:19.983  2942  3097 D Uvc     : [stream.cpp:162] ...uvc_query_stream_ctrl() rc=0
07-16 10:54:19.983  2942  3097 D Uvc     : [devicehandle.cpp:46] ...uvc_device_handle::openStreamControl() rc=0
07-16 10:54:19.983  2942  3097 V Uvc     : API: Java_org_firstinspires_ftc_robotcore_internal_camera_libuvc_nativeobject_UvcStreamCtrl_nativeOpen: ...exit
07-16 10:54:19.983  2942  3097 D Uvc     : [jni_streamcontrol.cpp:101] ...Java_org_firstinspires_ftc_robotcore_internal_camera_libuvc_nativeobject_UvcStreamCtrl_nativeOpen()
07-16 10:54:19.984  2942  3097 V UvcStreamHandle: construct(pointer=0xd01b1c80)
07-16 10:54:19.984  2942  3097 D Uvc     : [jni_streamhandle.cpp:184] Java_org_firstinspires_ftc_robotcore_internal_camera_libuvc_nativeobject_UvcStreamHandle_nativeStopStreaming()...
07-16 10:54:19.984  2942  3097 V Uvc     : API: Java_org_firstinspires_ftc_robotcore_internal_camera_libuvc_nativeobject_UvcStreamHandle_nativeStopStreaming: enter...
07-16 10:54:19.984  2942  3097 D Uvc     : [stream.cpp:1514] uvc_stream_stop()...
07-16 10:54:19.984  2942  3097 D Uvc     : [stream.cpp:1514] ...uvc_stream_stop() rc=0
07-16 10:54:19.984  2942  3097 V Uvc     : API: Java_org_firstinspires_ftc_robotcore_internal_camera_libuvc_nativeobject_UvcStreamHandle_nativeStopStreaming: ...exit
07-16 10:54:19.984  2942  3097 D Uvc     : [jni_streamhandle.cpp:184] ...Java_org_firstinspires_ftc_robotcore_internal_camera_libuvc_nativeobject_UvcStreamHandle_nativeStopStreaming()
07-16 10:54:19.984  2942  3097 V UvcFrameCallback: construct(0x086b276a)
07-16 10:54:19.985  2942  3097 V UvcFrameCallbackData: construct(pointer=0xccb8c198)
07-16 10:54:19.985  2942  3097 V Uvc     : API: Java_org_firstinspires_ftc_robotcore_internal_camera_libuvc_nativeobject_UvcStreamHandle_nativeStartStreaming: enter...
07-16 10:54:19.985  2942  3097 D Uvc     : [stream.cpp:970] uvc_stream_start_bandwidth()...
07-16 10:54:19.985  2942  3097 D Uvc     : [stream.cpp:1173] uvc_stream_handle::startIsochronousStreaming()...
07-16 10:54:19.985  2942  3097 D Uvc     : [libuvc/libuvc_internal.h:825] uvc_device_handle::setInterfaceAltSetting(setInterfaceAltSetting(intf=1 alt=11))...
07-16 10:54:19.985  2942  3097 D UvcDevice: setInterfaceAltSetting(1,11)
07-16 10:54:19.986  2942  3097 D UvcDevice: setInterfaceAltSetting(1,11) succeeded
07-16 10:54:19.986  2942  3097 D Uvc     : [libuvc/libuvc_internal.h:825] ...uvc_device_handle::setInterfaceAltSetting() rc=0
07-16 10:54:19.986  2942  3097 D Uvc     : [stream.cpp:1173] ...uvc_stream_handle::startIsochronousStreaming() rc=0
07-16 10:54:19.987  2942  3097 D Uvc     : [stream.cpp:1201] uvc_stream_handle::startUserCallbackThread()...
07-16 10:54:19.987  2942  3098 D UvcStream: [stream.cpp:1265] User Callback thread started
07-16 10:54:19.987  2942  3097 D Uvc     : [stream.cpp:1201] ...uvc_stream_handle::startUserCallbackThread() rc=0
07-16 10:54:19.987  2942  3097 D Uvc     : [stream.cpp:1221] uvc_stream_handle::submitTransfers()...
07-16 10:54:19.988  2942  3097 D Uvc     : [stream.cpp:1221] ...uvc_stream_handle::submitTransfers() rc=0
07-16 10:54:19.988  2942  3097 D Uvc     : [stream.cpp:970] ...uvc_stream_start_bandwidth() rc=0
07-16 10:54:19.988  2942  3097 D UvcStreamHandle: [jni_streamhandle.cpp:150] successfully started streaming
07-16 10:54:19.988  2942  3097 V Uvc     : API: Java_org_firstinspires_ftc_robotcore_internal_camera_libuvc_nativeobject_UvcStreamHandle_nativeStartStreaming: ...exit
07-16 10:54:19.989  2942  3097 V UvcStreamCtrl: destroy(pointer=0xc2dfc280)
07-16 10:54:19.989  2942  3097 D UsbResiliantWebcam|DelCaptureSequence: ...doStreaming()
07-16 10:54:19.989  2942  3097 D UsbResiliantWebcam|DelCaptureSequence: ...startStreaming(Stopped)
07-16 10:54:19.990  2942  3097 D UsbResiliantWebcam|DelCaptureSession: ...startCapture()
07-16 10:54:19.991  2942  3097 D ContinuationSynchronizer: finish("onConfigured": DelegatingCaptureSession(1))...
07-16 10:54:19.991  2942  3097 D ContinuationSynchronizer: ...finish("onConfigured": DelegatingCaptureSession(1))
07-16 10:54:19.991  2942  3071 D ContinuationSynchronizer: ...awaiting(camera start)
07-16 10:54:19.991  2942  3071 D VuforiaWebcam: ...start(CameraMode(format=YUYV:1 w=640 h=480 fps=30))
07-16 10:54:19.991  2942  3071 D VuforiaWebcam: ...nativeCallbackStart()
07-16 10:54:19.991  2942  3071 D Uvc     : [NativeVuforiaWebcam.h:322] ...NativeVuforiaWebcam::start()
07-16 10:54:19.992  2942  3071 D Uvc     : [NativeVuforiaWebcam.h:568] NativeVuforiaWebcam::setFocusMode()...
07-16 10:54:19.993  2942  3071 D Uvc     : [NativeVuforiaWebcam.h:568] ...NativeVuforiaWebcam::setFocusMode()
07-16 10:54:19.996  2942  3049 D UvcStream: [stream.cpp:729] this is the UVC processTransfer() stream processing thread
07-16 10:54:20.007  2942  3028 V Robocol : sending CMD_STREAM_CHANGE(369), attempt: 0
07-16 10:54:20.008  2942  3028 V Robocol : sending CMD_STREAM_CHANGE(370), attempt: 0
07-16 10:54:20.554  2942  3102 I tflite  : Initialized TensorFlow Lite runtime.
07-16 10:54:20.624  2942  3102 I native  : Initializing object tracker. 272x153 @0xc0c9228c
07-16 10:54:20.625  2942  3102 I native  : Initialized!
07-16 10:54:20.774  2942  3103 E cpuinfo : failed to parse file /sys/devices/system/cpu/kernel_max: "-1
07-16 10:54:20.774  2942  3103 E cpuinfo : " is not an unsigned number
07-16 10:54:20.774  2942  3103 E cpuinfo : failed to parse file /sys/devices/system/cpu/kernel_max: "-1
07-16 10:54:20.774  2942  3103 E cpuinfo : " is not an unsigned number
07-16 10:54:20.774  2942  3103 E cpuinfo : failed to parse file /sys/devices/system/cpu/kernel_max: "-1
07-16 10:54:20.774  2942  3103 E cpuinfo : " is not an unsigned number
07-16 10:54:20.775  2942  3103 E cpuinfo : failed to parse file /sys/devices/system/cpu/kernel_max: "-1
07-16 10:54:20.775  2942  3103 E cpuinfo : " is not an unsigned number
07-16 10:54:23.774  2942  3024 V Robocol : received command: CMD_REQUEST_FRAME(10356) 
07-16 10:54:23.887  2942  3028 V Robocol : sending CMD_RECEIVE_FRAME_BEGIN(414), attempt: 0
07-16 10:54:23.888  2942  3028 V Robocol : sending CMD_RECEIVE_FRAME_CHUNK(415), attempt: 0
07-16 10:54:23.890  2942  3028 V Robocol : sending CMD_RECEIVE_FRAME_CHUNK(416), attempt: 0
07-16 10:54:23.892  2942  3028 V Robocol : sending CMD_RECEIVE_FRAME_CHUNK(417), attempt: 0
07-16 10:54:23.894  2942  3028 V Robocol : sending CMD_RECEIVE_FRAME_CHUNK(418), attempt: 0
07-16 10:54:23.896  2942  3028 V Robocol : sending CMD_RECEIVE_FRAME_CHUNK(419), attempt: 0
07-16 10:54:25.453  2942  3024 V Robocol : received command: CMD_REQUEST_FRAME(10381) 
07-16 10:54:25.529  2942  3028 V Robocol : sending CMD_RECEIVE_FRAME_BEGIN(444), attempt: 0
07-16 10:54:25.530  2942  3028 V Robocol : sending CMD_RECEIVE_FRAME_CHUNK(445), attempt: 0
07-16 10:54:25.532  2942  3028 V Robocol : sending CMD_RECEIVE_FRAME_CHUNK(446), attempt: 0
07-16 10:54:25.538  2942  3028 V Robocol : sending CMD_RECEIVE_FRAME_CHUNK(447), attempt: 0
07-16 10:54:25.540  2942  3028 V Robocol : sending CMD_RECEIVE_FRAME_CHUNK(448), attempt: 0
07-16 10:54:25.541  2942  3028 V Robocol : sending CMD_RECEIVE_FRAME_CHUNK(449), attempt: 0
07-16 10:54:25.544  2942  3028 V Robocol : sending CMD_RECEIVE_FRAME_CHUNK(450), attempt: 0
07-16 10:54:26.773  2942  3024 V Robocol : received command: CMD_REQUEST_FRAME(10405) 
07-16 10:54:26.847  2942  3028 V Robocol : sending CMD_RECEIVE_FRAME_BEGIN(474), attempt: 0
07-16 10:54:26.848  2942  3028 V Robocol : sending CMD_RECEIVE_FRAME_CHUNK(475), attempt: 0
07-16 10:54:26.852  2942  3028 V Robocol : sending CMD_RECEIVE_FRAME_CHUNK(476), attempt: 0
07-16 10:54:26.887  2942  3028 V Robocol : sending CMD_RECEIVE_FRAME_CHUNK(477), attempt: 0
07-16 10:54:26.889  2942  3028 V Robocol : sending CMD_RECEIVE_FRAME_CHUNK(478), attempt: 0
07-16 10:54:26.892  2942  3028 V Robocol : sending CMD_RECEIVE_FRAME_CHUNK(480), attempt: 0
07-16 10:54:26.896  2942  3028 V Robocol : sending CMD_RECEIVE_FRAME_CHUNK(481), attempt: 0
07-16 10:54:28.054  2942  3024 V Robocol : received command: CMD_REQUEST_FRAME(10429) 
07-16 10:54:28.127  2942  3028 V Robocol : sending CMD_RECEIVE_FRAME_BEGIN(503), attempt: 0
07-16 10:54:28.128  2942  3028 V Robocol : sending CMD_RECEIVE_FRAME_CHUNK(504), attempt: 0
07-16 10:54:28.131  2942  3028 V Robocol : sending CMD_RECEIVE_FRAME_CHUNK(505), attempt: 0
07-16 10:54:28.133  2942  3028 V Robocol : sending CMD_RECEIVE_FRAME_CHUNK(506), attempt: 0
07-16 10:54:28.135  2942  3028 V Robocol : sending CMD_RECEIVE_FRAME_CHUNK(507), attempt: 0
07-16 10:54:28.137  2942  3028 V Robocol : sending CMD_RECEIVE_FRAME_CHUNK(508), attempt: 0
07-16 10:54:28.138  2942  3028 V Robocol : sending CMD_RECEIVE_FRAME_CHUNK(509), attempt: 0
07-16 10:54:29.297  2942  3024 V Robocol : received command: CMD_REQUEST_FRAME(10451) 
07-16 10:54:29.408  2942  3028 V Robocol : sending CMD_RECEIVE_FRAME_BEGIN(532), attempt: 0
07-16 10:54:29.409  2942  3028 V Robocol : sending CMD_RECEIVE_FRAME_CHUNK(533), attempt: 0
07-16 10:54:29.411  2942  3028 V Robocol : sending CMD_RECEIVE_FRAME_CHUNK(534), attempt: 0
07-16 10:54:29.415  2942  3028 V Robocol : sending CMD_RECEIVE_FRAME_CHUNK(535), attempt: 0
07-16 10:54:29.416  2942  3028 V Robocol : sending CMD_RECEIVE_FRAME_CHUNK(536), attempt: 0
07-16 10:54:29.418  2942  3028 V Robocol : sending CMD_RECEIVE_FRAME_CHUNK(537), attempt: 0
07-16 10:54:29.424  2942  3028 V Robocol : sending CMD_RECEIVE_FRAME_CHUNK(538), attempt: 0
07-16 10:54:33.415  2942  3024 V Robocol : received command: CMD_RUN_OP_MODE(10501) Concept: TensorFlow Object Detection Webcam
07-16 10:54:33.448  2942  3028 V Robocol : sending CMD_NOTIFY_RUN_OP_MODE(588), attempt: 0
07-16 10:55:01.738  2942  3024 V Robocol : received command: CMD_INIT_OP_MODE(10888) $Stop$Robot$
07-16 10:55:01.747  2942  3025 I RobotCore: ******************** STOP - OPMODE /storage/emulated/0/FIRST/matchlogs/Match-0-Concept:_TensorFlow_Object_Detection_Webcam.txt ********************
07-16 10:55:01.757  2942  3071 D RobotCore: User runOpModeMethod exited
07-16 10:55:01.758  2942  3118 I RobotCore: saving match logcat to /storage/emulated/0/FIRST/matchlogs/Match-0-Concept:_TensorFlow_Object_Detection_Webcam.txt
07-16 10:55:01.758  2942  3118 I RobotCore: logging command line: exec logcat -d -T '7-16 10:54:17.000' -f '/storage/emulated/0/FIRST/matchlogs/Match-0-Concept:_TensorFlow_Object_Detection_Webcam.txt' -n4 -v threadtime UsbRequestJNI:S UsbRequest:S art:W ThreadPool:W System:W ExtendedExtractor:W OMXClient:W MediaPlayer:W dalvikvm:W  *:V
07-16 10:55:01.758  2942  3071 V RobotCore: thread: ...terminating 'OpModeThread'
07-16 10:55:01.788  3119  3119 I sh      : type=1400 audit(0.0:392): avc: denied { read } for name="/" dev="rootfs" ino=1 scontext=u:r:untrusted_app:s0:c512,c768 tcontext=u:object_r:rootfs:s0 tclass=dir permissive=1
07-16 10:55:01.792  3119  3119 I sh      : type=1400 audit(0.0:393): avc: denied { open } for path="/" dev="rootfs" ino=1 scontext=u:r:untrusted_app:s0:c512,c768 tcontext=u:object_r:rootfs:s0 tclass=dir permissive=1
07-16 10:55:01.891  2942  3118 I RobotCore: Done running exec logcat -d -T '7-16 10:54:17.000' -f '/storage/emulated/0/FIRST/matchlogs/Match-0-Concept:_TensorFlow_Object_Detection_Webcam.txt' -n4 -v threadtime UsbRequestJNI:S UsbRequest:S art:W ThreadPool:W System:W ExtendedExtractor:W OMXClient:W MediaPlayer:W dalvikvm:W  *:V
07-16 10:55:01.891  2942  3118 I RobotCore: exiting match logcat for /storage/emulated/0/FIRST/matchlogs/Match-0-Concept:_TensorFlow_Object_Detection_Webcam.txt
07-16 10:55:02.072  2942  3050 D Uvc     : [NativeVuforiaWebcam.h:347] NativeVuforiaWebcam::stop()...
07-16 10:55:02.072  2942  3050 D VuforiaWebcam: nativeCallbackStop()...
07-16 10:55:02.073  2942  3050 D VuforiaWebcam: stop()...
07-16 10:55:02.073  2942  3050 D UsbResiliantWebcam|DelCaptureSession: stopCapture()...
07-16 10:55:02.073  2942  3050 D UsbResiliantWebcam|DelCaptureSequence: undoStreaming()...
07-16 10:55:02.074  2942  3050 D UvcApiCaptureSession: stopCapture()...
07-16 10:55:02.074  2942  3050 D Uvc     : [jni_streamhandle.cpp:184] Java_org_firstinspires_ftc_robotcore_internal_camera_libuvc_nativeobject_UvcStreamHandle_nativeStopStreaming()...
07-16 10:55:02.074  2942  3050 V Uvc     : API: Java_org_firstinspires_ftc_robotcore_internal_camera_libuvc_nativeobject_UvcStreamHandle_nativeStopStreaming: enter...
07-16 10:55:02.074  2942  3050 D Uvc     : [stream.cpp:1514] uvc_stream_stop()...
07-16 10:55:02.074  2942  3050 D UvcStream: [stream.cpp:1542] cancelling extant transfers
07-16 10:55:02.081  2942  3098 D UvcStream: [stream.cpp:1329] user callback thread stopped
07-16 10:55:02.111  2942  3050 D Uvc     : [stream.cpp:1471] (waitForAllTransfers(waiting for cancelled transfers))...
07-16 10:55:02.112  2942  3050 D UvcStream: [stream.cpp:1485] no extant active transfers: continuing
07-16 10:55:02.112  2942  3050 D Uvc     : [stream.cpp:1471] ...()
07-16 10:55:02.112  2942  3050 D Uvc     : [stream.cpp:1189] uvc_stream_handle::stopIsochronousStreaming()...
07-16 10:55:02.112  2942  3050 D Uvc     : [libuvc/libuvc_internal.h:825] uvc_device_handle::setInterfaceAltSetting(setInterfaceAltSetting(intf=1 alt=0))...
07-16 10:55:02.113  2942  3050 D UvcDevice: setInterfaceAltSetting(1,0)
07-16 10:55:02.113  2942  3050 D UvcDevice: setInterfaceAltSetting(1,0) succeeded
07-16 10:55:02.113  2942  3050 D Uvc     : [libuvc/libuvc_internal.h:825] ...uvc_device_handle::setInterfaceAltSetting() rc=0
07-16 10:55:02.113  2942  3050 D Uvc     : [stream.cpp:1189] ...uvc_stream_handle::stopIsochronousStreaming() rc=0
07-16 10:55:02.113  2942  3050 D UvcStream: [stream.cpp:1558] awakening user thread
07-16 10:55:02.113  2942  3050 D UvcStream: [stream.cpp:1567] waiting for user callback thread to finish
07-16 10:55:02.113  2942  3050 D Uvc     : [stream.cpp:1514] ...uvc_stream_stop() rc=0
07-16 10:55:02.113  2942  3050 V Uvc     : API: Java_org_firstinspires_ftc_robotcore_internal_camera_libuvc_nativeobject_UvcStreamHandle_nativeStopStreaming: ...exit
07-16 10:55:02.113  2942  3050 D Uvc     : [jni_streamhandle.cpp:184] ...Java_org_firstinspires_ftc_robotcore_internal_camera_libuvc_nativeobject_UvcStreamHandle_nativeStopStreaming()
07-16 10:55:02.114  2942  3050 V UvcFrameCallback: destroy(hash=0x086b276a)
07-16 10:55:02.114  2942  3050 V UvcFrameCallbackData: destroy(pointer=0xccb8c198)
07-16 10:55:02.114  2942  3050 V Uvc     : API: Java_org_firstinspires_ftc_robotcore_internal_camera_libuvc_nativeobject_UvcFrameCallback_nativeReleaseCallbackState: enter...
07-16 10:55:02.114  2942  3050 V Uvc     : API: Java_org_firstinspires_ftc_robotcore_internal_camera_libuvc_nativeobject_UvcFrameCallback_nativeReleaseCallbackState: ...exit
07-16 10:55:02.115  2942  3050 V UvcStreamHandle: destroy(pointer=0xd01b1c80)
07-16 10:55:02.115  2942  3050 D Uvc     : [jni_streamhandle.cpp:184] Java_org_firstinspires_ftc_robotcore_internal_camera_libuvc_nativeobject_UvcStreamHandle_nativeStopStreaming()...
07-16 10:55:02.115  2942  3050 V Uvc     : API: Java_org_firstinspires_ftc_robotcore_internal_camera_libuvc_nativeobject_UvcStreamHandle_nativeStopStreaming: enter...
07-16 10:55:02.115  2942  3050 D Uvc     : [stream.cpp:1514] uvc_stream_stop()...
07-16 10:55:02.115  2942  3050 D Uvc     : [stream.cpp:1514] ...uvc_stream_stop() rc=0
07-16 10:55:02.115  2942  3050 V Uvc     : API: Java_org_firstinspires_ftc_robotcore_internal_camera_libuvc_nativeobject_UvcStreamHandle_nativeStopStreaming: ...exit
07-16 10:55:02.115  2942  3050 D Uvc     : [jni_streamhandle.cpp:184] ...Java_org_firstinspires_ftc_robotcore_internal_camera_libuvc_nativeobject_UvcStreamHandle_nativeStopStreaming()
07-16 10:55:02.115  2942  3050 D Uvc     : [jni_streamhandle.cpp:200] Java_org_firstinspires_ftc_robotcore_internal_camera_libuvc_nativeobject_UvcStreamHandle_nativeCloseStreamHandle()...
07-16 10:55:02.115  2942  3050 V Uvc     : API: Java_org_firstinspires_ftc_robotcore_internal_camera_libuvc_nativeobject_UvcStreamHandle_nativeCloseStreamHandle: enter...
07-16 10:55:02.115  2942  3050 D Uvc     : [stream.cpp:1584] uvc_stream_close()...
07-16 10:55:02.115  2942  3050 D Uvc     : [streamhandle.cpp:45] uvc_stream_handle::~uvc_stream_handle()...
07-16 10:55:02.115  2942  3050 D Uvc     : [streamhandle.cpp:66] uvc_stream_handle::releaseInterface()...
07-16 10:55:02.115  2942  3050 D Uvc     : [libuvc/libuvc_internal.h:793] uvc_device_handle::releaseInterface()...
07-16 10:55:02.115  2942  3050 D UvcDevice: releaseInterface(1)
07-16 10:55:02.115  2942  3050 D UvcDevice: releaseInterface(1) succeeded
07-16 10:55:02.115  2942  3050 D Uvc     : [libuvc/libuvc_internal.h:793] ...uvc_device_handle::releaseInterface() rc=0
07-16 10:55:02.115  2942  3050 D Uvc     : [streamhandle.cpp:66] ...uvc_stream_handle::releaseInterface()
07-16 10:55:02.116  2942  3050 D Uvc     : [streamhandle.cpp:45] ...uvc_stream_handle::~uvc_stream_handle()
07-16 10:55:02.116  2942  3050 D Uvc     : [stream.cpp:1584] ...uvc_stream_close()
07-16 10:55:02.116  2942  3050 V Uvc     : API: Java_org_firstinspires_ftc_robotcore_internal_camera_libuvc_nativeobject_UvcStreamHandle_nativeCloseStreamHandle: ...exit
07-16 10:55:02.116  2942  3050 D Uvc     : [jni_streamhandle.cpp:200] ...Java_org_firstinspires_ftc_robotcore_internal_camera_libuvc_nativeobject_UvcStreamHandle_nativeCloseStreamHandle()
07-16 10:55:02.116  2942  3097 D VuforiaWebcam: capture sequence DelegatingCaptureSequenceId(1) reports completed: lastFrame=718
07-16 10:55:02.117  2942  3050 V UvcApiCameraCaptureSequence: destroy(hash=0x05aeb40c)
07-16 10:55:02.117  2942  3050 D UvcApiCaptureSession: ...stopCapture()
07-16 10:55:02.117  2942  3050 D UvcApiCaptureSession: doClose()...
07-16 10:55:02.118  2942  3050 D UvcApiCaptureSession: ...doClose()
07-16 10:55:02.118  2942  3050 D UsbResiliantWebcam|DelCaptureSequence: ...undoStreaming()
07-16 10:55:02.119  2942  3122 D UsbResiliantWebcam|DelCaptureSession: camera session is closed: Webcam(90684B40)
07-16 10:55:02.119  2942  3122 V UvcApiCaptureSession: destroy(hash=0x0e57b33f)
07-16 10:55:02.119  2942  3097 D VuforiaWebcam: capture sequence DelegatingCaptureSequenceId(1) reports completed: lastFrame=718
07-16 10:55:02.119  2942  3122 D UvcApiCaptureSession: destructor...
07-16 10:55:02.119  2942  3122 D UvcApiCaptureSession: ...destructor
07-16 10:55:02.119  2942  3050 V UsbResiliantWebcam|DelCaptureSequence: destroy(hash=0x0123335e)
07-16 10:55:02.120  2942  3050 D UsbResiliantWebcam|DelCaptureSession: ...stopCapture()
07-16 10:55:02.120  2942  3050 D UsbResiliantWebcam|DelCaptureSession: doClose()...
07-16 10:55:02.121  2942  3097 D VuforiaWebcam: capture session reports closed: DelegatingCaptureSession(1)
07-16 10:55:02.121  2942  3097 V CameraCallback: destroy(pointer=0xc8da48b0)
07-16 10:55:02.121  2942  3050 D UsbResiliantWebcam|DelCaptureSession: ...doClose()
07-16 10:55:02.122  2942  3050 V UsbResiliantWebcam|DelCaptureSession: destroy(hash=0x0395d9e0)
07-16 10:55:02.122  2942  3050 D UsbResiliantWebcam|DelCaptureSession: destructor()...
07-16 10:55:02.122  2942  3050 D UsbResiliantWebcam|DelCaptureSession: ...destructor()
07-16 10:55:02.122  2942  3050 D VuforiaWebcam: ...stop()
07-16 10:55:02.122  2942  3050 D VuforiaWebcam: ...nativeCallbackStop()
07-16 10:55:02.122  2942  3050 D Uvc     : [NativeVuforiaWebcam.h:347] ...NativeVuforiaWebcam::stop()
07-16 10:55:02.136  2942  3050 D Uvc     : [NativeVuforiaWebcam.cpp:241] Java_org_firstinspires_ftc_robotcore_internal_vuforia_externalprovider_VuforiaWebcam_nativePreVuforiaDeinit()...
07-16 10:55:02.136  2942  3050 D Uvc     : [NativeVuforiaWebcam.h:246] NativeVuforiaWebcam::preVuforiaDeinit()...
07-16 10:55:02.136  2942  3050 D Uvc     : [NativeVuforiaWebcam.h:246] ...NativeVuforiaWebcam::preVuforiaDeinit()
07-16 10:55:02.136  2942  3050 D Uvc     : [NativeVuforiaWebcam.cpp:241] ...Java_org_firstinspires_ftc_robotcore_internal_vuforia_externalprovider_VuforiaWebcam_nativePreVuforiaDeinit()
07-16 10:55:02.136  2942  3050 D Vuforia : Vuforia.deinit()...
07-16 10:55:02.595  2942  3050 D Uvc     : [NativeVuforiaWebcam.h:305] NativeVuforiaWebcam::close()...
07-16 10:55:02.596  2942  3050 D VuforiaWebcam: nativeCallbackClose()...
07-16 10:55:02.596  2942  3050 D VuforiaWebcam: closeCamera()...
07-16 10:55:02.597  2942  3050 V CameraImpl: destroy(hash=0x06e27b9d)
07-16 10:55:02.597  2942  3050 D UsbResiliantWebcam: CameraImpl.destructor()...
07-16 10:55:02.598  2942  3050 D UsbResiliantWebcam: externalDestructor()...
07-16 10:55:02.600  2942  3122 D CameraManager: camera reports closed: CameraImpl(UsbResiliantWebcam(Webcam(90684B40)))
07-16 10:55:02.601  2942  3050 V CameraImpl: destroy(hash=0x0ad26ff3)
07-16 10:55:02.601  2942  3050 D UvcDeviceHandle: CameraImpl.destructor()...
07-16 10:55:02.601  2942  3050 D UvcDeviceHandle: externalDestructor()...
07-16 10:55:02.603  2942  3050 D UsbResiliantWebcam: changeDelegatedCamera(CameraImpl(UvcDeviceHandle(pointer=0xccc07ad0|UvcDevice(/dev/bus/usb/003/004)))->null)...
07-16 10:55:02.605  2942  3050 D CachingExposureControl: onCameraChanged(CameraImpl(UvcDeviceHandle(pointer=0xccc07ad0|UvcDevice(/dev/bus/usb/003/004)))->null)...
07-16 10:55:02.605  2942  3050 D CachingExposureControl: ...onCameraChanged(CameraImpl(UvcDeviceHandle(pointer=0xccc07ad0|UvcDevice(/dev/bus/usb/003/004)))->null)
07-16 10:55:02.606  2942  3050 D UsbResiliantWebcam: ...changeDelegatedCamera(CameraImpl(UvcDeviceHandle(pointer=0xccc07ad0|UvcDevice(/dev/bus/usb/003/004)))->null)
07-16 10:55:02.606  2942  3050 D UvcDeviceHandle: ...externalDestructor()
07-16 10:55:02.607  2942  3050 V UvcDeviceHandle: destroy(pointer=0xccc07ad0)
07-16 10:55:02.608  2942  3050 D UvcDeviceHandle: destructor...
07-16 10:55:02.608  2942  3050 D Uvc     : [jni_devicehandle.cpp:87] Java_org_firstinspires_ftc_robotcore_internal_camera_libuvc_nativeobject_UvcDeviceHandle_nativeReleaseRefDeviceHandle()...
07-16 10:55:02.608  2942  3050 V Uvc     : API: Java_org_firstinspires_ftc_robotcore_internal_camera_libuvc_nativeobject_UvcDeviceHandle_nativeReleaseRefDeviceHandle: enter...
07-16 10:55:02.608  2942  3050 D Uvc     : [libuvc/libuvc_internal.h:872] uvc_device_handle::~uvc_device_handle()...
07-16 10:55:02.608  2942  3050 D Uvc     : [libuvc/libuvc_internal.h:840] uvc_device_handle::deconstruct()...
07-16 10:55:02.608  2942  3050 D Uvc     : [libuvc/libuvc_internal.h:751] uvc_device_handle::stop()...
07-16 10:55:02.608  2942  3050 D Uvc     : [libuvc/libuvc_internal.h:751] ...uvc_device_handle::stop()
07-16 10:55:02.608  2942  3050 D Uvc     : [libuvc/libuvc_internal.h:865] uvc_device_handle::close()...
07-16 10:55:02.609  2942  3050 E libusb  : [61.345063] [00000bea] libusb: error [do_close] Device handle closed while transfer was still being processed, but the device is still connected as far as we know
07-16 10:55:02.609  2942  3050 E libusb  : [61.345250] [00000bea] libusb: error [do_close] A cancellation hasn't even been scheduled on the transfer for which the device is closing
07-16 10:55:02.609  2942  3050 D Uvc     : [libuvc/libuvc_internal.h:865] ...uvc_device_handle::close()
07-16 10:55:02.609  2942  3050 D Uvc     : [libuvc/libuvc_internal.h:840] ...uvc_device_handle::deconstruct()
07-16 10:55:02.610  2942  3050 D Uvc     : [device.cpp:433] uvc_free_device_info()...
07-16 10:55:02.610  2942  3050 D Uvc     : [device.cpp:433] ...uvc_free_device_info()
07-16 10:55:02.610  2942  3050 D Uvc     : [libuvc/libuvc_internal.h:872] ...uvc_device_handle::~uvc_device_handle()
07-16 10:55:02.610  2942  3050 V Uvc     : API: Java_org_firstinspires_ftc_robotcore_internal_camera_libuvc_nativeobject_UvcDeviceHandle_nativeReleaseRefDeviceHandle: ...exit
07-16 10:55:02.610  2942  3050 D Uvc     : [jni_devicehandle.cpp:87] ...Java_org_firstinspires_ftc_robotcore_internal_camera_libuvc_nativeobject_UvcDeviceHandle_nativeReleaseRefDeviceHandle()
07-16 10:55:02.611  2942  3050 V UvcDevice: destroy(pointer=0xc8db0238|/dev/bus/usb/003/004)
07-16 10:55:02.611  2942  3050 D UsbDeviceConnectionJNI: close
07-16 10:55:02.611  2942  3050 D Uvc     : [jni_device.cpp:126] Java_org_firstinspires_ftc_robotcore_internal_camera_libuvc_nativeobject_UvcDevice_nativeReleaseRefDevice()...
07-16 10:55:02.611  2942  3050 V Uvc     : API: Java_org_firstinspires_ftc_robotcore_internal_camera_libuvc_nativeobject_UvcDevice_nativeReleaseRefDevice: enter...
07-16 10:55:02.612  2942  3050 D Uvc     : [device.cpp:882] uvc_unref_device()...
07-16 10:55:02.614  2942  3050 D Uvc     : [device.cpp:882] ...uvc_unref_device()
07-16 10:55:02.614  2942  3050 V Uvc     : API: Java_org_firstinspires_ftc_robotcore_internal_camera_libuvc_nativeobject_UvcDevice_nativeReleaseRefDevice: ...exit
07-16 10:55:02.614  2942  3050 D Uvc     : [jni_device.cpp:126] ...Java_org_firstinspires_ftc_robotcore_internal_camera_libuvc_nativeobject_UvcDevice_nativeReleaseRefDevice()
07-16 10:55:02.615  2942  3050 V LibUsbDevice: destroy(pointer=0xccc456c0)
07-16 10:55:02.615  2942  3050 D Uvc     : [jni_libusb_device.cpp:64] Java_org_firstinspires_ftc_robotcore_internal_camera_libuvc_nativeobject_LibUsbDevice_nativeReleaseRefDevice()...
07-16 10:55:02.615  2942  3050 D Uvc     : [jni_libusb_device.cpp:64] ...Java_org_firstinspires_ftc_robotcore_internal_camera_libuvc_nativeobject_LibUsbDevice_nativeReleaseRefDevice()
07-16 10:55:02.615  2942  3050 D UvcDeviceHandle: ...destructor
07-16 10:55:02.616  2942  3050 D UvcDeviceHandle: ...CameraImpl.destructor()
07-16 10:55:02.616  2942  3050 D UsbResiliantWebcam: ...externalDestructor()
07-16 10:55:02.617  2942  3050 V UsbResiliantWebcam: destroy(hash=0x023eed2d)
07-16 10:55:02.617  2942  3050 D UsbResiliantWebcam: destructor()...
07-16 10:55:02.617  2942  3050 D UsbResiliantWebcam: ...destructor()
07-16 10:55:02.618  2942  3050 D UsbResiliantWebcam: ...CameraImpl.destructor()
07-16 10:55:02.618  2942  3050 D VuforiaWebcam: ...closeCamera()
07-16 10:55:02.618  2942  3050 D VuforiaWebcam: ...nativeCallbackClose()
07-16 10:55:02.618  2942  3050 D Uvc     : [NativeVuforiaWebcam.h:305] ...NativeVuforiaWebcam::close()
07-16 10:55:02.619  2942  3050 D Uvc     : [NativeVuforiaWebcam.cpp:141] vuforiaext_destroyExternalCamera()...
07-16 10:55:02.619  2942  3050 V Uvc     : API: vuforiaext_destroyExternalCamera: enter...
07-16 10:55:02.619  2942  3050 D UvcVuforiaWebcam: [NativeVuforiaWebcam.cpp:146] vuforiaext_destroyExternalCamera() provided null pointer: working around that bug
07-16 10:55:02.619  2942  3050 D Uvc     : [VuforiaExternalProviderDelegator.h:72] VuforiaExternalProviderDelegator::~VuforiaExternalProviderDelegator()...
07-16 10:55:02.619  2942  3050 D UvcVuforiaWebcam: [VuforiaExternalProviderDelegator.h:74] NativeVuforiaWebcam cref remaining=1
07-16 10:55:02.619  2942  3050 D Uvc     : [VuforiaExternalProviderDelegator.h:72] ...VuforiaExternalProviderDelegator::~VuforiaExternalProviderDelegator()
07-16 10:55:02.619  2942  3050 D UvcVuforiaWebcam: [NativeVuforiaWebcam.cpp:153] delegator cref remaining=0
07-16 10:55:02.619  2942  3050 V Uvc     : API: vuforiaext_destroyExternalCamera: ...exit
07-16 10:55:02.619  2942  3050 D Uvc     : [NativeVuforiaWebcam.cpp:141] ...vuforiaext_destroyExternalCamera()
07-16 10:55:02.621  2942  3050 D Vuforia : ...Vuforia.deinit()
07-16 10:55:02.622  2942  3050 D Uvc     : [NativeVuforiaWebcam.cpp:258] Java_org_firstinspires_ftc_robotcore_internal_vuforia_externalprovider_VuforiaWebcam_nativePostVuforiaDeinit()...
07-16 10:55:02.622  2942  3050 D Uvc     : [NativeVuforiaWebcam.cpp:258] ...Java_org_firstinspires_ftc_robotcore_internal_vuforia_externalprovider_VuforiaWebcam_nativePostVuforiaDeinit()
07-16 10:55:02.622  2942  3050 V NativeVuforiaWebcam: destroy(pointer=0xccdfd400)
07-16 10:55:02.623  2942  3050 D Uvc     : [NativeVuforiaWebcam.cpp:203] Java_org_firstinspires_ftc_robotcore_internal_vuforia_externalprovider_VuforiaWebcam_nativeReleaseVuforiaWebcam()...
07-16 10:55:02.623  2942  3050 D Uvc     : [NativeVuforiaWebcam.h:259] NativeVuforiaWebcam::~NativeVuforiaWebcam()...
07-16 10:55:02.623  2942  3050 D Uvc     : [NativeVuforiaWebcam.h:265] NativeVuforiaWebcam::free()...
07-16 10:55:02.623  2942  3050 D Uvc     : [NativeVuforiaWebcam.h:347] NativeVuforiaWebcam::stop()...
07-16 10:55:02.624  2942  3050 D VuforiaWebcam: nativeCallbackStop()...
07-16 10:55:02.624  2942  3050 D VuforiaWebcam: ...nativeCallbackStop()
07-16 10:55:02.624  2942  3050 D Uvc     : [NativeVuforiaWebcam.h:347] ...NativeVuforiaWebcam::stop()
07-16 10:55:02.624  2942  3050 D Uvc     : [NativeVuforiaWebcam.h:305] NativeVuforiaWebcam::close()...
07-16 10:55:02.625  2942  3050 D VuforiaWebcam: nativeCallbackClose()...
07-16 10:55:02.625  2942  3050 D VuforiaWebcam: closeCamera()...
07-16 10:55:02.625  2942  3050 D VuforiaWebcam: ...closeCamera()
07-16 10:55:02.626  2942  3050 D VuforiaWebcam: ...nativeCallbackClose()
07-16 10:55:02.626  2942  3050 D Uvc     : [NativeVuforiaWebcam.h:305] ...NativeVuforiaWebcam::close()
07-16 10:55:02.626  2942  3050 D Uvc     : [NativeVuforiaWebcam.h:273] NativeVuforiaWebcam::freeVuforiaWebcamNativeCallbacks()...
07-16 10:55:02.626  2942  3050 D Uvc     : [NativeVuforiaWebcam.h:273] ...NativeVuforiaWebcam::freeVuforiaWebcamNativeCallbacks()
07-16 10:55:02.626  2942  3050 D Uvc     : [NativeVuforiaWebcam.h:265] ...NativeVuforiaWebcam::free()
07-16 10:55:02.626  2942  3050 D Uvc     : [NativeVuforiaWebcam.h:259] ...NativeVuforiaWebcam::~NativeVuforiaWebcam()
07-16 10:55:02.626  2942  3050 D UvcVuforiaWebcam: [NativeVuforiaWebcam.cpp:206] NativeVuforiaWebcam cref remaining=0
07-16 10:55:02.626  2942  3050 D Uvc     : [NativeVuforiaWebcam.cpp:203] ...Java_org_firstinspires_ftc_robotcore_internal_vuforia_externalprovider_VuforiaWebcam_nativeReleaseVuforiaWebcam()
07-16 10:55:02.629  2942  3050 I RobotCore: Attempting to switch to op mode $Stop$Robot$
07-16 10:55:02.630  2942  3050 D HardwareMap: Clearing which device instances have been retrieved
07-16 10:55:02.630  2942  3050 D HardwareMap: Clearing which device instances have been retrieved
07-16 10:55:02.632  2942  3127 V RobotCore: thread: 'OpModeThread' starting...
07-16 10:55:02.647  2942  3028 V Robocol : sending CMD_STREAM_CHANGE(986), attempt: 0
07-16 10:55:02.648  2942  3028 V Robocol : sending CMD_NOTIFY_INIT_OP_MODE(991), attempt: 0
07-16 10:55:02.698  2942  3024 V Robocol : received command: CMD_RUN_OP_MODE(10905) $Stop$Robot$
07-16 10:55:02.728  2942  3028 V Robocol : sending CMD_NOTIFY_RUN_OP_MODE(999), attempt: 0
07-16 10:55:02.897  2942  3024 V Robocol : received command: CMD_SET_MATCH_NUMBER(10912) 0
07-16 10:55:02.900  2942  3024 V Robocol : received command: CMD_INIT_OP_MODE(10913) Concept: TensorFlow Object Detection Webcam
07-16 10:55:02.920  2942  3025 I RobotCore: ******************** START - OPMODE Concept: TensorFlow Object Detection Webcam ********************
07-16 10:55:02.924  2942  3127 V RobotCore: thread: ...terminating 'OpModeThread'
07-16 10:55:02.930  2942  3050 I RobotCore: Attempting to switch to op mode Concept: TensorFlow Object Detection Webcam
07-16 10:55:03.016  2942  3050 D HardwareMap: Clearing which device instances have been retrieved
07-16 10:55:03.016  2942  3050 D HardwareMap: Clearing which device instances have been retrieved
07-16 10:55:03.019  2942  3129 V RobotCore: thread: 'OpModeThread' starting...
07-16 10:55:03.021  2942  3129 D Vuforia : using camera by name: Webcam(90684B40)
07-16 10:55:03.047  2942  3028 V Robocol : sending CMD_NOTIFY_INIT_OP_MODE(1018), attempt: 0
07-16 10:55:03.107  2942  3129 D skia    : JPEG Decode 51
07-16 10:55:03.176  2942  3129 D Uvc     : [NativeVuforiaWebcam.cpp:176] Java_org_firstinspires_ftc_robotcore_internal_vuforia_externalprovider_VuforiaWebcam_nativePreVuforiaInit()...
07-16 10:55:03.176  2942  3129 D Uvc     : [NativeVuforiaWebcam.h:135] NativeVuforiaWebcam::NativeVuforiaWebcam()...
07-16 10:55:03.176  2942  3129 D Uvc     : [NativeVuforiaWebcam.h:135] ...NativeVuforiaWebcam::NativeVuforiaWebcam()
07-16 10:55:03.176  2942  3129 D UvcVuforiaWebcam: [NativeVuforiaWebcam.h:170] setting external vuforia library: libraryName='libRobotCore.so' pvUser=0xc38ff600
07-16 10:55:03.176  2942  3129 D Uvc     : [NativeVuforiaWebcam.cpp:176] ...Java_org_firstinspires_ftc_robotcore_internal_vuforia_externalprovider_VuforiaWebcam_nativePreVuforiaInit()
07-16 10:55:03.176  2942  3129 V NativeVuforiaWebcam: construct(pointer=0xc38ff600)
07-16 10:55:03.184  2942  3129 D WebcamNameImpl: requesting permission for /dev/bus/usb/003/004
07-16 10:55:03.184  2942  3129 V WebcamNameImpl: asyncRequestUsbPermission()...
07-16 10:55:03.186  2942  3129 D WebcamNameImpl: permission already available for /dev/bus/usb/003/004
07-16 10:55:03.187  2942  3129 V WebcamNameImpl: ...asyncRequestUsbPermission()
07-16 10:55:03.187  2942  3122 D WebcamNameImpl: permission for /dev/bus/usb/003/004=true
07-16 10:55:03.187  2942  3122 D ContinuationSynchronizer: finish("permission request complete": true)...
07-16 10:55:03.188  2942  3122 D ContinuationSynchronizer: ...finish("permission request complete": true)
07-16 10:55:03.188  2942  3129 D Vuforia : Vuforia.init()...
07-16 10:55:03.197  2942  3129 I AR      : Vuforia selected rendering API OpenGL ES 2.x
07-16 10:55:03.197  2942  3129 I AR      : Vuforia SDK version 7.4.3
07-16 10:55:03.216  2942  3129 D Uvc     : [NativeVuforiaWebcam.cpp:58] vuforiaext_getAPIVersion()...
07-16 10:55:03.216  2942  3129 D Uvc     : [NativeVuforiaWebcam.cpp:58] ...vuforiaext_getAPIVersion()
07-16 10:55:03.216  2942  3129 D Uvc     : [NativeVuforiaWebcam.cpp:67] vuforiaext_getLibraryVersion()...
07-16 10:55:03.216  2942  3129 D Uvc     : [NativeVuforiaWebcam.cpp:67] ...vuforiaext_getLibraryVersion()
07-16 10:55:03.216  2942  3129 D Uvc     : [NativeVuforiaWebcam.cpp:111] Vuforia::ExternalProvider::ExternalCamera *vuforiaext_createExternalCamera()...
07-16 10:55:03.216  2942  3129 V Uvc     : API: Vuforia::ExternalProvider::ExternalCamera *vuforiaext_createExternalCamera: enter...
07-16 10:55:03.216  2942  3129 D Uvc     : [VuforiaExternalProviderDelegator.h:64] VuforiaExternalProviderDelegator::VuforiaExternalProviderDelegator()...
07-16 10:55:03.216  2942  3129 D Uvc     : [VuforiaExternalProviderDelegator.h:64] ...VuforiaExternalProviderDelegator::VuforiaExternalProviderDelegator()
07-16 10:55:03.216  2942  3129 V Uvc     : API: Vuforia::ExternalProvider::ExternalCamera *vuforiaext_createExternalCamera: ...exit
07-16 10:55:03.216  2942  3129 D Uvc     : [NativeVuforiaWebcam.cpp:111] ...Vuforia::ExternalProvider::ExternalCamera *vuforiaext_createExternalCamera()
07-16 10:55:03.216  2942  3129 D Uvc     : [NativeVuforiaWebcam.cpp:141] vuforiaext_destroyExternalCamera()...
07-16 10:55:03.216  2942  3129 V Uvc     : API: vuforiaext_destroyExternalCamera: enter...
07-16 10:55:03.216  2942  3129 D Uvc     : [VuforiaExternalProviderDelegator.h:72] VuforiaExternalProviderDelegator::~VuforiaExternalProviderDelegator()...
07-16 10:55:03.216  2942  3129 D UvcVuforiaWebcam: [VuforiaExternalProviderDelegator.h:74] NativeVuforiaWebcam cref remaining=1
07-16 10:55:03.216  2942  3129 D Uvc     : [VuforiaExternalProviderDelegator.h:72] ...VuforiaExternalProviderDelegator::~VuforiaExternalProviderDelegator()
07-16 10:55:03.216  2942  3129 D UvcVuforiaWebcam: [NativeVuforiaWebcam.cpp:153] delegator cref remaining=0
07-16 10:55:03.216  2942  3129 V Uvc     : API: vuforiaext_destroyExternalCamera: ...exit
07-16 10:55:03.217  2942  3129 D Uvc     : [NativeVuforiaWebcam.cpp:141] ...vuforiaext_destroyExternalCamera()
07-16 10:55:03.226  2942  2951 W BaseTaskApi: Closing an already closed native lib
07-16 10:55:03.229  2942  2951 W BaseTaskApi: Closing an already closed native lib
07-16 10:55:03.249  2942  3129 I AR      : Detected and enabled use of an external source
07-16 10:55:03.424  2942  3129 D Vuforia : ...Vuforia.init()
07-16 10:55:03.424  2942  3129 D Uvc     : [NativeVuforiaWebcam.cpp:216] Java_org_firstinspires_ftc_robotcore_internal_vuforia_externalprovider_VuforiaWebcam_nativePostVuforiaInit()...
07-16 10:55:03.424  2942  3129 D Uvc     : [NativeVuforiaWebcam.cpp:216] ...Java_org_firstinspires_ftc_robotcore_internal_vuforia_externalprovider_VuforiaWebcam_nativePostVuforiaInit()
07-16 10:55:03.425  2942  3129 D UvcVuforiaWebcam: [NativeVuforiaWebcam.h:404] format map: uvc=3 vuforiaWebcam=1
07-16 10:55:03.467  2942  3129 D Uvc     : [NativeVuforiaWebcam.cpp:58] vuforiaext_getAPIVersion()...
07-16 10:55:03.467  2942  3129 D Uvc     : [NativeVuforiaWebcam.cpp:58] ...vuforiaext_getAPIVersion()
07-16 10:55:03.467  2942  3129 D Uvc     : [NativeVuforiaWebcam.cpp:67] vuforiaext_getLibraryVersion()...
07-16 10:55:03.467  2942  3129 D Uvc     : [NativeVuforiaWebcam.cpp:67] ...vuforiaext_getLibraryVersion()
07-16 10:55:03.467  2942  3129 D Uvc     : [NativeVuforiaWebcam.cpp:111] Vuforia::ExternalProvider::ExternalCamera *vuforiaext_createExternalCamera()...
07-16 10:55:03.467  2942  3129 V Uvc     : API: Vuforia::ExternalProvider::ExternalCamera *vuforiaext_createExternalCamera: enter...
07-16 10:55:03.467  2942  3129 D Uvc     : [VuforiaExternalProviderDelegator.h:64] VuforiaExternalProviderDelegator::VuforiaExternalProviderDelegator()...
07-16 10:55:03.467  2942  3129 D Uvc     : [VuforiaExternalProviderDelegator.h:64] ...VuforiaExternalProviderDelegator::VuforiaExternalProviderDelegator()
07-16 10:55:03.467  2942  3129 V Uvc     : API: Vuforia::ExternalProvider::ExternalCamera *vuforiaext_createExternalCamera: ...exit
07-16 10:55:03.467  2942  3129 D Uvc     : [NativeVuforiaWebcam.cpp:111] ...Vuforia::ExternalProvider::ExternalCamera *vuforiaext_createExternalCamera()
07-16 10:55:03.467  2942  3129 D Uvc     : [NativeVuforiaWebcam.h:289] NativeVuforiaWebcam::open()...
07-16 10:55:03.467  2942  3129 D VuforiaWebcam: nativeCallbackOpen()...
07-16 10:55:03.467  2942  3129 D VuforiaWebcam: openCamera()...
07-16 10:55:03.467  2942  3129 D CameraManager: doOpenCamera()...
07-16 10:55:03.467  2942  3129 D CameraManager: requesting permission for camera: Webcam(90684B40)
07-16 10:55:03.473  2942  3129 D WebcamNameImpl: requesting permission for /dev/bus/usb/003/004
07-16 10:55:03.473  2942  3129 V WebcamNameImpl: asyncRequestUsbPermission()...
07-16 10:55:03.475  2942  3129 D WebcamNameImpl: permission already available for /dev/bus/usb/003/004
07-16 10:55:03.476  2942  3129 V WebcamNameImpl: ...asyncRequestUsbPermission()
07-16 10:55:03.476  2942  3129 D ContinuationSynchronizer: awaiting(camera open)...
07-16 10:55:03.476  2942  3122 D WebcamNameImpl: permission for /dev/bus/usb/003/004=true
07-16 10:55:03.476  2942  3122 D CameraManager: permission granted for camera: Webcam(90684B40)
07-16 10:55:03.476  2942  3122 D CameraManager: asyncOpenCamera(Webcam(90684B40))...
07-16 10:55:03.477  2942  3122 D CameraManager: asyncOpenWebcam(Webcam(90684B40))...
07-16 10:55:03.477  2942  3122 V UsbResiliantWebcam: construct(0x056d286c)
07-16 10:55:03.478  2942  3122 D UsbResiliantWebcam: openAssumingPermission()...
07-16 10:55:03.481  2942  3122 D UvcContext: found webcam: usbPath=/dev/bus/usb/003/004 vid=0x46D pid=0x825 serial=90684B40 product=null
07-16 10:55:03.481  2942  3122 D Uvc     : [jni_context.cpp:120] Java_org_firstinspires_ftc_robotcore_internal_camera_libuvc_nativeobject_UvcContext_nativeCreateUvcDevice()...
07-16 10:55:03.481  2942  3122 V Uvc     : API: Java_org_firstinspires_ftc_robotcore_internal_camera_libuvc_nativeobject_UvcContext_nativeCreateUvcDevice: enter...
07-16 10:55:03.482  2942  3122 D libusb  : [62.217906] [00000c32] libusb: debug [op_create] op_create: szUsbPath=/dev/bus/usb/003/004 szSysfsDir=3-1.4
07-16 10:55:03.482  2942  3122 D Uvc     : [device.cpp:613] uvc_create_uvc_device()...
07-16 10:55:03.482  2942  3122 D Uvc     : [libuvc/libuvc_internal.h:346] uvc_device::uvc_device()...
07-16 10:55:03.482  2942  3122 D Uvc     : [libuvc/libuvc_internal.h:375] acquired vid=1133 & pid=2085
07-16 10:55:03.482  2942  3122 D Uvc     : [libuvc/libuvc_internal.h:346] ...uvc_device::uvc_device()
07-16 10:55:03.482  2942  3122 D Uvc     : [device.cpp:613] ...uvc_create_uvc_device() rc=0
07-16 10:55:03.482  2942  3122 V Uvc     : API: Java_org_firstinspires_ftc_robotcore_internal_camera_libuvc_nativeobject_UvcContext_nativeCreateUvcDevice: ...exit
07-16 10:55:03.482  2942  3122 D Uvc     : [jni_context.cpp:120] ...Java_org_firstinspires_ftc_robotcore_internal_camera_libuvc_nativeobject_UvcContext_nativeCreateUvcDevice()
07-16 10:55:03.483  2942  3122 V UvcDevice: construct(pointer=0xbca5a528|null)
07-16 10:55:03.483  2942  3122 D Uvc     : [jni_device.cpp:108] Java_org_firstinspires_ftc_robotcore_internal_camera_libuvc_nativeobject_UvcDevice_nativeGetLibUsbDevice()...
07-16 10:55:03.483  2942  3122 D Uvc     : [jni_device.cpp:108] ...Java_org_firstinspires_ftc_robotcore_internal_camera_libuvc_nativeobject_UvcDevice_nativeGetLibUsbDevice()
07-16 10:55:03.483  2942  3122 V LibUsbDevice: construct(pointer=0xccc456c0)
07-16 10:55:03.483  2942  3122 D UvcContext: usb device is *not* UVC compatible, /dev/bus/usb/003/003
07-16 10:55:03.488  2942  3122 D UvcDevice: open()...
07-16 10:55:03.490  2942  3122 D Uvc     : [jni_device.cpp:50] Java_org_firstinspires_ftc_robotcore_internal_camera_libuvc_nativeobject_UvcDevice_nativeSetUsbDeviceInfo()...
