07-16 11:02:52.242  3900  3972 D libusb  : [ 0.000568] [00000f84] libusb: debug [op_init] sysfs has serial numbers
07-16 11:02:52.243  3900  3972 V UvcContext: construct(pointer=0xc8576ae0|inst#=0)
07-16 11:02:52.252  3900  3972 I RobotCore: ========= Device Information ===================================================
07-16 11:02:52.253  3900  3972 I RobotCore: Type                                               Name                           Connection
07-16 11:02:52.260  3900  3972 I RobotCore: Logitech Webcam                                    Webcam 1                       USB (90684B40)
07-16 11:02:52.261  3900  3972 I RobotCore: REV Robotics USB Expansion Hub Portal              Control Hub Portal             USB (embedded)
07-16 11:02:52.261  3900  3972 I RobotCore: Expansion Hub DC Motor Controller                  Control Hub                    USB (embedded); module 173
07-16 11:02:52.262  3900  3972 I RobotCore: Expansion Hub Servo Controller                     Control Hub                    USB (embedded); module 173
07-16 11:02:52.262  3900  3972 I RobotCore: Expansion Hub Voltage Sensor                       Control Hub                    USB (embedded); module 173
07-16 11:02:52.263  3900  3972 I RobotCore: Expansion Hub Analog Input Controller              Control Hub                    USB (embedded); module 173
07-16 11:02:52.263  3900  3972 I RobotCore: Expansion Hub Digital Channel Controller           Control Hub                    USB (embedded); module 173
07-16 11:02:52.267  3900  3972 I RobotCore: Expansion Hub (HW: 20, Maj: 1, Min: 8, Eng: 2)     Control Hub                    USB (embedded); module 173
07-16 11:02:52.267  3900  3972 I RobotCore: REV internal IMU (BNO055)                          imu 1                          USB (embedded); module 173; bus 0; addr7=0x28
07-16 11:02:52.268  3900  3972 I RobotCore: REV internal IMU (BNO055)                          imu 1                          USB (embedded); module 173; bus 0; addr7=0x28
07-16 11:02:52.271  3900  3972 I RobotCore: LynxFirmwareVersionManager: LynxI2cDeviceSynchV2
07-16 11:02:52.272  3900  3972 V LynxI2cDeviceSynch: initializeHardware() mod#=173
07-16 11:02:52.272  3900  3972 V BHI260IMU: Suppressing I2C warnings while we check for a BHI260AP IMU
07-16 11:02:52.276  3900  3972 V BHI260IMU: No BHI260AP IMU found
07-16 11:02:52.276  3900  3972 V BNO055  : Suppressing I2C warnings while we check for a BNO055 IMU
07-16 11:02:52.280  3900  3972 V BNO055  : Found BNO055 IMU
07-16 11:02:52.285  3900  3972 V LynxUsb : 0x04cf243f on 0x00dfc798: releasing delegate to [(embedded)]
07-16 11:02:52.285  3900  3972 I FtcEventLoop: ======= INIT FINISH =======
07-16 11:02:52.285  3900  3972 V RobotCore: EventLoopManager state is RUNNING
07-16 11:02:52.286  3900  3981 W art     : Long monitor contention with owner RobotSetupRunnable.run() (3972) at void java.lang.Thread.sleep!(java.lang.Object, long, int)(Thread.java:-2) waiters=0 in org.firstinspires.ftc.robotcore.internal.network.CallbackResult com.qualcomm.robotcore.eventloop.EventLoopManager.commandEvent(com.qualcomm.robotcore.robocol.Command) for 508ms
07-16 11:02:52.286  3900  3972 V RobotCore: Robot Status: running, starting robot
07-16 11:02:52.287  3900  3972 V RobotCore: Robot Status: running
07-16 11:02:52.291  3900  3972 D FTCService: Detecting Wi-Fi reset
07-16 11:02:52.292  3900  3972 D RobotControllerAccessPointAssistant: detectWifiReset button=false
07-16 11:02:52.293  3900  3972 V RobotCore: thread: ...terminating 'RobotSetupRunnable.run()'
07-16 11:02:52.293  3900  3984 V Robocol : sending CMD_NOTIFY_ROBOT_STATE(65), attempt: 0
07-16 11:02:52.295  3900  3984 V Robocol : sending CMD_SHOW_TOAST(67), attempt: 0
07-16 11:02:52.296  3900  4006 V RobotCore: thread: 'EventLoop' starting...
07-16 11:02:52.298  3900  3981 E Robocol : command processing took 519 ms: command=CMD_REQUEST_ACTIVE_CONFIG
07-16 11:02:52.331  3900  3984 V Robocol : sending CMD_NOTIFY_ACTIVE_CONFIGURATION(69), attempt: 0
07-16 11:02:52.332  3900  3984 V Robocol : sending CMD_NOTIFY_USER_DEVICE_LIST(72), attempt: 0
07-16 11:02:52.370  3900  3984 V Robocol : sending CMD_NOTIFY_OP_MODE_LIST(77), attempt: 0
07-16 11:02:52.389  3900  3987 V SoundInfo: construct(0x0685c28c)
07-16 11:02:52.443  3900  3986 I MediaCodec: callingProcessName:com.qualcomm.ftcrobotcontroller
07-16 11:02:52.446  3900  4013 I ACodec  : onAllocateComponent:6752 mSoftCodecPref:0 componentName:
07-16 11:02:52.447  3900  4013 I ACodec  : onAllocateComponent:6783 mSoftCodecPref:0 componentName:OMX.google.raw.decoder
07-16 11:02:52.503  3900  3934 D SoundPlayer: onLoadComplete(samp=2|ms=4506, samp=2)=0
07-16 11:02:52.598  3900  4016 W AudioTrack: AUDIO_OUTPUT_FLAG_FAST denied by client; transfer 4, track 48000 Hz, output 44100 Hz
07-16 11:02:52.605  3900  4016 D SoundPlayer: playing volume=0.000000 samp=2|ms=4506
07-16 11:02:52.611  3900  3984 V Robocol : sending CMD_PLAY_SOUND(88), attempt: 0
07-16 11:02:52.810  3900  4006 I RobotCore: Attempting to switch to op mode $Stop$Robot$
07-16 11:02:52.812  3900  4006 D HardwareMap: Clearing which device instances have been retrieved
07-16 11:02:52.812  3900  4006 D HardwareMap: Clearing which device instances have been retrieved
07-16 11:02:52.816  3900  4018 V RobotCore: thread: 'OpModeThread' starting...
07-16 11:02:52.851  3900  3984 V Robocol : sending CMD_NOTIFY_INIT_OP_MODE(99), attempt: 0
07-16 11:04:47.743  3900  3980 V Robocol : received command: CMD_DISMISS_DIALOG(11609) {"uuidString":"62b7c5ed-314b-467f-9c06-f9e20a50e547"}
07-16 11:04:47.786  3900  3900 V AppUtil : dialog dismissed: uuid=62b7c5ed-314b-467f-9c06-f9e20a50e547
07-16 11:04:49.662  3900  3980 V Robocol : received command: CMD_INIT_OP_MODE(11637) $Stop$Robot$
07-16 11:04:49.677  3900  4018 V RobotCore: thread: ...terminating 'OpModeThread'
07-16 11:04:49.681  3900  4006 I RobotCore: Attempting to switch to op mode $Stop$Robot$
07-16 11:04:49.683  3900  4006 D HardwareMap: Clearing which device instances have been retrieved
07-16 11:04:49.683  3900  4006 D HardwareMap: Clearing which device instances have been retrieved
07-16 11:04:49.687  3900  4040 V RobotCore: thread: 'OpModeThread' starting...
07-16 11:04:49.691  3900  3984 V Robocol : sending CMD_NOTIFY_INIT_OP_MODE(1690), attempt: 0
07-16 11:04:52.062  3900  3980 V Robocol : received command: CMD_SET_MATCH_NUMBER(11675) 0
07-16 11:04:52.064  3900  3980 V Robocol : received command: CMD_INIT_OP_MODE(11676) Concept: TensorFlow Object Detection Webcam
07-16 11:04:52.080  3900  3981 I RobotCore: ******************** START - OPMODE Concept: TensorFlow Object Detection Webcam ********************
07-16 11:04:52.086  3900  4040 V RobotCore: thread: ...terminating 'OpModeThread'
07-16 11:04:52.090  3900  4006 I RobotCore: Attempting to switch to op mode Concept: TensorFlow Object Detection Webcam
07-16 11:04:52.141  3900  3982 D RobotCore: system telemetry: key=$System$None$ msg=""
07-16 11:04:52.189  3900  4006 D HardwareMap: Clearing which device instances have been retrieved
07-16 11:04:52.190  3900  4006 D HardwareMap: Clearing which device instances have been retrieved
07-16 11:04:52.193  3900  4042 V RobotCore: thread: 'OpModeThread' starting...
07-16 11:04:52.200  3900  4042 D Vuforia : using camera by name: Webcam(90684B40)
07-16 11:04:52.211  3900  3984 V Robocol : sending CMD_NOTIFY_INIT_OP_MODE(1739), attempt: 0
07-16 11:04:52.363  3900  4042 D skia    : JPEG Decode 83
07-16 11:04:52.497  3900  4042 I System.out: Native library libVuforia.so loaded
07-16 11:04:52.501  3900  4042 D Uvc     : [NativeVuforiaWebcam.cpp:176] Java_org_firstinspires_ftc_robotcore_internal_vuforia_externalprovider_VuforiaWebcam_nativePreVuforiaInit()...
07-16 11:04:52.501  3900  4042 D Uvc     : [NativeVuforiaWebcam.h:135] NativeVuforiaWebcam::NativeVuforiaWebcam()...
07-16 11:04:52.501  3900  4042 D Uvc     : [NativeVuforiaWebcam.h:135] ...NativeVuforiaWebcam::NativeVuforiaWebcam()
07-16 11:04:52.506  3900  4042 D UvcVuforiaWebcam: [NativeVuforiaWebcam.h:170] setting external vuforia library: libraryName='libRobotCore.so' pvUser=0xc8538d00
07-16 11:04:52.506  3900  4042 D Uvc     : [NativeVuforiaWebcam.cpp:176] ...Java_org_firstinspires_ftc_robotcore_internal_vuforia_externalprovider_VuforiaWebcam_nativePreVuforiaInit()
07-16 11:04:52.508  3900  4042 V NativeVuforiaWebcam: construct(pointer=0xc8538d00)
07-16 11:04:52.529  3900  4042 D WebcamNameImpl: requesting permission for /dev/bus/usb/003/004
07-16 11:04:52.530  3900  4042 V WebcamNameImpl: asyncRequestUsbPermission()...
07-16 11:04:52.532  3900  4042 D WebcamNameImpl: permission already available for /dev/bus/usb/003/004
07-16 11:04:52.533  3900  4042 V WebcamNameImpl: ...asyncRequestUsbPermission()
07-16 11:04:52.534  3900  4043 D WebcamNameImpl: permission for /dev/bus/usb/003/004=true
07-16 11:04:52.534  3900  4043 D ContinuationSynchronizer: finish("permission request complete": true)...
07-16 11:04:52.535  3900  4043 D ContinuationSynchronizer: ...finish("permission request complete": true)
07-16 11:04:52.535  3900  4042 D Vuforia : Vuforia.init()...
07-16 11:04:52.545  3900  4042 I AR      : Vuforia selected rendering API OpenGL ES 2.x
07-16 11:04:52.545  3900  4042 I AR      : Vuforia SDK version 7.4.3
07-16 11:04:52.564  3900  4042 D Uvc     : [NativeVuforiaWebcam.cpp:58] vuforiaext_getAPIVersion()...
07-16 11:04:52.564  3900  4042 D Uvc     : [NativeVuforiaWebcam.cpp:58] ...vuforiaext_getAPIVersion()
07-16 11:04:52.564  3900  4042 D Uvc     : [NativeVuforiaWebcam.cpp:67] vuforiaext_getLibraryVersion()...
07-16 11:04:52.564  3900  4042 D Uvc     : [NativeVuforiaWebcam.cpp:67] ...vuforiaext_getLibraryVersion()
07-16 11:04:52.564  3900  4042 D Uvc     : [NativeVuforiaWebcam.cpp:111] Vuforia::ExternalProvider::ExternalCamera *vuforiaext_createExternalCamera()...
07-16 11:04:52.564  3900  4042 V Uvc     : API: Vuforia::ExternalProvider::ExternalCamera *vuforiaext_createExternalCamera: enter...
07-16 11:04:52.564  3900  4042 D Uvc     : [VuforiaExternalProviderDelegator.h:64] VuforiaExternalProviderDelegator::VuforiaExternalProviderDelegator()...
07-16 11:04:52.564  3900  4042 D Uvc     : [VuforiaExternalProviderDelegator.h:64] ...VuforiaExternalProviderDelegator::VuforiaExternalProviderDelegator()
07-16 11:04:52.565  3900  4042 V Uvc     : API: Vuforia::ExternalProvider::ExternalCamera *vuforiaext_createExternalCamera: ...exit
07-16 11:04:52.565  3900  4042 D Uvc     : [NativeVuforiaWebcam.cpp:111] ...Vuforia::ExternalProvider::ExternalCamera *vuforiaext_createExternalCamera()
07-16 11:04:52.565  3900  4042 D Uvc     : [NativeVuforiaWebcam.cpp:141] vuforiaext_destroyExternalCamera()...
07-16 11:04:52.565  3900  4042 V Uvc     : API: vuforiaext_destroyExternalCamera: enter...
07-16 11:04:52.565  3900  4042 D Uvc     : [VuforiaExternalProviderDelegator.h:72] VuforiaExternalProviderDelegator::~VuforiaExternalProviderDelegator()...
07-16 11:04:52.565  3900  4042 D UvcVuforiaWebcam: [VuforiaExternalProviderDelegator.h:74] NativeVuforiaWebcam cref remaining=1
07-16 11:04:52.565  3900  4042 D Uvc     : [VuforiaExternalProviderDelegator.h:72] ...VuforiaExternalProviderDelegator::~VuforiaExternalProviderDelegator()
07-16 11:04:52.565  3900  4042 D UvcVuforiaWebcam: [NativeVuforiaWebcam.cpp:153] delegator cref remaining=0
07-16 11:04:52.565  3900  4042 V Uvc     : API: vuforiaext_destroyExternalCamera: ...exit
07-16 11:04:52.565  3900  4042 D Uvc     : [NativeVuforiaWebcam.cpp:141] ...vuforiaext_destroyExternalCamera()
07-16 11:04:52.599  3900  4042 I AR      : Detected and enabled use of an external source
07-16 11:04:52.608  3900  4042 I CameraManagerGlobal: Connecting to camera service
07-16 11:04:53.007  3900  4042 D Vuforia : ...Vuforia.init()
07-16 11:04:53.008  3900  4042 D Uvc     : [NativeVuforiaWebcam.cpp:216] Java_org_firstinspires_ftc_robotcore_internal_vuforia_externalprovider_VuforiaWebcam_nativePostVuforiaInit()...
07-16 11:04:53.008  3900  4042 D Uvc     : [NativeVuforiaWebcam.cpp:216] ...Java_org_firstinspires_ftc_robotcore_internal_vuforia_externalprovider_VuforiaWebcam_nativePostVuforiaInit()
07-16 11:04:53.008  3900  4042 D UvcVuforiaWebcam: [NativeVuforiaWebcam.h:404] format map: uvc=3 vuforiaWebcam=1
07-16 11:04:53.014  3900  4051 D NetworkSecurityConfig: No Network Security Config specified, using platform default
07-16 11:04:53.065  3900  4042 D Uvc     : [NativeVuforiaWebcam.cpp:58] vuforiaext_getAPIVersion()...
07-16 11:04:53.065  3900  4042 D Uvc     : [NativeVuforiaWebcam.cpp:58] ...vuforiaext_getAPIVersion()
07-16 11:04:53.065  3900  4042 D Uvc     : [NativeVuforiaWebcam.cpp:67] vuforiaext_getLibraryVersion()...
07-16 11:04:53.065  3900  4042 D Uvc     : [NativeVuforiaWebcam.cpp:67] ...vuforiaext_getLibraryVersion()
07-16 11:04:53.065  3900  4042 D Uvc     : [NativeVuforiaWebcam.cpp:111] Vuforia::ExternalProvider::ExternalCamera *vuforiaext_createExternalCamera()...
07-16 11:04:53.065  3900  4042 V Uvc     : API: Vuforia::ExternalProvider::ExternalCamera *vuforiaext_createExternalCamera: enter...
07-16 11:04:53.065  3900  4042 D Uvc     : [VuforiaExternalProviderDelegator.h:64] VuforiaExternalProviderDelegator::VuforiaExternalProviderDelegator()...
07-16 11:04:53.065  3900  4042 D Uvc     : [VuforiaExternalProviderDelegator.h:64] ...VuforiaExternalProviderDelegator::VuforiaExternalProviderDelegator()
07-16 11:04:53.065  3900  4042 V Uvc     : API: Vuforia::ExternalProvider::ExternalCamera *vuforiaext_createExternalCamera: ...exit
07-16 11:04:53.065  3900  4042 D Uvc     : [NativeVuforiaWebcam.cpp:111] ...Vuforia::ExternalProvider::ExternalCamera *vuforiaext_createExternalCamera()
07-16 11:04:53.065  3900  4042 D Uvc     : [NativeVuforiaWebcam.h:289] NativeVuforiaWebcam::open()...
07-16 11:04:53.065  3900  4042 D VuforiaWebcam: nativeCallbackOpen()...
07-16 11:04:53.065  3900  4042 D VuforiaWebcam: openCamera()...
07-16 11:04:53.066  3900  4042 D CameraManager: doOpenCamera()...
07-16 11:04:53.066  3900  4042 D CameraManager: requesting permission for camera: Webcam(90684B40)
07-16 11:04:53.072  3900  4042 D WebcamNameImpl: requesting permission for /dev/bus/usb/003/004
07-16 11:04:53.072  3900  4042 V WebcamNameImpl: asyncRequestUsbPermission()...
07-16 11:04:53.074  3900  4042 D WebcamNameImpl: permission already available for /dev/bus/usb/003/004
07-16 11:04:53.074  3900  4042 V WebcamNameImpl: ...asyncRequestUsbPermission()
07-16 11:04:53.075  3900  4043 D WebcamNameImpl: permission for /dev/bus/usb/003/004=true
07-16 11:04:53.075  3900  4042 D ContinuationSynchronizer: awaiting(camera open)...
07-16 11:04:53.075  3900  4043 D CameraManager: permission granted for camera: Webcam(90684B40)
07-16 11:04:53.075  3900  4043 D CameraManager: asyncOpenCamera(Webcam(90684B40))...
07-16 11:04:53.076  3900  4043 D CameraManager: asyncOpenWebcam(Webcam(90684B40))...
07-16 11:04:53.076  3900  4043 V UsbResiliantWebcam: construct(0x0c9d996d)
07-16 11:04:53.077  3900  4043 D UsbResiliantWebcam: openAssumingPermission()...
07-16 11:04:53.081  3900  4043 D UvcContext: found webcam: usbPath=/dev/bus/usb/003/004 vid=0x46D pid=0x825 serial=90684B40 product=null
07-16 11:04:53.081  3900  4043 D Uvc     : [jni_context.cpp:120] Java_org_firstinspires_ftc_robotcore_internal_camera_libuvc_nativeobject_UvcContext_nativeCreateUvcDevice()...
07-16 11:04:53.081  3900  4043 V Uvc     : API: Java_org_firstinspires_ftc_robotcore_internal_camera_libuvc_nativeobject_UvcContext_nativeCreateUvcDevice: enter...
07-16 11:04:53.083  3900  4043 D libusb  : [120.841562] [00000fcb] libusb: debug [op_create] op_create: szUsbPath=/dev/bus/usb/003/004 szSysfsDir=3-1.4
07-16 11:04:53.083  3900  4043 D libusb  : [120.841787] [00000fcb] libusb: debug [initialize_device] initialize_device(szUsbPath=/dev/bus/usb/003/004 szSysfsDir=3-1.4)
07-16 11:04:53.083  3900  4043 D libusb  : [120.842230] [00000fcb] libusb: debug [initialize_device] initialize_device(szUsbPath=(null) szSysfsDir=3-1)
07-16 11:04:53.084  3900  4043 E libusb  : [120.842473] [00000fcb] libusb: error [initialize_device] unable to open serial number sysfs; error ignored
07-16 11:04:53.084  3900  4043 D libusb  : [120.842658] [00000fcb] libusb: debug [initialize_device] initialize_device(szUsbPath=(null) szSysfsDir=usb3)
07-16 11:04:53.084  3900  4043 D Uvc     : [device.cpp:613] uvc_create_uvc_device()...
07-16 11:04:53.084  3900  4043 D Uvc     : [libuvc/libuvc_internal.h:346] uvc_device::uvc_device()...
07-16 11:04:53.084  3900  4043 D Uvc     : [libuvc/libuvc_internal.h:375] acquired vid=1133 & pid=2085
07-16 11:04:53.084  3900  4043 D Uvc     : [libuvc/libuvc_internal.h:346] ...uvc_device::uvc_device()
07-16 11:04:53.084  3900  4043 D Uvc     : [device.cpp:613] ...uvc_create_uvc_device() rc=0
07-16 11:04:53.084  3900  4043 V Uvc     : API: Java_org_firstinspires_ftc_robotcore_internal_camera_libuvc_nativeobject_UvcContext_nativeCreateUvcDevice: ...exit
07-16 11:04:53.084  3900  4043 D Uvc     : [jni_context.cpp:120] ...Java_org_firstinspires_ftc_robotcore_internal_camera_libuvc_nativeobject_UvcContext_nativeCreateUvcDevice()
07-16 11:04:53.085  3900  4043 V UvcDevice: construct(pointer=0xcd466a68|null)
07-16 11:04:53.086  3900  4043 D Uvc     : [jni_device.cpp:108] Java_org_firstinspires_ftc_robotcore_internal_camera_libuvc_nativeobject_UvcDevice_nativeGetLibUsbDevice()...
07-16 11:04:53.086  3900  4043 D Uvc     : [jni_device.cpp:108] ...Java_org_firstinspires_ftc_robotcore_internal_camera_libuvc_nativeobject_UvcDevice_nativeGetLibUsbDevice()
07-16 11:04:53.086  3900  4043 V LibUsbDevice: construct(pointer=0xc85666c0)
07-16 11:04:53.086  3900  4043 D UvcContext: usb device is *not* UVC compatible, /dev/bus/usb/003/003
07-16 11:04:53.090  3900  4043 D UvcDevice: open()...
07-16 11:04:53.150  3900  4043 D Uvc     : [jni_device.cpp:50] Java_org_firstinspires_ftc_robotcore_internal_camera_libuvc_nativeobject_UvcDevice_nativeSetUsbDeviceInfo()...
07-16 11:04:53.150  3900  4043 D Uvc     : [jni_device.cpp:50] ...Java_org_firstinspires_ftc_robotcore_internal_camera_libuvc_nativeobject_UvcDevice_nativeSetUsbDeviceInfo()
07-16 11:04:53.150  3900  4043 D Uvc     : [jni_device.cpp:233] Java_org_firstinspires_ftc_robotcore_internal_camera_libuvc_nativeobject_UvcDevice_nativeOpenDeviceHandle()...
07-16 11:04:53.150  3900  4043 V Uvc     : API: Java_org_firstinspires_ftc_robotcore_internal_camera_libuvc_nativeobject_UvcDevice_nativeOpenDeviceHandle: enter...
07-16 11:04:53.150  3900  4043 D Uvc     : [device.cpp:279] uvc_open()...
07-16 11:04:53.150  3900  4043 D Uvc     : [libuvc/libuvc_internal.h:356] uvc_device::open()...
07-16 11:04:53.150  3900  4043 D libusb  : [120.908653] [00000fcb] libusb: debug [op_open] op_open: szUsbPath=/dev/bus/usb/003/004
07-16 11:04:53.150  3900  4043 D Uvc     : [libuvc/libuvc_internal.h:356] ...uvc_device::open() rc=0
07-16 11:04:53.150  3900  4043 D Uvc     : [device.cpp:295] calling libusb_reset_device()...
07-16 11:04:54.874  3900  4043 D Uvc     : [device.cpp:303] ...libusb_reset_device() called
07-16 11:04:54.874  3900  4043 D Uvc     : [device.cpp:311] libusb_open() = 0
07-16 11:04:54.874  3900  4043 D Uvc     : [libuvc/libuvc_internal.h:732] uvc_device_handle::uvc_device_handle()...
07-16 11:04:54.874  3900  4043 D Uvc     : [libuvc/libuvc_internal.h:732] ...uvc_device_handle::uvc_device_handle()
07-16 11:04:54.874  3900  4043 D Uvc     : [device.cpp:386] uvc_get_device_info()...
07-16 11:04:54.874  3900  4043 D libusb  : [122.632936] [00000fcb] libusb: debug [op_get_config_descriptor] op_get_config_descriptor: config_index=0
07-16 11:04:54.874  3900  4043 D libusb  : [122.633081] [00000fcb] libusb: debug [op_get_config_descriptor] op_get_config_descriptor: config_index=0
07-16 11:04:54.875  3900  4043 D Uvc     : [device.cpp:986] uvc_scan_control()...
07-16 11:04:54.875  3900  4043 D Uvc     : [device.cpp:1041] uvc_parse_vc_header()...
07-16 11:04:54.875  3900  4043 D Uvc     : [device.cpp:1284] uvc_scan_streaming()...
07-16 11:04:54.875  3900  4043 D Uvc     : [device.cpp:1340] uvc_parse_vs_input_header()...
07-16 11:04:54.875  3900  4043 D Uvc     : [device.cpp:1340] ...uvc_parse_vs_input_header() rc=0
07-16 11:04:54.875  3900  4043 D Uvc     : [device.cpp:1389] uvc_parse_vs_format_uncompressed()...
07-16 11:04:54.875  3900  4043 D Uvc     : [device.cpp:1389] ...uvc_parse_vs_format_uncompressed() rc=0
07-16 11:04:54.876  3900  4043 V Uvc     : [device.cpp:1630] unsupported descriptor subtype: 13 UVC_VS_COLORFORMAT
07-16 11:04:54.876  3900  4043 D Uvc     : [device.cpp:1449] uvc_parse_vs_format_mjpeg()...
07-16 11:04:54.876  3900  4043 D Uvc     : [device.cpp:1449] ...uvc_parse_vs_format_mjpeg() rc=0
07-16 11:04:54.878  3900  4043 V Uvc     : [device.cpp:1630] unsupported descriptor subtype: 13 UVC_VS_COLORFORMAT
07-16 11:04:54.878  3900  4043 D Uvc     : [device.cpp:1284] ...uvc_scan_streaming() rc=0
07-16 11:04:54.878  3900  4043 D Uvc     : [device.cpp:1041] ...uvc_parse_vc_header() rc=0
07-16 11:04:54.878  3900  4043 D Uvc     : [device.cpp:1083] uvc_parse_vc_input_terminal()...
07-16 11:04:54.878  3900  4043 D Uvc     : [device.cpp:1083] ...uvc_parse_vc_input_terminal() rc=0
07-16 11:04:54.878  3900  4043 D Uvc     : [device.cpp:1156] uvc_parse_vc_processing_unit()...
07-16 11:04:54.878  3900  4043 D Uvc     : [device.cpp:1156] ...uvc_parse_vc_processing_unit() rc=0
07-16 11:04:54.879  3900  4043 D Uvc     : [device.cpp:986] ...uvc_scan_control() rc=0
07-16 11:04:54.879  3900  4043 D Uvc     : [device.cpp:386] ...uvc_get_device_info() rc=0
07-16 11:04:54.879  3900  4043 D Uvc     : [device.cpp:326] claiming control interface 0
07-16 11:04:54.879  3900  4043 D Uvc     : [libuvc/libuvc_internal.h:770] uvc_device_handle::claimInterface(idx=0)...
07-16 11:04:54.879  3900  4043 D UvcDevice: claimInterface(0)
07-16 11:04:54.881  3900  4043 D UvcDevice: claimInterface(0) succeeded
07-16 11:04:54.882  3900  4043 D Uvc     : [libuvc/libuvc_internal.h:783] claimInterface(0) succeeded
07-16 11:04:54.882  3900  4043 D Uvc     : [libuvc/libuvc_internal.h:770] ...uvc_device_handle::claimInterface() rc=0
07-16 11:04:54.882  3900  4043 D Uvc     : [device.cpp:279] ...uvc_open() rc=0
07-16 11:04:54.882  3900  4043 V Uvc     : API: Java_org_firstinspires_ftc_robotcore_internal_camera_libuvc_nativeobject_UvcDevice_nativeOpenDeviceHandle: ...exit
07-16 11:04:54.883  3900  4043 D Uvc     : [jni_device.cpp:233] ...Java_org_firstinspires_ftc_robotcore_internal_camera_libuvc_nativeobject_UvcDevice_nativeOpenDeviceHandle()
07-16 11:04:54.884  3900  4043 V UvcDeviceHandle: construct(pointer=0xc8545b70)
07-16 11:04:54.887  3900  4043 V CameraImpl: construct(0x0fc59633)
07-16 11:04:54.889  3900  4043 D UsbResiliantWebcam.InterveningStateCallback: onOpened() camera=CameraImpl(UvcDeviceHandle(pointer=0xc8545b70|UvcDevice(/dev/bus/usb/003/004)))...
07-16 11:04:54.891  3900  4043 D UsbResiliantWebcam: changeDelegatedCamera(null->CameraImpl(UvcDeviceHandle(pointer=0xc8545b70|UvcDevice(/dev/bus/usb/003/004))))...
07-16 11:04:54.891  3900  4043 D UvcApiFocusControl: isModeSupported(Auto)...
07-16 11:04:54.892  3900  4043 D UvcApiFocusControl: ...isModeSupported(Auto): false
07-16 11:04:54.893  3900  4043 D UvcApiFocusControl: isModeSupported(ContinuousAuto)...
07-16 11:04:54.893  3900  4043 D UvcApiFocusControl: ...isModeSupported(ContinuousAuto): false
07-16 11:04:54.893  3900  4043 D UvcApiFocusControl: isModeSupported(Macro)...
07-16 11:04:54.894  3900  4043 D UvcApiFocusControl: ...isModeSupported(Macro): false
07-16 11:04:54.894  3900  4043 D UvcApiFocusControl: isModeSupported(Infinity)...
07-16 11:04:54.894  3900  4043 D UvcApiFocusControl: ...isModeSupported(Infinity): false
07-16 11:04:54.895  3900  4043 D UvcApiFocusControl: isModeSupported(Fixed)...
07-16 11:04:54.895  3900  4043 D UvcApiFocusControl: ...isModeSupported(Fixed): true
07-16 11:04:54.895  3900  4043 D UvcApiFocusControl: isFocusLengthSupported...
07-16 11:04:54.896  3900  4043 D UvcApiFocusControl: ...isFocusLengthSupported: false
07-16 11:04:54.901  3900  4043 D CachingExposureControl: onCameraChanged(null->CameraImpl(UvcDeviceHandle(pointer=0xc8545b70|UvcDevice(/dev/bus/usb/003/004))))...
07-16 11:04:54.902  3900  4043 D UvcApiExposureControl: isModeSupported(Auto)...
07-16 11:04:54.904  3900  4043 D UvcApiExposureControl: ...isModeSupported(Auto): false
07-16 11:04:54.904  3900  4043 D UvcApiExposureControl: isModeSupported(ContinuousAuto)...
07-16 11:04:54.907  3900  4043 D UvcApiExposureControl: ...isModeSupported(ContinuousAuto): false
07-16 11:04:54.907  3900  4043 D UvcApiExposureControl: isModeSupported(Manual)...
07-16 11:04:54.909  3900  4043 D UvcApiExposureControl: ...isModeSupported(Manual): true
07-16 11:04:54.909  3900  4043 D UvcApiExposureControl: isModeSupported(ShutterPriority)...
07-16 11:04:54.912  3900  4043 D UvcApiExposureControl: ...isModeSupported(ShutterPriority): false
07-16 11:04:54.912  3900  4043 D UvcApiExposureControl: isModeSupported(AperturePriority)...
07-16 11:04:54.914  3900  4043 D UvcApiExposureControl: ...isModeSupported(AperturePriority): true
07-16 11:04:54.914  3900  4043 D UvcApiExposureControl: isExposureSupported()...
07-16 11:04:54.914  3900  4043 D UvcApiExposureControl: ...isExposureSupported(): true
07-16 11:04:54.915  3900  4043 D UvcApiExposureControl: getMinExposure(NANOSECONDS)...
07-16 11:04:54.915  3900  4043 D Uvc     : [jni_devicehandle.cpp:645] Java_org_firstinspires_ftc_robotcore_internal_camera_libuvc_nativeobject_UvcDeviceHandle_nativeGetMinExposure()...
07-16 11:04:54.917  3900  4043 D Uvc     : [jni_devicehandle.cpp:645] ...Java_org_firstinspires_ftc_robotcore_internal_camera_libuvc_nativeobject_UvcDeviceHandle_nativeGetMinExposure()
07-16 11:04:54.917  3900  4043 D UvcApiExposureControl: ...getMinExposure(NANOSECONDS): 100000
07-16 11:04:54.918  3900  4043 D UvcApiExposureControl: getMaxExposure(NANOSECONDS)...
07-16 11:04:54.920  3900  4043 D UvcApiExposureControl: ...getMaxExposure(NANOSECONDS): 1000000000
07-16 11:04:54.920  3900  4043 D UvcApiExposureControl: setAePriority()...
07-16 11:04:54.924  3900  4043 D UvcApiExposureControl: ...setAePriority()
07-16 11:04:54.924  3900  4043 D UvcApiExposureControl: getMode()...
07-16 11:04:54.925  3900  4043 D Uvc     : [jni_devicehandle.cpp:493] Java_org_firstinspires_ftc_robotcore_internal_camera_libuvc_nativeobject_UvcDeviceHandle_nativeGetVuforiaExposureMode()...
07-16 11:04:54.926  3900  4043 D Uvc     : [jni_devicehandle.cpp:493] ...Java_org_firstinspires_ftc_robotcore_internal_camera_libuvc_nativeobject_UvcDeviceHandle_nativeGetVuforiaExposureMode()
07-16 11:04:54.927  3900  4043 D UvcApiExposureControl: ...getMode(): AperturePriority
07-16 11:04:54.929  3900  4043 D CachingExposureControl: ...onCameraChanged(null->CameraImpl(UvcDeviceHandle(pointer=0xc8545b70|UvcDevice(/dev/bus/usb/003/004))))
07-16 11:04:54.930  3900  4043 D UvcApiPtzControl: getMinZoom()...
07-16 11:04:54.931  3900  4043 E UvcDeviceHandle: [jni_devicehandle.cpp:219] Failed to get min zoom : error -9
07-16 11:04:54.931  3900  4043 D UvcApiPtzControl: ...getMinZoom(): 0
07-16 11:04:54.932  3900  4043 D UvcApiPtzControl: getMaxZoom()...
07-16 11:04:54.933  3900  4043 E UvcDeviceHandle: [jni_devicehandle.cpp:242] Failed to get max zoom : error -9
07-16 11:04:54.933  3900  4043 D UvcApiPtzControl: ...getMaxZoom(): 0
07-16 11:04:54.934  3900  4043 D UvcApiPtzControl: getMinPanTilt()...
07-16 11:04:54.935  3900  4043 E UvcDeviceHandle: [jni_devicehandle.cpp:365] Failed to get min pan/tilt : error -9
07-16 11:04:54.935  3900  4043 D UvcApiPtzControl: ...getMinPanTilt(): org.firstinspires.ftc.robotcore.external.hardware.camera.controls.PtzControl$PanTiltHolder@a5bacc6
07-16 11:04:54.935  3900  4043 D UvcApiPtzControl: getMaxPanTilt()...
07-16 11:04:54.937  3900  4043 E UvcDeviceHandle: [jni_devicehandle.cpp:333] Failed to get max pan/tilt : error -9
07-16 11:04:54.937  3900  4043 D UvcApiPtzControl: ...getMaxPanTilt(): org.firstinspires.ftc.robotcore.external.hardware.camera.controls.PtzControl$PanTiltHolder@ed11487
07-16 11:04:54.937  3900  4043 D UvcApiPtzControl: getZoom()...
07-16 11:04:54.939  3900  4043 E UvcDeviceHandle: [jni_devicehandle.cpp:196] Failed to get zoom : error -9
07-16 11:04:54.939  3900  4043 D UvcApiPtzControl: ...getZoom(): 0
07-16 11:04:54.939  3900  4043 D UvcApiPtzControl: getPanTilt()...
07-16 11:04:54.941  3900  4043 E UvcDeviceHandle: [jni_devicehandle.cpp:301] Failed to get pan/tilt : error -9
07-16 11:04:54.941  3900  4043 D UvcApiPtzControl: ...getPanTilt(): org.firstinspires.ftc.robotcore.external.hardware.camera.controls.PtzControl$PanTiltHolder@ab10fb4
07-16 11:04:54.941  3900  4043 D UvcApiGainControl: getMinGain()...
07-16 11:04:54.942  3900  4043 D Uvc     : [jni_devicehandle.cpp:894] Java_org_firstinspires_ftc_robotcore_internal_camera_libuvc_nativeobject_UvcDeviceHandle_nativeGetMinGain()...
07-16 11:04:54.943  3900  4043 D Uvc     : [jni_devicehandle.cpp:894] ...Java_org_firstinspires_ftc_robotcore_internal_camera_libuvc_nativeobject_UvcDeviceHandle_nativeGetMinGain()
07-16 11:04:54.944  3900  4043 D UvcApiGainControl: ...getMinGain(): 0
07-16 11:04:54.944  3900  4043 D UvcApiGainControl: getMaxGain()...
07-16 11:04:54.944  3900  4043 D Uvc     : [jni_devicehandle.cpp:917] Java_org_firstinspires_ftc_robotcore_internal_camera_libuvc_nativeobject_UvcDeviceHandle_nativeGetMaxGain()...
07-16 11:04:54.946  3900  4043 D Uvc     : [jni_devicehandle.cpp:917] ...Java_org_firstinspires_ftc_robotcore_internal_camera_libuvc_nativeobject_UvcDeviceHandle_nativeGetMaxGain()
07-16 11:04:54.947  3900  4043 D UvcApiGainControl: ...getMaxGain(): 255
07-16 11:04:54.947  3900  4043 D UvcApiGainControl: getGain()...
07-16 11:04:54.947  3900  4043 D Uvc     : [jni_devicehandle.cpp:940] Java_org_firstinspires_ftc_robotcore_internal_camera_libuvc_nativeobject_UvcDeviceHandle_nativeGetGain()...
07-16 11:04:54.949  3900  4043 D Uvc     : [jni_devicehandle.cpp:940] ...Java_org_firstinspires_ftc_robotcore_internal_camera_libuvc_nativeobject_UvcDeviceHandle_nativeGetGain()
07-16 11:04:54.950  3900  4043 D UvcApiGainControl: ...getGain(): 131
07-16 11:04:54.950  3900  4043 D UvcApiWhiteBalanceControl: getMinWhiteBalanceTemperature()...
07-16 11:04:54.950  3900  4043 D Uvc     : [jni_devicehandle.cpp:726] Java_org_firstinspires_ftc_robotcore_internal_camera_libuvc_nativeobject_UvcDeviceHandle_nativeGetMinWhiteBalanceTemperature()...
07-16 11:04:54.953  3900  4043 D Uvc     : [jni_devicehandle.cpp:726] ...Java_org_firstinspires_ftc_robotcore_internal_camera_libuvc_nativeobject_UvcDeviceHandle_nativeGetMinWhiteBalanceTemperature()
07-16 11:04:54.953  3900  4043 D UvcApiWhiteBalanceControl: ...getMinWhiteBalanceTemperature(): 0
07-16 11:04:54.953  3900  4043 D UvcApiWhiteBalanceControl: getMaxWhiteBalanceTemperature()...
07-16 11:04:54.953  3900  4043 D Uvc     : [jni_devicehandle.cpp:748] Java_org_firstinspires_ftc_robotcore_internal_camera_libuvc_nativeobject_UvcDeviceHandle_nativeGetMaxWhiteBalanceTemperature()...
07-16 11:04:54.956  3900  4043 D Uvc     : [jni_devicehandle.cpp:748] ...Java_org_firstinspires_ftc_robotcore_internal_camera_libuvc_nativeobject_UvcDeviceHandle_nativeGetMaxWhiteBalanceTemperature()
07-16 11:04:54.956  3900  4043 D UvcApiWhiteBalanceControl: ...getMaxWhiteBalanceTemperature(): 10000
07-16 11:04:54.956  3900  4043 D UvcApiWhiteBalanceControl: getWhiteBalanceTemperature()...
07-16 11:04:54.957  3900  4043 D Uvc     : [jni_devicehandle.cpp:793] Java_org_firstinspires_ftc_robotcore_internal_camera_libuvc_nativeobject_UvcDeviceHandle_nativeGetWhiteBalanceTemperature()...
07-16 11:04:54.959  3900  4043 D Uvc     : [jni_devicehandle.cpp:793] ...Java_org_firstinspires_ftc_robotcore_internal_camera_libuvc_nativeobject_UvcDeviceHandle_nativeGetWhiteBalanceTemperature()
07-16 11:04:54.959  3900  4043 D UvcApiWhiteBalanceControl: ...getWhiteBalanceTemperature(): 6920
07-16 11:04:54.960  3900  4043 D UsbResiliantWebcam: ...changeDelegatedCamera(null->CameraImpl(UvcDeviceHandle(pointer=0xc8545b70|UvcDevice(/dev/bus/usb/003/004))))
07-16 11:04:54.960  3900  4043 D UsbResiliantWebcam: openSelfAndReport()...
07-16 11:04:54.960  3900  4043 V CameraImpl: construct(0x0964b7dd)
07-16 11:04:54.962  3900  4043 D UsbResiliantWebcam: ...openSelfAndReport()
07-16 11:04:54.963  3900  4043 D UsbResiliantWebcam.InterveningStateCallback: ...onOpened() camera=CameraImpl(UvcDeviceHandle(pointer=0xc8545b70|UvcDevice(/dev/bus/usb/003/004)))
07-16 11:04:54.963  3900  4043 D UvcDevice: ...open()
07-16 11:04:54.963  3900  4043 D UsbResiliantWebcam: ...openAssumingPermission()
07-16 11:04:54.963  3900  4069 D CameraManager: camera reports opened: CameraImpl(UsbResiliantWebcam(Webcam(90684B40)))
07-16 11:04:54.963  3900  4043 D CameraManager: ...asyncOpenWebcam(Webcam(90684B40))
07-16 11:04:54.963  3900  4043 D CameraManager: ...asyncOpenCamera(Webcam(90684B40))
07-16 11:04:54.964  3900  4069 D ContinuationSynchronizer: finish("camera reports opened: Webcam(90684B40)": CameraImpl(UsbResiliantWebcam(Webcam(90684B40))))...
07-16 11:04:54.964  3900  4042 D ContinuationSynchronizer: ...awaiting(camera open)
07-16 11:04:54.965  3900  4042 D CameraManager: ...doOpenCamera()
07-16 11:04:54.965  3900  4069 D ContinuationSynchronizer: ...finish("camera reports opened: Webcam(90684B40)": CameraImpl(UsbResiliantWebcam(Webcam(90684B40))))
07-16 11:04:54.971  3900  4042 D UvcContext: found webcam: usbPath=/dev/bus/usb/003/004 vid=0x46D pid=0x825 serial=90684B40 product=null
07-16 11:04:54.971  3900  4042 D Uvc     : [jni_context.cpp:120] Java_org_firstinspires_ftc_robotcore_internal_camera_libuvc_nativeobject_UvcContext_nativeCreateUvcDevice()...
07-16 11:04:54.971  3900  4042 V Uvc     : API: Java_org_firstinspires_ftc_robotcore_internal_camera_libuvc_nativeobject_UvcContext_nativeCreateUvcDevice: enter...
07-16 11:04:54.973  3900  4042 D libusb  : [122.731636] [00000fca] libusb: debug [op_create] op_create: szUsbPath=/dev/bus/usb/003/004 szSysfsDir=3-1.4
07-16 11:04:54.973  3900  4042 D Uvc     : [device.cpp:613] uvc_create_uvc_device()...
07-16 11:04:54.973  3900  4042 D Uvc     : [libuvc/libuvc_internal.h:346] uvc_device::uvc_device()...
07-16 11:04:54.973  3900  4042 D Uvc     : [libuvc/libuvc_internal.h:375] acquired vid=1133 & pid=2085
07-16 11:04:54.973  3900  4042 D Uvc     : [libuvc/libuvc_internal.h:346] ...uvc_device::uvc_device()
07-16 11:04:54.973  3900  4042 D Uvc     : [device.cpp:613] ...uvc_create_uvc_device() rc=0
07-16 11:04:54.973  3900  4042 V Uvc     : API: Java_org_firstinspires_ftc_robotcore_internal_camera_libuvc_nativeobject_UvcContext_nativeCreateUvcDevice: ...exit
07-16 11:04:54.973  3900  4042 D Uvc     : [jni_context.cpp:120] ...Java_org_firstinspires_ftc_robotcore_internal_camera_libuvc_nativeobject_UvcContext_nativeCreateUvcDevice()
07-16 11:04:54.974  3900  4042 V UvcDevice: construct(pointer=0xcd466db0|null)
07-16 11:04:54.974  3900  4042 D Uvc     : [jni_device.cpp:108] Java_org_firstinspires_ftc_robotcore_internal_camera_libuvc_nativeobject_UvcDevice_nativeGetLibUsbDevice()...
07-16 11:04:54.974  3900  4042 D Uvc     : [jni_device.cpp:108] ...Java_org_firstinspires_ftc_robotcore_internal_camera_libuvc_nativeobject_UvcDevice_nativeGetLibUsbDevice()
07-16 11:04:54.975  3900  4042 V LibUsbDevice: construct(pointer=0xc85666c0)
07-16 11:04:54.975  3900  4042 D UvcContext: usb device is *not* UVC compatible, /dev/bus/usb/003/003
07-16 11:04:54.976  3900  4042 V UvcApiCameraCharacteristicsBuilder: construct(0x08a07223)
07-16 11:04:54.977  3900  4042 D Uvc     : [jni_device.cpp:289] Java_org_firstinspires_ftc_robotcore_internal_camera_libuvc_nativeobject_UvcDevice_nativeGetDeviceInfo()...
07-16 11:04:54.977  3900  4042 V Uvc     : API: Java_org_firstinspires_ftc_robotcore_internal_camera_libuvc_nativeobject_UvcDevice_nativeGetDeviceInfo: enter...
07-16 11:04:54.977  3900  4042 D Uvc     : [device.cpp:386] uvc_get_device_info()...
07-16 11:04:54.977  3900  4042 D libusb  : [122.735926] [00000fca] libusb: debug [op_get_config_descriptor] op_get_config_descriptor: config_index=0
07-16 11:04:54.977  3900  4042 D libusb  : [122.736012] [00000fca] libusb: debug [op_get_config_descriptor] op_get_config_descriptor: config_index=0
07-16 11:04:54.977  3900  4042 D Uvc     : [device.cpp:986] uvc_scan_control()...
07-16 11:04:54.977  3900  4042 D Uvc     : [device.cpp:1041] uvc_parse_vc_header()...
07-16 11:04:54.978  3900  4042 D Uvc     : [device.cpp:1284] uvc_scan_streaming()...
07-16 11:04:54.978  3900  4042 D Uvc     : [device.cpp:1340] uvc_parse_vs_input_header()...
07-16 11:04:54.978  3900  4042 D Uvc     : [device.cpp:1340] ...uvc_parse_vs_input_header() rc=0
07-16 11:04:54.978  3900  4042 D Uvc     : [device.cpp:1389] uvc_parse_vs_format_uncompressed()...
07-16 11:04:54.978  3900  4042 D Uvc     : [device.cpp:1389] ...uvc_parse_vs_format_uncompressed() rc=0
07-16 11:04:54.979  3900  4042 V Uvc     : [device.cpp:1630] unsupported descriptor subtype: 13 UVC_VS_COLORFORMAT
07-16 11:04:54.979  3900  4042 D Uvc     : [device.cpp:1449] uvc_parse_vs_format_mjpeg()...
07-16 11:04:54.979  3900  4042 D Uvc     : [device.cpp:1449] ...uvc_parse_vs_format_mjpeg() rc=0
07-16 11:04:54.979  3900  4042 V Uvc     : [device.cpp:1630] unsupported descriptor subtype: 13 UVC_VS_COLORFORMAT
07-16 11:04:54.979  3900  4042 D Uvc     : [device.cpp:1284] ...uvc_scan_streaming() rc=0
07-16 11:04:54.979  3900  4042 D Uvc     : [device.cpp:1041] ...uvc_parse_vc_header() rc=0
07-16 11:04:54.979  3900  4042 D Uvc     : [device.cpp:1083] uvc_parse_vc_input_terminal()...
07-16 11:04:54.980  3900  4042 D Uvc     : [device.cpp:1083] ...uvc_parse_vc_input_terminal() rc=0
07-16 11:04:54.980  3900  4042 D Uvc     : [device.cpp:1156] uvc_parse_vc_processing_unit()...
07-16 11:04:54.980  3900  4042 D Uvc     : [device.cpp:1156] ...uvc_parse_vc_processing_unit() rc=0
07-16 11:04:54.980  3900  4042 D Uvc     : [device.cpp:986] ...uvc_scan_control() rc=0
07-16 11:04:54.980  3900  4042 D Uvc     : [device.cpp:386] ...uvc_get_device_info() rc=0
07-16 11:04:54.980  3900  4042 V Uvc     : API: Java_org_firstinspires_ftc_robotcore_internal_camera_libuvc_nativeobject_UvcDevice_nativeGetDeviceInfo: ...exit
07-16 11:04:54.980  3900  4042 D Uvc     : [jni_device.cpp:289] ...Java_org_firstinspires_ftc_robotcore_internal_camera_libuvc_nativeobject_UvcDevice_nativeGetDeviceInfo()
07-16 11:04:54.980  3900  4042 V UvcDeviceInfo: construct(pointer=0xc347dbd0)
07-16 11:04:54.981  3900  4042 V UvcStreamingInterface: construct(pointer=0xc28fd8e0)
07-16 11:04:55.077  3900  4042 V UvcStreamingInterface: destroy(pointer=0xc28fd8e0)
07-16 11:04:55.077  3900  4042 V UvcDeviceInfo: destroy(pointer=0xc347dbd0)
07-16 11:04:55.077  3900  4042 D Uvc     : [jni_deviceinfo.cpp:63] Java_org_firstinspires_ftc_robotcore_internal_camera_libuvc_nativeobject_UvcDeviceInfo_nativeFreeDeviceInfo()...
07-16 11:04:55.077  3900  4042 V Uvc     : API: Java_org_firstinspires_ftc_robotcore_internal_camera_libuvc_nativeobject_UvcDeviceInfo_nativeFreeDeviceInfo: enter...
07-16 11:04:55.077  3900  4042 D Uvc     : [device.cpp:433] uvc_free_device_info()...
07-16 11:04:55.077  3900  4042 D Uvc     : [device.cpp:433] ...uvc_free_device_info()
07-16 11:04:55.077  3900  4042 V Uvc     : API: Java_org_firstinspires_ftc_robotcore_internal_camera_libuvc_nativeobject_UvcDeviceInfo_nativeFreeDeviceInfo: ...exit
07-16 11:04:55.077  3900  4042 D Uvc     : [jni_deviceinfo.cpp:63] ...Java_org_firstinspires_ftc_robotcore_internal_camera_libuvc_nativeobject_UvcDeviceInfo_nativeFreeDeviceInfo()
07-16 11:04:55.077  3900  4042 V UvcApiCameraCharacteristicsBuilder: destroy(hash=0x08a07223)
07-16 11:04:55.078  3900  4042 V UvcDevice: destroy(pointer=0xcd466db0|/dev/bus/usb/003/004)
07-16 11:04:55.078  3900  4042 D Uvc     : [jni_device.cpp:126] Java_org_firstinspires_ftc_robotcore_internal_camera_libuvc_nativeobject_UvcDevice_nativeReleaseRefDevice()...
07-16 11:04:55.078  3900  4042 V Uvc     : API: Java_org_firstinspires_ftc_robotcore_internal_camera_libuvc_nativeobject_UvcDevice_nativeReleaseRefDevice: enter...
07-16 11:04:55.078  3900  4042 D Uvc     : [device.cpp:882] uvc_unref_device()...
07-16 11:04:55.078  3900  4042 D Uvc     : [device.cpp:882] ...uvc_unref_device()
07-16 11:04:55.078  3900  4042 V Uvc     : API: Java_org_firstinspires_ftc_robotcore_internal_camera_libuvc_nativeobject_UvcDevice_nativeReleaseRefDevice: ...exit
07-16 11:04:55.078  3900  4042 D Uvc     : [jni_device.cpp:126] ...Java_org_firstinspires_ftc_robotcore_internal_camera_libuvc_nativeobject_UvcDevice_nativeReleaseRefDevice()
07-16 11:04:55.079  3900  4042 V LibUsbDevice: destroy(pointer=0xc85666c0)
07-16 11:04:55.079  3900  4042 D Uvc     : [jni_libusb_device.cpp:64] Java_org_firstinspires_ftc_robotcore_internal_camera_libuvc_nativeobject_LibUsbDevice_nativeReleaseRefDevice()...
07-16 11:04:55.079  3900  4042 D Uvc     : [jni_libusb_device.cpp:64] ...Java_org_firstinspires_ftc_robotcore_internal_camera_libuvc_nativeobject_LibUsbDevice_nativeReleaseRefDevice()
07-16 11:04:55.082  3900  4042 D CameraCalibrationManager: CameraCalibration(VendorProductCalibrationIdentity(vid=0x046d,pid=0x0825) 960x720 f=1233.476,1233.476)
07-16 11:04:55.083  3900  4042 D CameraCalibrationManager: CameraCalibration(VendorProductCalibrationIdentity(vid=0x046d,pid=0x0825) 640x360)=null
07-16 11:04:55.084  3900  4042 D CameraCalibrationManager: CameraCalibration(VendorProductCalibrationIdentity(vid=0x046d,pid=0x0825) 1184x656)=null
07-16 11:04:55.085  3900  4042 D CameraCalibrationManager: CameraCalibration(VendorProductCalibrationIdentity(vid=0x046d,pid=0x0825) 640x480 f=822.317,822.317)
07-16 11:04:55.086  3900  4042 D CameraCalibrationManager: CameraCalibration(VendorProductCalibrationIdentity(vid=0x046d,pid=0x0825) 320x176)=null
07-16 11:04:55.086  3900  4042 D CameraCalibrationManager: CameraCalibration(VendorProductCalibrationIdentity(vid=0x046d,pid=0x0825) 800x448)=null
07-16 11:04:55.087  3900  4042 D CameraCalibrationManager: CameraCalibration(VendorProductCalibrationIdentity(vid=0x046d,pid=0x0825) 352x288)=null
07-16 11:04:55.088  3900  4042 D CameraCalibrationManager: CameraCalibration(VendorProductCalibrationIdentity(vid=0x046d,pid=0x0825) 432x240)=null
07-16 11:04:55.089  3900  4042 D CameraCalibrationManager: CameraCalibration(VendorProductCalibrationIdentity(vid=0x046d,pid=0x0825) 544x288)=null
07-16 11:04:55.089  3900  4042 D CameraCalibrationManager: CameraCalibration(VendorProductCalibrationIdentity(vid=0x046d,pid=0x0825) 960x544)=null
07-16 11:04:55.090  3900  4042 D CameraCalibrationManager: CameraCalibration(VendorProductCalibrationIdentity(vid=0x046d,pid=0x0825) 864x480)=null
07-16 11:04:55.090  3900  4042 D CameraCalibrationManager: CameraCalibration(VendorProductCalibrationIdentity(vid=0x046d,pid=0x0825) 1280x720)=null
07-16 11:04:55.091  3900  4042 D CameraCalibrationManager: CameraCalibration(VendorProductCalibrationIdentity(vid=0x046d,pid=0x0825) 320x240 f=411.159,411.159)
07-16 11:04:55.092  3900  4042 D CameraCalibrationManager: CameraCalibration(VendorProductCalibrationIdentity(vid=0x046d,pid=0x0825) 160x120 f=205.579,205.579)
07-16 11:04:55.093  3900  4042 D CameraCalibrationManager: CameraCalibration(VendorProductCalibrationIdentity(vid=0x046d,pid=0x0825) 800x600 f=1027.896,1027.896)
07-16 11:04:55.094  3900  4042 D CameraCalibrationManager: CameraCalibration(VendorProductCalibrationIdentity(vid=0x046d,pid=0x0825) 1024x576)=null
07-16 11:04:55.094  3900  4042 D CameraCalibrationManager: CameraCalibration(VendorProductCalibrationIdentity(vid=0x046d,pid=0x0825) 176x144)=null
07-16 11:04:55.095  3900  4042 D CameraCalibrationManager: CameraCalibration(VendorProductCalibrationIdentity(vid=0x046d,pid=0x0825) 752x416)=null
07-16 11:04:55.096  3900  4042 D CameraCalibrationManager: CameraCalibration(VendorProductCalibrationIdentity(vid=0x046d,pid=0x0825) 1280x960 f=1644.634,1644.634)
07-16 11:04:55.096  3900  4042 D VuforiaWebcam: ...openCamera()
07-16 11:04:55.096  3900  4042 D VuforiaWebcam: ...nativeCallbackOpen()
07-16 11:04:55.096  3900  4042 D Uvc     : [NativeVuforiaWebcam.h:289] ...NativeVuforiaWebcam::open()
07-16 11:04:55.097  3900  4042 D CachingExposureControl: isModeSupported(Auto)...
07-16 11:04:55.097  3900  4042 D CachingExposureControl: ...isModeSupported(Auto): false
07-16 11:04:55.097  3900  4042 D CachingExposureControl: isModeSupported(AperturePriority)...
07-16 11:04:55.097  3900  4042 D CachingExposureControl: ...isModeSupported(AperturePriority): true
07-16 11:04:55.097  3900  4042 D CachingExposureControl: isModeSupported(ContinuousAuto)...
07-16 11:04:55.098  3900  4042 D CachingExposureControl: ...isModeSupported(ContinuousAuto): false
07-16 11:04:55.098  3900  4042 D CachingExposureControl: isModeSupported(Manual)...
07-16 11:04:55.098  3900  4042 D CachingExposureControl: ...isModeSupported(Manual): true
07-16 11:04:55.099  3900  4042 D CachingExposureControl: isModeSupported(ShutterPriority)...
07-16 11:04:55.099  3900  4042 D CachingExposureControl: ...isModeSupported(ShutterPriority): false
07-16 11:04:55.099  3900  4042 D Uvc     : [NativeVuforiaWebcam.h:515] NativeVuforiaWebcam::supportsExposureValue()...
07-16 11:04:55.099  3900  4042 D Uvc     : [NativeVuforiaWebcam.h:515] ...NativeVuforiaWebcam::supportsExposureValue()
07-16 11:04:55.100  3900  4042 D Uvc     : [NativeVuforiaWebcam.h:579] NativeVuforiaWebcam::supportsFocusValue()...
07-16 11:04:55.100  3900  4042 D Uvc     : [NativeVuforiaWebcam.h:579] ...NativeVuforiaWebcam::supportsFocusValue()
07-16 11:04:55.103  3900  4042 I AR      : ObjectTracker: This device doesn't support model targets extended tracking, extended tracking will be turned off
07-16 11:04:55.109  3900  4042 D Uvc     : [NativeVuforiaWebcam.h:322] NativeVuforiaWebcam::start()...
07-16 11:04:55.110  3900  4042 D VuforiaWebcam: nativeCallbackStart()...
07-16 11:04:55.110  3900  4042 V CameraCallback: construct(pointer=0xc859d988)
07-16 11:04:55.110  3900  4042 D VuforiaWebcam: start(CameraMode(format=YUYV:1 w=640 h=480 fps=30))...
07-16 11:04:55.111  3900  4042 D UsbResiliantWebcam: createCaptureSession()...
07-16 11:04:55.111  3900  4042 V DelCaptureSession: construct(0x09297320)
07-16 11:04:55.113  3900  4070 D VuforiaWebcam: capture session DelegatingCaptureSession(1) reports configured
07-16 11:04:55.113  3900  4042 D UsbResiliantWebcam|DelCaptureSession: onCameraChange(null->CameraImpl(UvcDeviceHandle(pointer=0xc8545b70|UvcDevice(/dev/bus/usb/003/004))))...
07-16 11:04:55.113  3900  4042 D UsbResiliantWebcam|DelCaptureSession: ...onCameraChange(null->CameraImpl(UvcDeviceHandle(pointer=0xc8545b70|UvcDevice(/dev/bus/usb/003/004))))
07-16 11:04:55.114  3900  4042 D CachingExposureControl: onCameraChanged(CameraImpl(UvcDeviceHandle(pointer=0xc8545b70|UvcDevice(/dev/bus/usb/003/004)))->CameraImpl(UvcDeviceHandle(pointer=0xc8545b70|UvcDevice(/dev/bus/usb/003/004))))...
07-16 11:04:55.114  3900  4042 D CachingExposureControl: ...onCameraChanged(CameraImpl(UvcDeviceHandle(pointer=0xc8545b70|UvcDevice(/dev/bus/usb/003/004)))->CameraImpl(UvcDeviceHandle(pointer=0xc8545b70|UvcDevice(/dev/bus/usb/003/004))))
07-16 11:04:55.114  3900  4042 D UsbResiliantWebcam: ...createCaptureSession()
07-16 11:04:55.115  3900  4042 D ContinuationSynchronizer: awaiting(camera start)...
07-16 11:04:55.115  3900  4070 D CameraCalibrationManager: CameraCalibration(VendorProductCalibrationIdentity(vid=0x046d,pid=0x0825) 640x480 f=822.317,822.317)
07-16 11:04:55.116  3900  4070 D CameraCalibrationManager: getCameraCalibration(): CameraCalibration(VendorProductCalibrationIdentity(vid=0x046d,pid=0x0825) 640x480 f=822.317,822.317)
07-16 11:04:55.116  3900  4070 D UsbResiliantWebcam|DelCaptureSession: startCapture()...
07-16 11:04:55.117  3900  4070 V DelCaptureSequence: construct(0x0f5d8e9e)
07-16 11:04:55.117  3900  4070 D UsbResiliantWebcam|DelCaptureSequence: onCameraChange(null->CameraImpl(UvcDeviceHandle(pointer=0xc8545b70|UvcDevice(/dev/bus/usb/003/004))))...
07-16 11:04:55.117  3900  4070 D UsbResiliantWebcam|DelCaptureSequence: pauseStreaming(Stopped)...
07-16 11:04:55.118  3900  4070 D UsbResiliantWebcam|DelCaptureSequence: ...pauseStreaming(Stopped)
07-16 11:04:55.118  3900  4070 D UsbResiliantWebcam|DelCaptureSequence: resumeStreaming(Stopped)...
07-16 11:04:55.118  3900  4070 D UsbResiliantWebcam|DelCaptureSequence: ...resumeStreaming(Stopped)
07-16 11:04:55.118  3900  4070 D UsbResiliantWebcam|DelCaptureSequence: ...onCameraChange(null->CameraImpl(UvcDeviceHandle(pointer=0xc8545b70|UvcDevice(/dev/bus/usb/003/004))))
07-16 11:04:55.118  3900  4070 D UsbResiliantWebcam|DelCaptureSequence: startStreaming(Stopped)...
07-16 11:04:55.118  3900  4070 D UsbResiliantWebcam|DelCaptureSequence: doStreaming()...
07-16 11:04:55.119  3900  4070 V UvcApiCaptureSession: construct(0x087e0d7f)
07-16 11:04:55.120  3900  4069 D UsbResiliantWebcam|DelCaptureSession: camera session is configured: Webcam(90684B40)
07-16 11:04:55.121  3900  4070 V UvcApiCameraCaptureSequence: construct(0x0502a14c)
07-16 11:04:55.121  3900  4070 D UvcDeviceHandle: getStreamControl(640x480 30)...
07-16 11:04:55.122  3900  4070 V UvcStreamCtrl: construct(0x0c0c0595)
07-16 11:04:55.122  3900  4070 D Uvc     : [jni_devicehandle.cpp:115] Java_org_firstinspires_ftc_robotcore_internal_camera_libuvc_nativeobject_UvcDeviceHandle_nativeGetStreamControlFormatSize()...
07-16 11:04:55.122  3900  4070 V Uvc     : API: Java_org_firstinspires_ftc_robotcore_internal_camera_libuvc_nativeobject_UvcDeviceHandle_nativeGetStreamControlFormatSize: enter...
07-16 11:04:55.122  3900  4070 D Uvc     : [stream.cpp:373] uvc_get_stream_ctrl_format_size()...
07-16 11:04:55.122  3900  4070 D Uvc     : [libuvc/libuvc_internal.h:770] uvc_device_handle::claimInterface(idx=1)...
07-16 11:04:55.123  3900  4070 D UvcDevice: claimInterface(1)
07-16 11:04:55.123  3900  4070 D UvcDevice: claimInterface(1) succeeded
